ASxxxx Linker V03.00 + NoICE + sdld,  page 1.
Hexadecimal  [32-Bits]

Area                                    Addr        Size        Decimal Bytes (Attributes)
--------------------------------        ----        ----        ------- ----- ------------
.  .ABS.                            00000000    00000000 =           0. bytes (ABS,CON)

      Value  Global                              Global Defined In Module
      -----  --------------------------------   ------------------------
     00000000  .__.ABS.                           
     00000000  l__BSEG                         
     00000000  l__BSS                          
     00000000  l__CABS                         
     00000000  l__DABS                         
     00000000  l__HEADER                       
     00000000  l__HEAP                         
     00000000  l__HOME                         
     00000000  s__CABS                         
     00000000  s__CABS0                        
     00000000  s__CABS1                        
     00000000  s__CABS2                        
     00000000  s__CABS3                        
     00000000  s__CABS4                        
     00000000  s__DABS                         
     00000000  s__HEADER                       
     00000000  s__HEADER0                      
     00000000  s__HEADER1                      
     00000000  s__HEADER2                      
     00000000  s__HEADER3                      
     00000000  s__HEADER4                      
     00000000  s__HEADER5                      
     00000001  l__GSFINAL                      
     00000003  l__HEADER3                      
     00000003  l__HEADER4                      
     00000006  l__HEADER0                      
     00000009  l__HEADER1                      
     0000000A  l__HEADER2                      
     0000000C  l__INITIALIZED                  
     0000000C  l__INITIALIZER                  
     0000000E  l__CABS1                        
     0000000F  l__CABS2                        
     0000000F  l__GSINIT                       
     00000010  l__CABS0                        
     00000010  l__CABS4                        
     00000028  l__CABS3                        
     0000012A  l__HEADER5                      
     00000196  l__DATA                         
     00000200  s__CODE                         
     000033EF  l__CODE                         
     000035EF  s__HOME                         
     000035EF  s__INITIALIZER                  
     000035FB  s__GSINIT                       
     0000360A  s__GSFINAL                      
     00008000  _SMS_SRAM                          SMSlib_PSGaiden
     0000C000  s__DATA                         
     0000C196  s__INITIALIZED                  
     0000C1A2  s__BSEG                         
     0000C1A2  s__BSS                          
     0000C1A2  s__HEAP                         
ASxxxx Linker V03.00 + NoICE + sdld,  page 2.
Hexadecimal  [32-Bits]

Area                                    Addr        Size        Decimal Bytes (Attributes)
--------------------------------        ----        ----        ------- ----- ------------
.  .ABS.                            00000000    00000000 =           0. bytes (ABS,CON)

      Value  Global                              Global Defined In Module
      -----  --------------------------------   ------------------------
     0000FFFC  _SRAM_bank_to_be_mapped_on_slot2   SMSlib_PSGaiden
     0000FFFF  _ROM_bank_to_be_mapped_on_slot2    SMSlib_PSGaiden

ASxxxx Linker V03.00 + NoICE + sdld,  page 3.
Hexadecimal  [32-Bits]

Area                                    Addr        Size        Decimal Bytes (Attributes)
--------------------------------        ----        ----        ------- ----- ------------
_CODE                               00000200    000033EF =       13295. bytes (REL,CON)

      Value  Global                              Global Defined In Module
      -----  --------------------------------   ------------------------
     00000200  __clock                            crt0
     00000204  _exit                              crt0
     0000020A  _main                              main
     000002AA  _PSGStop                           PSGlib
     000002D1  _PSGResume                         PSGlib
     0000031D  _PSGPlay                           PSGlib
     0000034A  _PSGCancelLoop                     PSGlib
     00000350  _PSGPlayNoRepeat                   PSGlib
     0000035F  _PSGGetStatus                      PSGlib
     00000367  _PSGSilenceChannels                PSGlib
     00000378  _PSGRestoreVolumes                 PSGlib
     00000449  _PSGSetMusicVolumeAttenuation      PSGlib
     0000050E  _PSGSFXStop                        PSGlib
     000005C7  _PSGSFXPlay                        PSGlib
     00000614  _PSGSFXCancelLoop                  PSGlib
     0000061A  _PSGSFXGetStatus                   PSGlib
     00000622  _PSGSFXPlayLoop                    PSGlib
     0000063C  _PSGFrame                          PSGlib
     00000755  _PSGSFXFrame                       PSGlib
     000007DB  _devkit_SMS_init                   _sms_manager
     000007DE  _devkit_SMS_displayOn              _sms_manager
     000007E4  _devkit_SMS_displayOff             _sms_manager
     000007EA  _devkit_SMS_mapROMBank             _sms_manager
     000007F3  _devkit_SMS_setSpriteMode          _sms_manager
     000007FF  _devkit_SMS_useFirstHalfTilesfor   _sms_manager
     00000804  _devkit_SMS_useFirstHalfTilesfor   _sms_manager
     00000809  _devkit_SMS_VDPturnOnFeature       _sms_manager
     00000810  _devkit_SMS_loadPSGaidencompress   _sms_manager
     00000826  _devkit_SMS_loadSTMcompressedTil   _sms_manager
     00000847  _devkit_SMS_loadBGPalette          _sms_manager
     0000084E  _devkit_SMS_loadSpritePalette      _sms_manager
     00000855  _devkit_SMS_setSpritePaletteColo   _sms_manager
     0000087D  _devkit_SMS_setNextTileatXY        _sms_manager
     000008A6  _devkit_SMS_setTile                _sms_manager
     000008B4  _devkit_SMS_addSprite              _sms_manager
     000008CF  _devkit_SMS_addSprite_bulk8        _sms_manager
     00000996  _devkit_SMS_addSprite_bulk12       _sms_manager
     00000ABA  _devkit_SMS_initSprites            _sms_manager
     00000ABD  _devkit_SMS_finalizeSprites        _sms_manager
     00000AC0  _devkit_SMS_waitForVBlank          _sms_manager
     00000AC3  _devkit_SMS_copySpritestoSAT       _sms_manager
     00000AC6  _devkit_UNSAFE_SMS_copySpritesto   _sms_manager
     00000AC9  _devkit_SMS_queryPauseRequested    _sms_manager
     00000ACC  _devkit_SMS_resetPauseRequest      _sms_manager
     00000ACF  _devkit_SMS_getKeysStatus          _sms_manager
     00000AD2  _devkit_PORT_A_KEY_UP              _sms_manager
     00000AD6  _devkit_PORT_A_KEY_DOWN            _sms_manager
     00000ADA  _devkit_PORT_A_KEY_LEFT            _sms_manager
     00000ADE  _devkit_PORT_A_KEY_RIGHT           _sms_manager
     00000AE2  _devkit_PORT_A_KEY_1               _sms_manager
ASxxxx Linker V03.00 + NoICE + sdld,  page 4.
Hexadecimal  [32-Bits]

Area                                    Addr        Size        Decimal Bytes (Attributes)
--------------------------------        ----        ----        ------- ----- ------------
_CODE                               00000200    000033EF =       13295. bytes (REL,CON)

      Value  Global                              Global Defined In Module
      -----  --------------------------------   ------------------------
     00000AE6  _devkit_PORT_A_KEY_2               _sms_manager
     00000AEA  _devkit_SPRITEMODE_NORMAL          _sms_manager
     00000AED  _devkit_VDPFEATURE_HIDEFIRSTCOL    _sms_manager
     00000B36  _devkit_PSGPlay                    _snd_manager
     00000B40  _devkit_PSGCancelLoop              _snd_manager
     00000B43  _devkit_PSGPlayNoRepeat            _snd_manager
     00000B4D  _devkit_PSGStop                    _snd_manager
     00000B50  _devkit_PSGResume                  _snd_manager
     00000B53  _devkit_PSGGetStatus               _snd_manager
     00000B56  _devkit_PSGSetMusicVolumeAttenua   _snd_manager
     00000B62  _devkit_PSGSFXPlay                 _snd_manager
     00000B77  _devkit_PSGSFXPlayLoop             _snd_manager
     00000B8C  _devkit_PSGSFXCancelLoop           _snd_manager
     00000B8F  _devkit_PSGSFXStop                 _snd_manager
     00000B92  _devkit_PSGSFXGetStatus            _snd_manager
     00000B95  _devkit_PSGSilenceChannels         _snd_manager
     00000B98  _devkit_PSGRestoreVolumes          _snd_manager
     00000B9B  _devkit_PSGFrame                   _snd_manager
     00000B9E  _devkit_PSGSFXFrame                _snd_manager
     00000BA1  _devkit_SFX_CHANNEL2               _snd_manager
     00000BA4  _devkit_SFX_CHANNEL3               _snd_manager
     00000BA7  _devkit_SFX_CHANNELS2AND3          _snd_manager
     00000BAA  _engine_asm_manager_clear_VRAM     asm_manager
     00000BC0  _engine_content_manager_load_til   content_manager
     00000BEA  _engine_content_manager_load_spr   content_manager
     00000C00  _engine_content_manager_load_spl   content_manager
     00000C23  _engine_enemy_manager_load         enemy_manager
     00000C70  _engine_enemy_manager_toggle_col   enemy_manager
     00000C9C  _engine_enemy_manager_toggle_fra   enemy_manager
     00000CEF  _engine_enemy_manager_draw         enemy_manager
     00000E2E  _engine_font_manager_draw_char     font_manager
     00000E55  _engine_font_manager_draw_text     font_manager
     00000E9A  _engine_font_manager_draw_data     font_manager
     00000F45  _engine_font_manager_draw_data_Z   font_manager
     00000FCC  _engine_gamer_manager_load         gamer_manager
     00001031  _engine_gamer_manager_toggle_col   gamer_manager
     00001043  _engine_gamer_manager_toggle_fra   gamer_manager
     0000104F  _engine_gamer_manager_move         gamer_manager
     00001057  _engine_gamer_manager_update       gamer_manager
     00001058  _engine_gamer_manager_draw         gamer_manager
     00001098  _engine_hack_manager_init          hack_manager
     000010ED  _engine_hack_manager_update        hack_manager
     00001144  _engine_input_manager_update       input_manager
     00001151  _engine_input_manager_hold_up      input_manager
     0000115A  _engine_input_manager_hold_down    input_manager
     00001163  _engine_input_manager_hold_left    input_manager
     0000116C  _engine_input_manager_hold_right   input_manager
     00001175  _engine_input_manager_hold_fire1   input_manager
     0000117E  _engine_input_manager_hold_fire2   input_manager
     00001187  _engine_input_manager_move_up      input_manager
     00001190  _engine_input_manager_move_down    input_manager
ASxxxx Linker V03.00 + NoICE + sdld,  page 5.
Hexadecimal  [32-Bits]

Area                                    Addr        Size        Decimal Bytes (Attributes)
--------------------------------        ----        ----        ------- ----- ------------
_CODE                               00000200    000033EF =       13295. bytes (REL,CON)

      Value  Global                              Global Defined In Module
      -----  --------------------------------   ------------------------
     00001199  _engine_input_manager_move_left    input_manager
     000011A2  _engine_input_manager_move_right   input_manager
     000011AB  _engine_input_manager_move_fire1   input_manager
     000011B4  _engine_input_manager_move_fire2   input_manager
     00001215  _engine_path_manager_init          path_manager
     0000132E  _engine_screen_manager_init        screen_manager
     00001378  _engine_screen_manager_update      screen_manager
     000013BB  _engine_music_manager_play         sound_manager
     000013C9  _engine_sound_manager_play         sound_manager
     00001413  _engine_sprite_manager_draw        sprite_manager
     00001478  _engine_text_manager_draw          text_manager
     000015AE  _engine_text_manager_names         text_manager
     000015F4  _engine_text_manager_space         text_manager
     0000162B  _engine_tree_manager_draw          tree_manager
     0000171E  _screen_none_screen_load           none_screen
     0000171F  _screen_none_screen_update         none_screen
     00001726  _screen_start_screen_load          start_screen
     00001738  _screen_start_screen_update        start_screen
     0000176D  _screen_title_screen_load          title_screen
     00001782  _screen_title_screen_update        title_screen
     00001789  _screen_ready_screen_load          ready_screen
     00001792  _screen_ready_screen_update        ready_screen
     000017BD  _screen_play_screen_load           play_screen
     000017C6  _screen_play_screen_update         play_screen
     000017E6  _font_tiles__palette__bin          gfx
     000017F6  _font_tiles__tilemap__bin          gfx
     00001876  _font_tiles__tiles__psgcompr       gfx
     00001B0D  _splash__palette__bin              gfx
     00001B1D  _splash__tilemap__stmcompr         gfx
     00001B64  _splash__tiles__psgcompr           gfx
     0000238D  _sprites__palette__bin             gfx
     0000239D  _sprites__tiles__psgcompr          gfx
     00002753  _tree_avoid__palette__bin          gfx
     00002763  _tree_avoid__tilemap__bin          gfx
     0000276B  _tree_avoid__tiles__psgcompr       gfx
     000027BD  _music_psg                         psg
     00002DE2  _sound1_psg                        psg
     00002E0D  _sound2_psg                        psg
     00002E2D  _sound3_psg                        psg
     00002E50  __divuint                          
     00002E58  __divuchar                         
     00002E5F  __divu8                            
     00002E62  __divu16                           
     00002E91  _UNSAFE_SMS_copySpritestoSAT       SMSlib_UNSAFE
     00002EA9  _UNSAFE_SMS_VRAMmemcpy32           SMSlib_UNSAFE
     00002EC6  _UNSAFE_SMS_VRAMmemcpy64           SMSlib_UNSAFE
     00002EE3  _UNSAFE_SMS_VRAMmemcpy128          SMSlib_UNSAFE
     00002F00  _SMS_init                          SMSlib
     00002F54  _VDPReg_init                       SMSlib
     00002F5F  _SMS_VDPType                       SMSlib
     00002F67  _SMS_VDPturnOnFeature              SMSlib
ASxxxx Linker V03.00 + NoICE + sdld,  page 6.
Hexadecimal  [32-Bits]

Area                                    Addr        Size        Decimal Bytes (Attributes)
--------------------------------        ----        ----        ------- ----- ------------
_CODE                               00000200    000033EF =       13295. bytes (REL,CON)

      Value  Global                              Global Defined In Module
      -----  --------------------------------   ------------------------
     00002F7E  _SMS_VDPturnOffFeature             SMSlib
     00002F97  _SMS_setBGScrollX                  SMSlib
     00002FA1  _SMS_setBGScrollY                  SMSlib
     00002FAB  _SMS_setBackdropColor              SMSlib
     00002FB5  _SMS_useFirstHalfTilesforSprites   SMSlib
     00002FC9  _SMS_setSpriteMode                 SMSlib
     0000300E  _SMS_setBGPaletteColor             SMSlib
     00003022  _SMS_setSpritePaletteColor         SMSlib
     00003036  _SMS_loadBGPalette                 SMSlib
     0000304A  _SMS_loadSpritePalette             SMSlib
     0000305E  _SMS_setColor                      SMSlib
     00003062  _SMS_initSprites                   SMSlib
     00003068  _SMS_addSprite                     SMSlib
     000030BD  _SMS_finalizeSprites               SMSlib
     000030CF  _SMS_copySpritestoSAT              SMSlib
     000030F8  _SMS_waitForVBlank                 SMSlib
     00003105  _SMS_getKeysStatus                 SMSlib
     00003109  _SMS_getKeysPressed                SMSlib
     00003126  _SMS_getKeysHeld                   SMSlib
     0000313D  _SMS_getKeysReleased               SMSlib
     0000315A  _SMS_queryPauseRequested           SMSlib
     00003162  _SMS_resetPauseRequest             SMSlib
     00003168  _SMS_setLineInterruptHandler       SMSlib
     00003179  _SMS_setLineCounter                SMSlib
     00003188  _SMS_getVCount                     SMSlib
     0000318C  _SMS_getHCount                     SMSlib
     00003190  _SMS_isr                           SMSlib
     000031C6  _SMS_nmi_isr                       SMSlib
     000031D9  _rand                              rand
     00003295  _srand                             rand
     000032B3  _SMS_loadSTMcompressedTileMapAre   SMSlib_STMcomp
     00003494  ___sdcc_call_hl                    
     00003495  _SMS_loadPSGaidencompressedTiles   SMSlib_PSGaiden
     00003577  __modschar                         
     00003584  __modsint                          
     00003590  __moduchar                         
     0000359C  __moduint                          
     000035A7  __divsint                          
     000035B0  __divschar                         
     000035B7  __div8                             
     000035BB  __div_signexte                     
     000035BF  __div16                            
     000035E5  __get_remainder                    
ASxxxx Linker V03.00 + NoICE + sdld,  page 7.
Hexadecimal  [32-Bits]

Area                                    Addr        Size        Decimal Bytes (Attributes)
--------------------------------        ----        ----        ------- ----- ------------
_HEADER0                            00000000    00000006 =           6. bytes (ABS,CON)

      Value  Global                              Global Defined In Module
      -----  --------------------------------   ------------------------
     00000006  _SMS_crt0_RST08                    crt0

ASxxxx Linker V03.00 + NoICE + sdld,  page 8.
Hexadecimal  [32-Bits]

Area                                    Addr        Size        Decimal Bytes (Attributes)
--------------------------------        ----        ----        ------- ----- ------------
_HEADER1                            00000000    00000009 =           9. bytes (ABS,CON)

      Value  Global                              Global Defined In Module
      -----  --------------------------------   ------------------------
     00000011  _SMS_crt0_RST18                    crt0

ASxxxx Linker V03.00 + NoICE + sdld,  page 9.
Hexadecimal  [32-Bits]

Area                                    Addr        Size        Decimal Bytes (Attributes)
--------------------------------        ----        ----        ------- ----- ------------
_HEADER2                            00000000    0000000A =          10. bytes (ABS,CON)

      Value  Global                              Global Defined In Module
      -----  --------------------------------   ------------------------
ASxxxx Linker V03.00 + NoICE + sdld,  page 10.
Hexadecimal  [32-Bits]

Area                                    Addr        Size        Decimal Bytes (Attributes)
--------------------------------        ----        ----        ------- ----- ------------
_HEADER3                            00000000    00000003 =           3. bytes (ABS,CON)

      Value  Global                              Global Defined In Module
      -----  --------------------------------   ------------------------
ASxxxx Linker V03.00 + NoICE + sdld,  page 11.
Hexadecimal  [32-Bits]

Area                                    Addr        Size        Decimal Bytes (Attributes)
--------------------------------        ----        ----        ------- ----- ------------
_HEADER4                            00000000    00000003 =           3. bytes (ABS,CON)

      Value  Global                              Global Defined In Module
      -----  --------------------------------   ------------------------
ASxxxx Linker V03.00 + NoICE + sdld,  page 12.
Hexadecimal  [32-Bits]

Area                                    Addr        Size        Decimal Bytes (Attributes)
--------------------------------        ----        ----        ------- ----- ------------
_HEADER5                            00000000    0000012A =         298. bytes (ABS,CON)

      Value  Global                              Global Defined In Module
      -----  --------------------------------   ------------------------
     00000099  _OUTI128                           crt0
     00000119  _OUTI64                            crt0
     00000159  _OUTI32                            crt0
     00000199  _outi_block                        crt0

ASxxxx Linker V03.00 + NoICE + sdld,  page 13.
Hexadecimal  [32-Bits]

Area                                    Addr        Size        Decimal Bytes (Attributes)
--------------------------------        ----        ----        ------- ----- ------------
_INITIALIZER                        000035EF    0000000C =          12. bytes (REL,CON)

      Value  Global                              Global Defined In Module
      -----  --------------------------------   ------------------------
ASxxxx Linker V03.00 + NoICE + sdld,  page 14.
Hexadecimal  [32-Bits]

Area                                    Addr        Size        Decimal Bytes (Attributes)
--------------------------------        ----        ----        ------- ----- ------------
_GSINIT                             000035FB    0000000F =          15. bytes (REL,CON)

      Value  Global                              Global Defined In Module
      -----  --------------------------------   ------------------------
     000035FB  gsinit                             crt0

ASxxxx Linker V03.00 + NoICE + sdld,  page 15.
Hexadecimal  [32-Bits]

Area                                    Addr        Size        Decimal Bytes (Attributes)
--------------------------------        ----        ----        ------- ----- ------------
_GSFINAL                            0000360A    00000001 =           1. bytes (REL,CON)

      Value  Global                              Global Defined In Module
      -----  --------------------------------   ------------------------
ASxxxx Linker V03.00 + NoICE + sdld,  page 16.
Hexadecimal  [32-Bits]

Area                                    Addr        Size        Decimal Bytes (Attributes)
--------------------------------        ----        ----        ------- ----- ------------
_DATA                               0000C000    00000196 =         406. bytes (REL,CON)

      Value  Global                              Global Defined In Module
      -----  --------------------------------   ------------------------
     0000C001  _PSGMusicStatus                    PSGlib
     0000C002  _PSGMusicStart                     PSGlib
     0000C004  _PSGMusicPointer                   PSGlib
     0000C006  _PSGMusicLoopPoint                 PSGlib
     0000C008  _PSGMusicSkipFrames                PSGlib
     0000C009  _PSGLoopFlag                       PSGlib
     0000C00A  _PSGMusicLastLatch                 PSGlib
     0000C00B  _PSGMusicVolumeAttenuation         PSGlib
     0000C00C  _PSGMusicSubstringLen              PSGlib
     0000C00D  _PSGMusicSubstringRetAddr          PSGlib
     0000C00F  _PSGChan0Volume                    PSGlib
     0000C010  _PSGChan1Volume                    PSGlib
     0000C011  _PSGChan2Volume                    PSGlib
     0000C012  _PSGChan3Volume                    PSGlib
     0000C013  _PSGChan2LowTone                   PSGlib
     0000C014  _PSGChan2HighTone                  PSGlib
     0000C015  _PSGChan3LowTone                   PSGlib
     0000C016  _PSGChannel2SFX                    PSGlib
     0000C017  _PSGChannel3SFX                    PSGlib
     0000C018  _PSGSFXChan2Volume                 PSGlib
     0000C019  _PSGSFXChan3Volume                 PSGlib
     0000C01A  _PSGSFXStatus                      PSGlib
     0000C01B  _PSGSFXStart                       PSGlib
     0000C01D  _PSGSFXPointer                     PSGlib
     0000C01F  _PSGSFXLoopPoint                   PSGlib
     0000C021  _PSGSFXSkipFrames                  PSGlib
     0000C022  _PSGSFXLoopFlag                    PSGlib
     0000C023  _PSGSFXSubstringLen                PSGlib
     0000C024  _PSGSFXSubstringRetAddr            PSGlib
     0000C026  _global_enemy_objects              enemy_manager
     0000C047  _global_gamer_object               gamer_manager
     0000C054  _global_hack_object                hack_manager
     0000C05C  _global_path_object                path_manager
     0000C0AB  _VDPBlank                          SMSlib
     0000C0AC  _SMS_VDPFlags                      SMSlib
     0000C0AD  _PauseRequested                    SMSlib
     0000C0AE  _VDPType                           SMSlib
     0000C0AF  _KeysStatus                        SMSlib
     0000C0B1  _PreviousKeysStatus                SMSlib
     0000C0B3  _SpriteTableY                      SMSlib
     0000C0F3  _SpriteTableXN                     SMSlib
     0000C173  _SpriteNextFree                    SMSlib
     0000C174  _SMS_theLineInterruptHandler       SMSlib
     0000C176  _decompBuffer                      SMSlib_PSGaiden

ASxxxx Linker V03.00 + NoICE + sdld,  page 17.
Hexadecimal  [32-Bits]

Area                                    Addr        Size        Decimal Bytes (Attributes)
--------------------------------        ----        ----        ------- ----- ------------
_INITIALIZED                        0000C196    0000000C =          12. bytes (REL,CON)

      Value  Global                              Global Defined In Module
      -----  --------------------------------   ------------------------
     0000C19A  _VDPReg                            SMSlib
     0000C19C  _spritesHeight                     SMSlib
     0000C19D  _spritesWidth                      SMSlib
ASxxxx Linker V03.00 + NoICE + sdld,  page 18.
Hexadecimal  [32-Bits]

Area                                    Addr        Size        Decimal Bytes (Attributes)
--------------------------------        ----        ----        ------- ----- ------------
_CABS0                              00000000    00000010 =          16. bytes (ABS,CON)

      Value  Global                              Global Defined In Module
      -----  --------------------------------   ------------------------
     00007FF0  ___SMS__SEGA_signature             _sms_manager

ASxxxx Linker V03.00 + NoICE + sdld,  page 19.
Hexadecimal  [32-Bits]

Area                                    Addr        Size        Decimal Bytes (Attributes)
--------------------------------        ----        ----        ------- ----- ------------
_CABS1                              00000000    0000000E =          14. bytes (ABS,CON)

      Value  Global                              Global Defined In Module
      -----  --------------------------------   ------------------------
     00007FD2  ___SMS__SDSC_author                _sms_manager

ASxxxx Linker V03.00 + NoICE + sdld,  page 20.
Hexadecimal  [32-Bits]

Area                                    Addr        Size        Decimal Bytes (Attributes)
--------------------------------        ----        ----        ------- ----- ------------
_CABS2                              00000000    0000000F =          15. bytes (ABS,CON)

      Value  Global                              Global Defined In Module
      -----  --------------------------------   ------------------------
     00007FC3  ___SMS__SDSC_name                  _sms_manager

ASxxxx Linker V03.00 + NoICE + sdld,  page 21.
Hexadecimal  [32-Bits]

Area                                    Addr        Size        Decimal Bytes (Attributes)
--------------------------------        ----        ----        ------- ----- ------------
_CABS3                              00000000    00000028 =          40. bytes (ABS,CON)

      Value  Global                              Global Defined In Module
      -----  --------------------------------   ------------------------
     00007F9B  ___SMS__SDSC_descr                 _sms_manager

ASxxxx Linker V03.00 + NoICE + sdld,  page 22.
Hexadecimal  [32-Bits]

Area                                    Addr        Size        Decimal Bytes (Attributes)
--------------------------------        ----        ----        ------- ----- ------------
_CABS4                              00000000    00000010 =          16. bytes (ABS,CON)

      Value  Global                              Global Defined In Module
      -----  --------------------------------   ------------------------
     00007FE0  ___SMS__SDSC_signature             _sms_manager

ASxxxx Linker V03.00 + NoICE + sdld,  page 23.

Files Linked                              [ module(s) ]

..\crt0\crt0_sms.rel                      [ crt0 ]
main.rel                                  [ main ]
..\lib\PSGlib.rel                         [ PSGlib ]
devkit\_sms_manager.rel                   [ _sms_manager ]
devkit\_snd_manager.rel                   [ _snd_manager ]
engine\asm_manager.rel                    [ asm_manager ]
engine\content_manager.rel                [ content_manager ]
engine\enemy_manager.rel                  [ enemy_manager ]
engine\font_manager.rel                   [ font_manager ]
engine\gamer_manager.rel                  [ gamer_manager ]
engine\hack_manager.rel                   [ hack_manager ]
engine\input_manager.rel                  [ input_manager ]
engine\path_manager.rel                   [ path_manager ]
engine\screen_manager.rel                 [ screen_manager ]
engine\sound_manager.rel                  [ sound_manager ]
engine\sprite_manager.rel                 [ sprite_manager ]
engine\text_manager.rel                   [ text_manager ]
engine\tree_manager.rel                   [ tree_manager ]
screen\none_screen.rel                    [ none_screen ]
screen\start_screen.rel                   [ start_screen ]
screen\title_screen.rel                   [ title_screen ]
screen\ready_screen.rel                   [ ready_screen ]
screen\play_screen.rel                    [ play_screen ]
gfx.rel                                   [ gfx ]
psg.rel                                   [ psg ]


Libraries Linked                          [ object file ]

C:\Program Files\SDCC\bin\..\lib\z80/z80.lib
                                          [ divunsigned.rel ]
..\lib\SMSlib.lib                         [ SMSlib_UNSAFE.rel ]
..\lib\SMSlib.lib                         [ SMSlib.rel ]
C:\Program Files\SDCC\bin\..\lib\z80/z80.lib
                                          [ rand.rel ]
..\lib\SMSlib.lib                         [ SMSlib_STMcomp.rel ]
C:\Program Files\SDCC\bin\..\lib\z80/z80.lib
                                          [ __sdcc_call_hl.rel ]
..\lib\SMSlib.lib                         [ SMSlib_PSGaiden.rel ]
C:\Program Files\SDCC\bin\..\lib\z80/z80.lib
                                          [ modsigned.rel ]
C:\Program Files\SDCC\bin\..\lib\z80/z80.lib
                                          [ modunsigned.rel ]
C:\Program Files\SDCC\bin\..\lib\z80/z80.lib
                                          [ divsigned.rel ]

ASxxxx Linker V03.00 + NoICE + sdld,  page 24.

User Base Address Definitions

_CODE = 0x0200
_DATA = 0xc000

