ASxxxx Linker V03.00 + NoICE + sdld,  page 1.
Hexadecimal  [32-Bits]

Area                                    Addr        Size        Decimal Bytes (Attributes)
--------------------------------        ----        ----        ------- ----- ------------
.  .ABS.                            00000000    00000000 =           0. bytes (ABS,CON)

      Value  Global                              Global Defined In Module
      -----  --------------------------------   ------------------------
     00000000  .__.ABS.                           
     00000000  l__BSEG                         
     00000000  l__BSS                          
     00000000  l__CABS                         
     00000000  l__DABS                         
     00000000  l__HEADER                       
     00000000  l__HEAP                         
     00000000  l__HOME                         
     00000000  s__CABS                         
     00000000  s__CABS0                        
     00000000  s__CABS1                        
     00000000  s__CABS2                        
     00000000  s__CABS3                        
     00000000  s__CABS4                        
     00000000  s__DABS                         
     00000000  s__HEADER                       
     00000000  s__HEADER0                      
     00000000  s__HEADER1                      
     00000000  s__HEADER2                      
     00000000  s__HEADER3                      
     00000000  s__HEADER4                      
     00000000  s__HEADER5                      
     00000001  l__GSFINAL                      
     00000003  l__HEADER3                      
     00000003  l__HEADER4                      
     00000006  l__HEADER0                      
     00000009  l__HEADER1                      
     0000000A  l__HEADER2                      
     0000000C  l__INITIALIZED                  
     0000000C  l__INITIALIZER                  
     0000000E  l__CABS1                        
     0000000F  l__CABS2                        
     0000000F  l__GSINIT                       
     00000010  l__CABS0                        
     00000010  l__CABS4                        
     00000028  l__CABS3                        
     000000BE  G$VDPDataPort$0_0$0                asm_manager
     000000BF  G$VDPControlPort$0_0$0             asm_manager
     0000012A  l__HEADER5                      
     00000200  s__CODE                         
     0000031E  l__DATA                         
     00003CC7  l__CODE                         
     00003EC7  s__HOME                         
     00003EC7  s__INITIALIZER                  
     00003ED3  s__GSINIT                       
     00003EE2  s__GSFINAL                      
     00008000  G$SMS_SRAM$0_0$0                   _sms_manager
     00008000  _SMS_SRAM                          SMSlib_PSGaiden
     0000C000  s__DATA                         
     0000C31E  s__INITIALIZED                  
ASxxxx Linker V03.00 + NoICE + sdld,  page 2.
Hexadecimal  [32-Bits]

Area                                    Addr        Size        Decimal Bytes (Attributes)
--------------------------------        ----        ----        ------- ----- ------------
.  .ABS.                            00000000    00000000 =           0. bytes (ABS,CON)

      Value  Global                              Global Defined In Module
      -----  --------------------------------   ------------------------
     0000C32A  s__BSEG                         
     0000C32A  s__BSS                          
     0000C32A  s__HEAP                         
     0000FFFC  G$SRAM_bank_to_be_mapped_on_slot   _sms_manager
     0000FFFC  _SRAM_bank_to_be_mapped_on_slot2   SMSlib_PSGaiden
     0000FFFF  G$ROM_bank_to_be_mapped_on_slot2   _sms_manager
     0000FFFF  _ROM_bank_to_be_mapped_on_slot2    SMSlib_PSGaiden
ASxxxx Linker V03.00 + NoICE + sdld,  page 3.
Hexadecimal  [32-Bits]

Area                                    Addr        Size        Decimal Bytes (Attributes)
--------------------------------        ----        ----        ------- ----- ------------
_CODE                               00000200    00003CC7 =       15559. bytes (REL,CON)

      Value  Global                              Global Defined In Module
      -----  --------------------------------   ------------------------
     00000200  __clock                            crt0
     00000204  _exit                              crt0
     0000020A  A$main$83                          main
     0000020A  C$main.c$3$0_0$63                  main
     0000020A  C$main.c$9$1_0$63                  main
     0000020A  G$main$0$0                         main
     0000020A  _main                              main
     0000020D  A$main$87                          main
     0000020D  C$main.c$10$1_0$63                 main
     00000210  A$main$91                          main
     00000210  C$main.c$11$1_0$63                 main
     00000213  A$main$95                          main
     00000213  C$main.c$13$1_0$63                 main
     00000216  A$main$96                          main
     00000217  A$main$97                          main
     00000218  A$main$98                          main
     00000219  A$main$99                          main
     0000021C  A$main$100                         main
     0000021D  A$main$104                         main
     0000021D  C$main.c$14$1_0$63                 main
     00000220  A$main$108                         main
     00000220  C$main.c$15$1_0$63                 main
     00000223  A$main$109                         main
     00000224  A$main$110                         main
     00000227  A$main$111                         main
     00000228  A$main$115                         main
     00000228  C$main.c$17$1_0$63                 main
     0000022B  A$main$119                         main
     0000022B  C$main.c$18$1_0$63                 main
     0000022E  A$main$123                         main
     0000022E  C$main.c$21$1_0$63                 main
     00000230  A$main$124                         main
     00000231  A$main$125                         main
     00000232  A$main$126                         main
     00000235  A$main$127                         main
     00000236  A$main$131                         main
     00000236  C$main.c$23$1_0$63                 main
     00000239  A$main$136                         main
     00000239  C$main.c$26$3_0$65                 main
     0000023C  A$main$137                         main
     0000023D  A$main$138                         main
     0000023E  A$main$139                         main
     00000240  A$main$143                         main
     00000240  C$main.c$28$4_0$66                 main
     00000243  A$main$147                         main
     00000243  C$main.c$29$4_0$66                 main
     00000247  A$main$148                         main
     0000024A  A$main$149                         main
     0000024C  A$main$150                         main
     0000024F  A$main$154                         main
ASxxxx Linker V03.00 + NoICE + sdld,  page 4.
Hexadecimal  [32-Bits]

Area                                    Addr        Size        Decimal Bytes (Attributes)
--------------------------------        ----        ----        ------- ----- ------------
_CODE                               00000200    00003CC7 =       15559. bytes (REL,CON)

      Value  Global                              Global Defined In Module
      -----  --------------------------------   ------------------------
     0000024F  C$main.c$30$4_0$66                 main
     00000253  A$main$155                         main
     00000255  A$main$159                         main
     00000255  C$main.c$32$5_0$67                 main
     00000258  A$main$160                         main
     00000259  A$main$161                         main
     0000025C  A$main$162                         main
     0000025D  A$main$163                         main
     00000260  A$main$164                         main
     00000261  A$main$165                         main
     00000262  A$main$169                         main
     00000262  C$main.c$33$5_0$67                 main
     00000265  A$main$170                         main
     00000267  A$main$175                         main
     00000267  C$main.c$37$5_0$68                 main
     0000026A  A$main$176                         main
     0000026B  A$main$177                         main
     0000026E  A$main$178                         main
     0000026F  A$main$179                         main
     00000272  A$main$180                         main
     00000273  A$main$181                         main
     00000274  A$main$185                         main
     00000274  C$main.c$38$5_0$68                 main
     00000277  A$main$190                         main
     00000277  C$main.c$42$3_0$65                 main
     0000027A  A$main$191                         main
     0000027C  A$main$192                         main
     0000027E  A$main$196                         main
     0000027E  C$main.c$47$3_0$65                 main
     00000281  A$main$200                         main
     00000281  C$main.c$48$3_0$65                 main
     00000284  A$main$204                         main
     00000284  C$main.c$49$3_0$65                 main
     00000287  A$main$208                         main
     00000287  C$main.c$51$3_0$65                 main
     0000028A  A$main$212                         main
     0000028A  C$main.c$52$3_0$65                 main
     0000028D  A$main$216                         main
     0000028D  C$main.c$53$3_0$65                 main
     00000290  A$main$220                         main
     00000290  C$main.c$55$3_0$65                 main
     00000293  A$main$224                         main
     00000293  C$main.c$56$3_0$65                 main
     00000296  A$main$232                         main
     00000296  C$main.c$58$2_0$63                 main
     00000296  XG$main$0$0                        main
     00000298  Fmain$__str_0$0_0$0                main
     000002A1  Fmain$__str_1$0_0$0                main
     000002AA  _PSGStop                           PSGlib
     000002D1  _PSGResume                         PSGlib
     0000031D  _PSGPlay                           PSGlib
ASxxxx Linker V03.00 + NoICE + sdld,  page 5.
Hexadecimal  [32-Bits]

Area                                    Addr        Size        Decimal Bytes (Attributes)
--------------------------------        ----        ----        ------- ----- ------------
_CODE                               00000200    00003CC7 =       15559. bytes (REL,CON)

      Value  Global                              Global Defined In Module
      -----  --------------------------------   ------------------------
     0000034A  _PSGCancelLoop                     PSGlib
     00000350  _PSGPlayNoRepeat                   PSGlib
     0000035F  _PSGGetStatus                      PSGlib
     00000367  _PSGSilenceChannels                PSGlib
     00000378  _PSGRestoreVolumes                 PSGlib
     00000449  _PSGSetMusicVolumeAttenuation      PSGlib
     0000050E  _PSGSFXStop                        PSGlib
     000005C7  _PSGSFXPlay                        PSGlib
     00000614  _PSGSFXCancelLoop                  PSGlib
     0000061A  _PSGSFXGetStatus                   PSGlib
     00000622  _PSGSFXPlayLoop                    PSGlib
     0000063C  _PSGFrame                          PSGlib
     00000755  _PSGSFXFrame                       PSGlib
     000007DB  A$_sms_manager$133                 _sms_manager
     000007DB  C$_sms_manager.c$12$0_0$72         _sms_manager
     000007DB  C$_sms_manager.c$14$1_0$72         _sms_manager
     000007DB  C$_sms_manager.c$15$1_0$72         _sms_manager
     000007DB  G$devkit_SMS_init$0$0              _sms_manager
     000007DB  XG$devkit_SMS_init$0$0             _sms_manager
     000007DB  _devkit_SMS_init                   _sms_manager
     000007DE  A$_sms_manager$146                 _sms_manager
     000007DE  C$_sms_manager.c$16$1_0$73         _sms_manager
     000007DE  C$_sms_manager.c$18$1_0$73         _sms_manager
     000007DE  G$devkit_SMS_displayOn$0$0         _sms_manager
     000007DE  _devkit_SMS_displayOn              _sms_manager
     000007E1  A$_sms_manager$154                 _sms_manager
     000007E1  C$_sms_manager.c$19$1_0$73         _sms_manager
     000007E1  XG$devkit_SMS_displayOn$0$0        _sms_manager
     000007E4  A$_sms_manager$167                 _sms_manager
     000007E4  C$_sms_manager.c$20$1_0$74         _sms_manager
     000007E4  C$_sms_manager.c$22$1_0$74         _sms_manager
     000007E4  G$devkit_SMS_displayOff$0$0        _sms_manager
     000007E4  _devkit_SMS_displayOff             _sms_manager
     000007E7  A$_sms_manager$175                 _sms_manager
     000007E7  C$_sms_manager.c$23$1_0$74         _sms_manager
     000007E7  XG$devkit_SMS_displayOff$0$0       _sms_manager
     000007EA  A$_sms_manager$188                 _sms_manager
     000007EA  C$_sms_manager.c$24$1_0$76         _sms_manager
     000007EA  C$_sms_manager.c$26$1_0$76         _sms_manager
     000007EA  G$devkit_SMS_mapROMBank$0$0        _sms_manager
     000007EA  _devkit_SMS_mapROMBank             _sms_manager
     000007EE  A$_sms_manager$189                 _sms_manager
     000007F0  A$_sms_manager$190                 _sms_manager
     000007F3  A$_sms_manager$191                 _sms_manager
     000007F6  A$_sms_manager$199                 _sms_manager
     000007F6  C$_sms_manager.c$27$1_0$76         _sms_manager
     000007F6  XG$devkit_SMS_mapROMBank$0$0       _sms_manager
     000007F7  A$_sms_manager$212                 _sms_manager
     000007F7  C$_sms_manager.c$29$1_0$77         _sms_manager
     000007F7  C$_sms_manager.c$31$1_0$77         _sms_manager
     000007F7  G$devkit_SMS_enableSRAM$0$0        _sms_manager
ASxxxx Linker V03.00 + NoICE + sdld,  page 6.
Hexadecimal  [32-Bits]

Area                                    Addr        Size        Decimal Bytes (Attributes)
--------------------------------        ----        ----        ------- ----- ------------
_CODE                               00000200    00003CC7 =       15559. bytes (REL,CON)

      Value  Global                              Global Defined In Module
      -----  --------------------------------   ------------------------
     000007F7  _devkit_SMS_enableSRAM             _sms_manager
     000007F9  A$_sms_manager$213                 _sms_manager
     000007FC  A$_sms_manager$221                 _sms_manager
     000007FC  C$_sms_manager.c$32$1_0$77         _sms_manager
     000007FC  XG$devkit_SMS_enableSRAM$0$0       _sms_manager
     000007FD  A$_sms_manager$234                 _sms_manager
     000007FD  C$_sms_manager.c$33$1_0$79         _sms_manager
     000007FD  C$_sms_manager.c$35$1_0$79         _sms_manager
     000007FD  G$devkit_SMS_enableSRAMBank$0$0    _sms_manager
     000007FD  _devkit_SMS_enableSRAMBank         _sms_manager
     00000801  A$_sms_manager$235                 _sms_manager
     00000803  A$_sms_manager$236                 _sms_manager
     00000806  A$_sms_manager$237                 _sms_manager
     00000807  A$_sms_manager$238                 _sms_manager
     00000808  A$_sms_manager$239                 _sms_manager
     0000080A  A$_sms_manager$240                 _sms_manager
     0000080C  A$_sms_manager$241                 _sms_manager
     0000080F  A$_sms_manager$249                 _sms_manager
     0000080F  C$_sms_manager.c$36$1_0$79         _sms_manager
     0000080F  XG$devkit_SMS_enableSRAMBank$0$0   _sms_manager
     00000810  A$_sms_manager$262                 _sms_manager
     00000810  C$_sms_manager.c$37$1_0$80         _sms_manager
     00000810  C$_sms_manager.c$39$1_0$80         _sms_manager
     00000810  G$devkit_SMS_disableSRAM$0$0       _sms_manager
     00000810  _devkit_SMS_disableSRAM            _sms_manager
     00000812  A$_sms_manager$263                 _sms_manager
     00000815  A$_sms_manager$271                 _sms_manager
     00000815  C$_sms_manager.c$40$1_0$80         _sms_manager
     00000815  XG$devkit_SMS_disableSRAM$0$0      _sms_manager
     00000816  A$_sms_manager$284                 _sms_manager
     00000816  C$_sms_manager.c$43$1_0$82         _sms_manager
     00000816  C$_sms_manager.c$45$1_0$82         _sms_manager
     00000816  G$devkit_SMS_setSpriteMode$0$0     _sms_manager
     00000816  _devkit_SMS_setSpriteMode          _sms_manager
     0000081A  A$_sms_manager$285                 _sms_manager
     0000081C  A$_sms_manager$286                 _sms_manager
     0000081F  A$_sms_manager$294                 _sms_manager
     0000081F  C$_sms_manager.c$46$1_0$82         _sms_manager
     0000081F  XG$devkit_SMS_setSpriteMode$0$0    _sms_manager
     00000822  A$_sms_manager$307                 _sms_manager
     00000822  C$_sms_manager.c$47$1_0$83         _sms_manager
     00000822  C$_sms_manager.c$49$1_0$83         _sms_manager
     00000822  G$devkit_SMS_useFirstHalfTilesfo   _sms_manager
     00000822  _devkit_SMS_useFirstHalfTilesfor   _sms_manager
     00000824  A$_sms_manager$315                 _sms_manager
     00000824  C$_sms_manager.c$50$1_0$83         _sms_manager
     00000824  XG$devkit_SMS_useFirstHalfTilesf   _sms_manager
     00000827  A$_sms_manager$328                 _sms_manager
     00000827  C$_sms_manager.c$51$1_0$84         _sms_manager
     00000827  C$_sms_manager.c$53$1_0$84         _sms_manager
     00000827  G$devkit_SMS_useFirstHalfTilesfo   _sms_manager
ASxxxx Linker V03.00 + NoICE + sdld,  page 7.
Hexadecimal  [32-Bits]

Area                                    Addr        Size        Decimal Bytes (Attributes)
--------------------------------        ----        ----        ------- ----- ------------
_CODE                               00000200    00003CC7 =       15559. bytes (REL,CON)

      Value  Global                              Global Defined In Module
      -----  --------------------------------   ------------------------
     00000827  _devkit_SMS_useFirstHalfTilesfor   _sms_manager
     00000829  A$_sms_manager$336                 _sms_manager
     00000829  C$_sms_manager.c$54$1_0$84         _sms_manager
     00000829  XG$devkit_SMS_useFirstHalfTilesf   _sms_manager
     0000082C  A$_sms_manager$349                 _sms_manager
     0000082C  C$_sms_manager.c$55$1_0$86         _sms_manager
     0000082C  C$_sms_manager.c$57$1_0$86         _sms_manager
     0000082C  G$devkit_SMS_VDPturnOnFeature$0$   _sms_manager
     0000082C  _devkit_SMS_VDPturnOnFeature       _sms_manager
     00000830  A$_sms_manager$350                 _sms_manager
     00000832  A$_sms_manager$351                 _sms_manager
     00000835  A$_sms_manager$352                 _sms_manager
     00000838  A$_sms_manager$360                 _sms_manager
     00000838  C$_sms_manager.c$58$1_0$86         _sms_manager
     00000838  XG$devkit_SMS_VDPturnOnFeature$0   _sms_manager
     0000083B  A$_sms_manager$373                 _sms_manager
     0000083B  C$_sms_manager.c$60$1_0$88         _sms_manager
     0000083B  C$_sms_manager.c$62$1_0$88         _sms_manager
     0000083B  G$devkit_SMS_loadPSGaidencompres   _sms_manager
     0000083B  _devkit_SMS_loadPSGaidencompress   _sms_manager
     0000083F  A$_sms_manager$374                 _sms_manager
     00000841  A$_sms_manager$375                 _sms_manager
     00000844  A$_sms_manager$376                 _sms_manager
     00000847  A$_sms_manager$377                 _sms_manager
     00000848  A$_sms_manager$378                 _sms_manager
     0000084B  A$_sms_manager$379                 _sms_manager
     0000084E  A$_sms_manager$380                 _sms_manager
     0000084F  A$_sms_manager$381                 _sms_manager
     00000852  A$_sms_manager$382                 _sms_manager
     00000853  A$_sms_manager$383                 _sms_manager
     00000854  A$_sms_manager$391                 _sms_manager
     00000854  C$_sms_manager.c$63$1_0$88         _sms_manager
     00000854  XG$devkit_SMS_loadPSGaidencompre   _sms_manager
     00000855  A$_sms_manager$404                 _sms_manager
     00000855  C$_sms_manager.c$64$1_0$90         _sms_manager
     00000855  C$_sms_manager.c$66$1_0$90         _sms_manager
     00000855  G$devkit_SMS_loadSTMcompressedTi   _sms_manager
     00000855  _devkit_SMS_loadSTMcompressedTil   _sms_manager
     00000857  A$_sms_manager$405                 _sms_manager
     00000858  A$_sms_manager$406                 _sms_manager
     00000859  A$_sms_manager$407                 _sms_manager
     0000085D  A$_sms_manager$408                 _sms_manager
     0000085F  A$_sms_manager$409                 _sms_manager
     00000862  A$_sms_manager$410                 _sms_manager
     00000865  A$_sms_manager$411                 _sms_manager
     00000866  A$_sms_manager$412                 _sms_manager
     00000869  A$_sms_manager$413                 _sms_manager
     0000086B  A$_sms_manager$414                 _sms_manager
     0000086C  A$_sms_manager$415                 _sms_manager
     0000086D  A$_sms_manager$416                 _sms_manager
     00000870  A$_sms_manager$417                 _sms_manager
ASxxxx Linker V03.00 + NoICE + sdld,  page 8.
Hexadecimal  [32-Bits]

Area                                    Addr        Size        Decimal Bytes (Attributes)
--------------------------------        ----        ----        ------- ----- ------------
_CODE                               00000200    00003CC7 =       15559. bytes (REL,CON)

      Value  Global                              Global Defined In Module
      -----  --------------------------------   ------------------------
     00000871  A$_sms_manager$418                 _sms_manager
     00000872  A$_sms_manager$419                 _sms_manager
     00000875  A$_sms_manager$420                 _sms_manager
     00000876  A$_sms_manager$421                 _sms_manager
     00000877  A$_sms_manager$422                 _sms_manager
     00000878  A$_sms_manager$430                 _sms_manager
     00000878  C$_sms_manager.c$67$1_0$90         _sms_manager
     00000878  XG$devkit_SMS_loadSTMcompressedT   _sms_manager
     00000879  A$_sms_manager$443                 _sms_manager
     00000879  C$_sms_manager.c$69$1_0$92         _sms_manager
     00000879  C$_sms_manager.c$71$1_0$92         _sms_manager
     00000879  G$devkit_SMS_loadBGPalette$0$0     _sms_manager
     00000879  _devkit_SMS_loadBGPalette          _sms_manager
     0000087D  A$_sms_manager$444                 _sms_manager
     0000087F  A$_sms_manager$445                 _sms_manager
     00000882  A$_sms_manager$446                 _sms_manager
     00000885  A$_sms_manager$454                 _sms_manager
     00000885  C$_sms_manager.c$72$1_0$92         _sms_manager
     00000885  XG$devkit_SMS_loadBGPalette$0$0    _sms_manager
     00000888  A$_sms_manager$467                 _sms_manager
     00000888  C$_sms_manager.c$73$1_0$94         _sms_manager
     00000888  C$_sms_manager.c$75$1_0$94         _sms_manager
     00000888  G$devkit_SMS_loadSpritePalette$0   _sms_manager
     00000888  _devkit_SMS_loadSpritePalette      _sms_manager
     0000088C  A$_sms_manager$468                 _sms_manager
     0000088E  A$_sms_manager$469                 _sms_manager
     00000891  A$_sms_manager$470                 _sms_manager
     00000894  A$_sms_manager$478                 _sms_manager
     00000894  C$_sms_manager.c$76$1_0$94         _sms_manager
     00000894  XG$devkit_SMS_loadSpritePalette$   _sms_manager
     00000897  A$_sms_manager$491                 _sms_manager
     00000897  C$_sms_manager.c$77$1_0$96         _sms_manager
     00000897  C$_sms_manager.c$79$1_0$96         _sms_manager
     00000897  G$devkit_SMS_setSpritePaletteCol   _sms_manager
     00000897  _devkit_SMS_setSpritePaletteColo   _sms_manager
     0000089B  A$_sms_manager$492                 _sms_manager
     0000089D  A$_sms_manager$493                 _sms_manager
     000008A0  A$_sms_manager$494                 _sms_manager
     000008A1  A$_sms_manager$495                 _sms_manager
     000008A2  A$_sms_manager$496                 _sms_manager
     000008A4  A$_sms_manager$497                 _sms_manager
     000008A7  A$_sms_manager$498                 _sms_manager
     000008A8  A$_sms_manager$499                 _sms_manager
     000008AB  A$_sms_manager$500                 _sms_manager
     000008AD  A$_sms_manager$501                 _sms_manager
     000008AF  A$_sms_manager$502                 _sms_manager
     000008B0  A$_sms_manager$503                 _sms_manager
     000008B1  A$_sms_manager$504                 _sms_manager
     000008B2  A$_sms_manager$505                 _sms_manager
     000008B3  A$_sms_manager$506                 _sms_manager
     000008B4  A$_sms_manager$510                 _sms_manager
ASxxxx Linker V03.00 + NoICE + sdld,  page 9.
Hexadecimal  [32-Bits]

Area                                    Addr        Size        Decimal Bytes (Attributes)
--------------------------------        ----        ----        ------- ----- ------------
_CODE                               00000200    00003CC7 =       15559. bytes (REL,CON)

      Value  Global                              Global Defined In Module
      -----  --------------------------------   ------------------------
     000008B4  C$_sms_manager.c$80$1_0$96         _sms_manager
     000008B5  A$_sms_manager$511                 _sms_manager
     000008B6  A$_sms_manager$512                 _sms_manager
     000008B9  A$_sms_manager$513                 _sms_manager
     000008BA  A$_sms_manager$514                 _sms_manager
     000008BB  A$_sms_manager$515                 _sms_manager
     000008BE  A$_sms_manager$516                 _sms_manager
     000008BF  A$_sms_manager$524                 _sms_manager
     000008BF  C$_sms_manager.c$81$1_0$96         _sms_manager
     000008BF  XG$devkit_SMS_setSpritePaletteCo   _sms_manager
     000008C0  A$_sms_manager$534                 _sms_manager
     000008C0  C$_sms_manager.c$83$1_0$98         _sms_manager
     000008C0  G$devkit_SMS_setNextTileatXY$0$0   _sms_manager
     000008C0  _devkit_SMS_setNextTileatXY        _sms_manager
     000008C2  A$_sms_manager$535                 _sms_manager
     000008C6  A$_sms_manager$536                 _sms_manager
     000008C8  A$_sms_manager$540                 _sms_manager
     000008C8  C$_sms_manager.c$85$1_0$98         _sms_manager
     000008CB  A$_sms_manager$541                 _sms_manager
     000008CD  A$_sms_manager$542                 _sms_manager
     000008CE  A$_sms_manager$543                 _sms_manager
     000008CF  A$_sms_manager$544                 _sms_manager
     000008D0  A$_sms_manager$545                 _sms_manager
     000008D1  A$_sms_manager$546                 _sms_manager
     000008D2  A$_sms_manager$547                 _sms_manager
     000008D3  A$_sms_manager$548                 _sms_manager
     000008D4  A$_sms_manager$549                 _sms_manager
     000008D5  A$_sms_manager$550                 _sms_manager
     000008D6  A$_sms_manager$551                 _sms_manager
     000008D8  A$_sms_manager$552                 _sms_manager
     000008D9  A$_sms_manager$553                 _sms_manager
     000008DA  A$_sms_manager$554                 _sms_manager
     000008DD  A$_sms_manager$555                 _sms_manager
     000008DF  A$_sms_manager$556                 _sms_manager
     000008E0  A$_sms_manager$557                 _sms_manager
     000008E1  A$_sms_manager$558                 _sms_manager
     000008E2  A$_sms_manager$559                 _sms_manager
     000008E3  A$_sms_manager$560                 _sms_manager
     000008E4  A$_sms_manager$561                 _sms_manager
     000008E5  A$_sms_manager$569                 _sms_manager
     000008E5  C$_sms_manager.c$86$1_0$98         _sms_manager
     000008E5  XG$devkit_SMS_setNextTileatXY$0$   _sms_manager
     000008E7  A$_sms_manager$570                 _sms_manager
     000008EA  A$_sms_manager$583                 _sms_manager
     000008EA  C$_sms_manager.c$87$1_0$100        _sms_manager
     000008EA  C$_sms_manager.c$89$1_0$100        _sms_manager
     000008EA  G$devkit_SMS_setTile$0$0           _sms_manager
     000008EA  _devkit_SMS_setTile                _sms_manager
     000008EE  A$_sms_manager$584                 _sms_manager
     000008F0  A$_sms_manager$585                 _sms_manager
     000008F3  A$_sms_manager$586                 _sms_manager
ASxxxx Linker V03.00 + NoICE + sdld,  page 10.
Hexadecimal  [32-Bits]

Area                                    Addr        Size        Decimal Bytes (Attributes)
--------------------------------        ----        ----        ------- ----- ------------
_CODE                               00000200    00003CC7 =       15559. bytes (REL,CON)

      Value  Global                              Global Defined In Module
      -----  --------------------------------   ------------------------
     000008F5  A$_sms_manager$594                 _sms_manager
     000008F5  C$_sms_manager.c$90$1_0$100        _sms_manager
     000008F5  XG$devkit_SMS_setTile$0$0          _sms_manager
     000008F8  A$_sms_manager$607                 _sms_manager
     000008F8  C$_sms_manager.c$92$1_0$102        _sms_manager
     000008F8  C$_sms_manager.c$94$1_0$102        _sms_manager
     000008F8  G$devkit_SMS_addSprite$0$0         _sms_manager
     000008F8  _devkit_SMS_addSprite              _sms_manager
     000008FC  A$_sms_manager$608                 _sms_manager
     000008FE  A$_sms_manager$609                 _sms_manager
     00000901  A$_sms_manager$610                 _sms_manager
     00000902  A$_sms_manager$611                 _sms_manager
     00000903  A$_sms_manager$612                 _sms_manager
     00000906  A$_sms_manager$613                 _sms_manager
     00000908  A$_sms_manager$614                 _sms_manager
     00000909  A$_sms_manager$615                 _sms_manager
     0000090A  A$_sms_manager$616                 _sms_manager
     0000090D  A$_sms_manager$617                 _sms_manager
     0000090E  A$_sms_manager$618                 _sms_manager
     0000090F  A$_sms_manager$619                 _sms_manager
     00000912  A$_sms_manager$620                 _sms_manager
     00000913  A$_sms_manager$621                 _sms_manager
     00000914  A$_sms_manager$629                 _sms_manager
     00000914  C$_sms_manager.c$95$1_0$102        _sms_manager
     00000914  XG$devkit_SMS_addSprite$0$0        _sms_manager
     00000915  A$_sms_manager$639                 _sms_manager
     00000915  C$_sms_manager.c$96$1_0$104        _sms_manager
     00000915  G$devkit_SMS_addSprite_bulk8$0$0   _sms_manager
     00000915  _devkit_SMS_addSprite_bulk8        _sms_manager
     00000917  A$_sms_manager$640                 _sms_manager
     0000091B  A$_sms_manager$641                 _sms_manager
     0000091D  A$_sms_manager$645                 _sms_manager
     0000091D  C$_sms_manager.c$98$1_0$104        _sms_manager
     00000920  A$_sms_manager$646                 _sms_manager
     00000923  A$_sms_manager$647                 _sms_manager
     00000924  A$_sms_manager$648                 _sms_manager
     00000927  A$_sms_manager$649                 _sms_manager
     0000092A  A$_sms_manager$650                 _sms_manager
     0000092B  A$_sms_manager$651                 _sms_manager
     0000092E  A$_sms_manager$652                 _sms_manager
     0000092F  A$_sms_manager$653                 _sms_manager
     00000930  A$_sms_manager$657                 _sms_manager
     00000930  C$_sms_manager.c$99$1_0$104        _sms_manager
     00000933  A$_sms_manager$658                 _sms_manager
     00000936  A$_sms_manager$659                 _sms_manager
     00000937  A$_sms_manager$660                 _sms_manager
     0000093A  A$_sms_manager$661                 _sms_manager
     0000093C  A$_sms_manager$662                 _sms_manager
     0000093D  A$_sms_manager$663                 _sms_manager
     0000093E  A$_sms_manager$664                 _sms_manager
     0000093F  A$_sms_manager$665                 _sms_manager
ASxxxx Linker V03.00 + NoICE + sdld,  page 11.
Hexadecimal  [32-Bits]

Area                                    Addr        Size        Decimal Bytes (Attributes)
--------------------------------        ----        ----        ------- ----- ------------
_CODE                               00000200    00003CC7 =       15559. bytes (REL,CON)

      Value  Global                              Global Defined In Module
      -----  --------------------------------   ------------------------
     00000942  A$_sms_manager$666                 _sms_manager
     00000943  A$_sms_manager$667                 _sms_manager
     00000944  A$_sms_manager$668                 _sms_manager
     00000945  A$_sms_manager$669                 _sms_manager
     00000946  A$_sms_manager$670                 _sms_manager
     00000949  A$_sms_manager$671                 _sms_manager
     0000094A  A$_sms_manager$672                 _sms_manager
     0000094B  A$_sms_manager$673                 _sms_manager
     0000094C  A$_sms_manager$677                 _sms_manager
     0000094C  C$_sms_manager.c$101$1_0$104       _sms_manager
     0000094F  A$_sms_manager$678                 _sms_manager
     00000952  A$_sms_manager$679                 _sms_manager
     00000953  A$_sms_manager$680                 _sms_manager
     00000954  A$_sms_manager$681                 _sms_manager
     00000957  A$_sms_manager$682                 _sms_manager
     00000958  A$_sms_manager$683                 _sms_manager
     0000095A  A$_sms_manager$684                 _sms_manager
     0000095B  A$_sms_manager$685                 _sms_manager
     0000095C  A$_sms_manager$686                 _sms_manager
     0000095D  A$_sms_manager$687                 _sms_manager
     0000095E  A$_sms_manager$688                 _sms_manager
     0000095F  A$_sms_manager$689                 _sms_manager
     00000962  A$_sms_manager$690                 _sms_manager
     00000963  A$_sms_manager$691                 _sms_manager
     00000966  A$_sms_manager$692                 _sms_manager
     00000967  A$_sms_manager$693                 _sms_manager
     00000968  A$_sms_manager$694                 _sms_manager
     00000969  A$_sms_manager$695                 _sms_manager
     0000096A  A$_sms_manager$699                 _sms_manager
     0000096A  C$_sms_manager.c$102$1_0$104       _sms_manager
     0000096D  A$_sms_manager$700                 _sms_manager
     00000970  A$_sms_manager$701                 _sms_manager
     00000971  A$_sms_manager$702                 _sms_manager
     00000972  A$_sms_manager$703                 _sms_manager
     00000973  A$_sms_manager$704                 _sms_manager
     00000974  A$_sms_manager$705                 _sms_manager
     00000975  A$_sms_manager$706                 _sms_manager
     00000976  A$_sms_manager$707                 _sms_manager
     00000977  A$_sms_manager$708                 _sms_manager
     00000978  A$_sms_manager$709                 _sms_manager
     00000979  A$_sms_manager$710                 _sms_manager
     0000097A  A$_sms_manager$711                 _sms_manager
     0000097D  A$_sms_manager$712                 _sms_manager
     0000097E  A$_sms_manager$713                 _sms_manager
     0000097F  A$_sms_manager$714                 _sms_manager
     00000980  A$_sms_manager$718                 _sms_manager
     00000980  C$_sms_manager.c$104$1_0$104       _sms_manager
     00000983  A$_sms_manager$719                 _sms_manager
     00000986  A$_sms_manager$720                 _sms_manager
     00000989  A$_sms_manager$721                 _sms_manager
     0000098A  A$_sms_manager$722                 _sms_manager
ASxxxx Linker V03.00 + NoICE + sdld,  page 12.
Hexadecimal  [32-Bits]

Area                                    Addr        Size        Decimal Bytes (Attributes)
--------------------------------        ----        ----        ------- ----- ------------
_CODE                               00000200    00003CC7 =       15559. bytes (REL,CON)

      Value  Global                              Global Defined In Module
      -----  --------------------------------   ------------------------
     0000098B  A$_sms_manager$723                 _sms_manager
     0000098D  A$_sms_manager$724                 _sms_manager
     0000098E  A$_sms_manager$725                 _sms_manager
     0000098F  A$_sms_manager$726                 _sms_manager
     00000990  A$_sms_manager$727                 _sms_manager
     00000991  A$_sms_manager$728                 _sms_manager
     00000992  A$_sms_manager$729                 _sms_manager
     00000995  A$_sms_manager$730                 _sms_manager
     00000996  A$_sms_manager$731                 _sms_manager
     00000999  A$_sms_manager$732                 _sms_manager
     0000099A  A$_sms_manager$733                 _sms_manager
     0000099B  A$_sms_manager$734                 _sms_manager
     0000099C  A$_sms_manager$735                 _sms_manager
     0000099D  A$_sms_manager$739                 _sms_manager
     0000099D  C$_sms_manager.c$105$1_0$104       _sms_manager
     000009A0  A$_sms_manager$740                 _sms_manager
     000009A2  A$_sms_manager$741                 _sms_manager
     000009A3  A$_sms_manager$742                 _sms_manager
     000009A6  A$_sms_manager$743                 _sms_manager
     000009A8  A$_sms_manager$744                 _sms_manager
     000009A9  A$_sms_manager$745                 _sms_manager
     000009AA  A$_sms_manager$746                 _sms_manager
     000009AB  A$_sms_manager$747                 _sms_manager
     000009AC  A$_sms_manager$748                 _sms_manager
     000009AD  A$_sms_manager$749                 _sms_manager
     000009AE  A$_sms_manager$750                 _sms_manager
     000009AF  A$_sms_manager$751                 _sms_manager
     000009B0  A$_sms_manager$752                 _sms_manager
     000009B3  A$_sms_manager$753                 _sms_manager
     000009B4  A$_sms_manager$754                 _sms_manager
     000009B5  A$_sms_manager$755                 _sms_manager
     000009B6  A$_sms_manager$759                 _sms_manager
     000009B6  C$_sms_manager.c$107$1_0$104       _sms_manager
     000009B9  A$_sms_manager$760                 _sms_manager
     000009BC  A$_sms_manager$761                 _sms_manager
     000009BF  A$_sms_manager$762                 _sms_manager
     000009C0  A$_sms_manager$763                 _sms_manager
     000009C1  A$_sms_manager$764                 _sms_manager
     000009C3  A$_sms_manager$765                 _sms_manager
     000009C4  A$_sms_manager$766                 _sms_manager
     000009C5  A$_sms_manager$767                 _sms_manager
     000009C6  A$_sms_manager$768                 _sms_manager
     000009C7  A$_sms_manager$769                 _sms_manager
     000009CA  A$_sms_manager$770                 _sms_manager
     000009CB  A$_sms_manager$771                 _sms_manager
     000009CE  A$_sms_manager$772                 _sms_manager
     000009CF  A$_sms_manager$773                 _sms_manager
     000009D0  A$_sms_manager$774                 _sms_manager
     000009D1  A$_sms_manager$778                 _sms_manager
     000009D1  C$_sms_manager.c$108$1_0$104       _sms_manager
     000009D4  A$_sms_manager$779                 _sms_manager
ASxxxx Linker V03.00 + NoICE + sdld,  page 13.
Hexadecimal  [32-Bits]

Area                                    Addr        Size        Decimal Bytes (Attributes)
--------------------------------        ----        ----        ------- ----- ------------
_CODE                               00000200    00003CC7 =       15559. bytes (REL,CON)

      Value  Global                              Global Defined In Module
      -----  --------------------------------   ------------------------
     000009D7  A$_sms_manager$780                 _sms_manager
     000009DA  A$_sms_manager$781                 _sms_manager
     000009DB  A$_sms_manager$782                 _sms_manager
     000009DC  A$_sms_manager$783                 _sms_manager
     000009DD  A$_sms_manager$784                 _sms_manager
     000009DE  A$_sms_manager$785                 _sms_manager
     000009DF  A$_sms_manager$786                 _sms_manager
     000009E0  A$_sms_manager$787                 _sms_manager
     000009E1  A$_sms_manager$788                 _sms_manager
     000009E4  A$_sms_manager$789                 _sms_manager
     000009E5  A$_sms_manager$790                 _sms_manager
     000009E6  A$_sms_manager$794                 _sms_manager
     000009E8  A$_sms_manager$799                 _sms_manager
     000009E8  C$_sms_manager.c$109$1_0$104       _sms_manager
     000009E8  XG$devkit_SMS_addSprite_bulk8$0$   _sms_manager
     000009E9  A$_sms_manager$809                 _sms_manager
     000009E9  C$_sms_manager.c$110$1_0$106       _sms_manager
     000009E9  G$devkit_SMS_addSprite_bulk12$0$   _sms_manager
     000009E9  _devkit_SMS_addSprite_bulk12       _sms_manager
     000009EB  A$_sms_manager$810                 _sms_manager
     000009EF  A$_sms_manager$811                 _sms_manager
     000009F1  A$_sms_manager$812                 _sms_manager
     000009F2  A$_sms_manager$816                 _sms_manager
     000009F2  C$_sms_manager.c$112$1_0$106       _sms_manager
     000009F5  A$_sms_manager$817                 _sms_manager
     000009F6  A$_sms_manager$818                 _sms_manager
     000009F7  A$_sms_manager$819                 _sms_manager
     000009FA  A$_sms_manager$820                 _sms_manager
     000009FB  A$_sms_manager$821                 _sms_manager
     000009FE  A$_sms_manager$822                 _sms_manager
     000009FF  A$_sms_manager$823                 _sms_manager
     00000A00  A$_sms_manager$824                 _sms_manager
     00000A03  A$_sms_manager$825                 _sms_manager
     00000A04  A$_sms_manager$826                 _sms_manager
     00000A05  A$_sms_manager$827                 _sms_manager
     00000A06  A$_sms_manager$831                 _sms_manager
     00000A06  C$_sms_manager.c$113$1_0$106       _sms_manager
     00000A07  A$_sms_manager$832                 _sms_manager
     00000A08  A$_sms_manager$833                 _sms_manager
     00000A0B  A$_sms_manager$834                 _sms_manager
     00000A0C  A$_sms_manager$835                 _sms_manager
     00000A0E  A$_sms_manager$836                 _sms_manager
     00000A11  A$_sms_manager$837                 _sms_manager
     00000A12  A$_sms_manager$838                 _sms_manager
     00000A13  A$_sms_manager$839                 _sms_manager
     00000A14  A$_sms_manager$840                 _sms_manager
     00000A17  A$_sms_manager$841                 _sms_manager
     00000A1A  A$_sms_manager$842                 _sms_manager
     00000A1B  A$_sms_manager$843                 _sms_manager
     00000A1E  A$_sms_manager$844                 _sms_manager
     00000A1F  A$_sms_manager$845                 _sms_manager
ASxxxx Linker V03.00 + NoICE + sdld,  page 14.
Hexadecimal  [32-Bits]

Area                                    Addr        Size        Decimal Bytes (Attributes)
--------------------------------        ----        ----        ------- ----- ------------
_CODE                               00000200    00003CC7 =       15559. bytes (REL,CON)

      Value  Global                              Global Defined In Module
      -----  --------------------------------   ------------------------
     00000A20  A$_sms_manager$846                 _sms_manager
     00000A21  A$_sms_manager$850                 _sms_manager
     00000A21  C$_sms_manager.c$114$1_0$106       _sms_manager
     00000A22  A$_sms_manager$851                 _sms_manager
     00000A23  A$_sms_manager$852                 _sms_manager
     00000A24  A$_sms_manager$853                 _sms_manager
     00000A25  A$_sms_manager$854                 _sms_manager
     00000A27  A$_sms_manager$855                 _sms_manager
     00000A28  A$_sms_manager$856                 _sms_manager
     00000A29  A$_sms_manager$857                 _sms_manager
     00000A2A  A$_sms_manager$858                 _sms_manager
     00000A2D  A$_sms_manager$859                 _sms_manager
     00000A2E  A$_sms_manager$860                 _sms_manager
     00000A2F  A$_sms_manager$861                 _sms_manager
     00000A30  A$_sms_manager$862                 _sms_manager
     00000A33  A$_sms_manager$863                 _sms_manager
     00000A34  A$_sms_manager$864                 _sms_manager
     00000A35  A$_sms_manager$865                 _sms_manager
     00000A36  A$_sms_manager$869                 _sms_manager
     00000A36  C$_sms_manager.c$116$1_0$106       _sms_manager
     00000A37  A$_sms_manager$870                 _sms_manager
     00000A38  A$_sms_manager$871                 _sms_manager
     00000A39  A$_sms_manager$872                 _sms_manager
     00000A3A  A$_sms_manager$873                 _sms_manager
     00000A3D  A$_sms_manager$874                 _sms_manager
     00000A3E  A$_sms_manager$875                 _sms_manager
     00000A40  A$_sms_manager$876                 _sms_manager
     00000A41  A$_sms_manager$877                 _sms_manager
     00000A42  A$_sms_manager$878                 _sms_manager
     00000A43  A$_sms_manager$879                 _sms_manager
     00000A44  A$_sms_manager$880                 _sms_manager
     00000A45  A$_sms_manager$881                 _sms_manager
     00000A46  A$_sms_manager$882                 _sms_manager
     00000A47  A$_sms_manager$883                 _sms_manager
     00000A48  A$_sms_manager$884                 _sms_manager
     00000A4B  A$_sms_manager$885                 _sms_manager
     00000A4C  A$_sms_manager$886                 _sms_manager
     00000A4D  A$_sms_manager$887                 _sms_manager
     00000A50  A$_sms_manager$888                 _sms_manager
     00000A51  A$_sms_manager$889                 _sms_manager
     00000A52  A$_sms_manager$890                 _sms_manager
     00000A53  A$_sms_manager$891                 _sms_manager
     00000A54  A$_sms_manager$895                 _sms_manager
     00000A54  C$_sms_manager.c$117$1_0$106       _sms_manager
     00000A55  A$_sms_manager$896                 _sms_manager
     00000A56  A$_sms_manager$897                 _sms_manager
     00000A57  A$_sms_manager$898                 _sms_manager
     00000A58  A$_sms_manager$899                 _sms_manager
     00000A59  A$_sms_manager$900                 _sms_manager
     00000A5A  A$_sms_manager$901                 _sms_manager
     00000A5B  A$_sms_manager$902                 _sms_manager
ASxxxx Linker V03.00 + NoICE + sdld,  page 15.
Hexadecimal  [32-Bits]

Area                                    Addr        Size        Decimal Bytes (Attributes)
--------------------------------        ----        ----        ------- ----- ------------
_CODE                               00000200    00003CC7 =       15559. bytes (REL,CON)

      Value  Global                              Global Defined In Module
      -----  --------------------------------   ------------------------
     00000A5C  A$_sms_manager$903                 _sms_manager
     00000A5D  A$_sms_manager$904                 _sms_manager
     00000A5E  A$_sms_manager$905                 _sms_manager
     00000A5F  A$_sms_manager$906                 _sms_manager
     00000A62  A$_sms_manager$907                 _sms_manager
     00000A63  A$_sms_manager$908                 _sms_manager
     00000A64  A$_sms_manager$909                 _sms_manager
     00000A67  A$_sms_manager$910                 _sms_manager
     00000A68  A$_sms_manager$911                 _sms_manager
     00000A69  A$_sms_manager$912                 _sms_manager
     00000A6A  A$_sms_manager$913                 _sms_manager
     00000A6B  A$_sms_manager$917                 _sms_manager
     00000A6B  C$_sms_manager.c$118$1_0$106       _sms_manager
     00000A6C  A$_sms_manager$918                 _sms_manager
     00000A6E  A$_sms_manager$919                 _sms_manager
     00000A6F  A$_sms_manager$920                 _sms_manager
     00000A70  A$_sms_manager$921                 _sms_manager
     00000A71  A$_sms_manager$922                 _sms_manager
     00000A72  A$_sms_manager$923                 _sms_manager
     00000A73  A$_sms_manager$924                 _sms_manager
     00000A74  A$_sms_manager$925                 _sms_manager
     00000A77  A$_sms_manager$926                 _sms_manager
     00000A78  A$_sms_manager$927                 _sms_manager
     00000A79  A$_sms_manager$928                 _sms_manager
     00000A7A  A$_sms_manager$929                 _sms_manager
     00000A7B  A$_sms_manager$933                 _sms_manager
     00000A7B  C$_sms_manager.c$120$1_0$106       _sms_manager
     00000A7C  A$_sms_manager$934                 _sms_manager
     00000A7E  A$_sms_manager$935                 _sms_manager
     00000A7F  A$_sms_manager$936                 _sms_manager
     00000A80  A$_sms_manager$937                 _sms_manager
     00000A82  A$_sms_manager$938                 _sms_manager
     00000A83  A$_sms_manager$939                 _sms_manager
     00000A84  A$_sms_manager$940                 _sms_manager
     00000A85  A$_sms_manager$941                 _sms_manager
     00000A86  A$_sms_manager$942                 _sms_manager
     00000A87  A$_sms_manager$943                 _sms_manager
     00000A8A  A$_sms_manager$944                 _sms_manager
     00000A8B  A$_sms_manager$945                 _sms_manager
     00000A8C  A$_sms_manager$946                 _sms_manager
     00000A8F  A$_sms_manager$947                 _sms_manager
     00000A90  A$_sms_manager$948                 _sms_manager
     00000A91  A$_sms_manager$949                 _sms_manager
     00000A92  A$_sms_manager$950                 _sms_manager
     00000A93  A$_sms_manager$954                 _sms_manager
     00000A93  C$_sms_manager.c$121$1_0$106       _sms_manager
     00000A94  A$_sms_manager$955                 _sms_manager
     00000A96  A$_sms_manager$956                 _sms_manager
     00000A97  A$_sms_manager$957                 _sms_manager
     00000A98  A$_sms_manager$958                 _sms_manager
     00000A99  A$_sms_manager$959                 _sms_manager
ASxxxx Linker V03.00 + NoICE + sdld,  page 16.
Hexadecimal  [32-Bits]

Area                                    Addr        Size        Decimal Bytes (Attributes)
--------------------------------        ----        ----        ------- ----- ------------
_CODE                               00000200    00003CC7 =       15559. bytes (REL,CON)

      Value  Global                              Global Defined In Module
      -----  --------------------------------   ------------------------
     00000A9A  A$_sms_manager$960                 _sms_manager
     00000A9B  A$_sms_manager$961                 _sms_manager
     00000A9C  A$_sms_manager$962                 _sms_manager
     00000A9F  A$_sms_manager$963                 _sms_manager
     00000AA0  A$_sms_manager$964                 _sms_manager
     00000AA1  A$_sms_manager$965                 _sms_manager
     00000AA4  A$_sms_manager$966                 _sms_manager
     00000AA5  A$_sms_manager$967                 _sms_manager
     00000AA6  A$_sms_manager$968                 _sms_manager
     00000AA7  A$_sms_manager$969                 _sms_manager
     00000AA8  A$_sms_manager$973                 _sms_manager
     00000AA8  C$_sms_manager.c$122$1_0$106       _sms_manager
     00000AA9  A$_sms_manager$974                 _sms_manager
     00000AAB  A$_sms_manager$975                 _sms_manager
     00000AAC  A$_sms_manager$976                 _sms_manager
     00000AAD  A$_sms_manager$977                 _sms_manager
     00000AAE  A$_sms_manager$978                 _sms_manager
     00000AAF  A$_sms_manager$979                 _sms_manager
     00000AB0  A$_sms_manager$980                 _sms_manager
     00000AB1  A$_sms_manager$981                 _sms_manager
     00000AB4  A$_sms_manager$982                 _sms_manager
     00000AB5  A$_sms_manager$983                 _sms_manager
     00000AB6  A$_sms_manager$984                 _sms_manager
     00000AB7  A$_sms_manager$985                 _sms_manager
     00000AB8  A$_sms_manager$989                 _sms_manager
     00000AB8  C$_sms_manager.c$124$1_0$106       _sms_manager
     00000AB9  A$_sms_manager$990                 _sms_manager
     00000ABB  A$_sms_manager$991                 _sms_manager
     00000ABC  A$_sms_manager$992                 _sms_manager
     00000ABD  A$_sms_manager$993                 _sms_manager
     00000ABF  A$_sms_manager$994                 _sms_manager
     00000AC0  A$_sms_manager$995                 _sms_manager
     00000AC1  A$_sms_manager$996                 _sms_manager
     00000AC2  A$_sms_manager$997                 _sms_manager
     00000AC3  A$_sms_manager$998                 _sms_manager
     00000AC4  A$_sms_manager$999                 _sms_manager
     00000AC7  A$_sms_manager$1000                _sms_manager
     00000AC8  A$_sms_manager$1001                _sms_manager
     00000AC9  A$_sms_manager$1002                _sms_manager
     00000ACC  A$_sms_manager$1003                _sms_manager
     00000ACD  A$_sms_manager$1004                _sms_manager
     00000ACE  A$_sms_manager$1005                _sms_manager
     00000ACF  A$_sms_manager$1006                _sms_manager
     00000AD0  A$_sms_manager$1010                _sms_manager
     00000AD0  C$_sms_manager.c$125$1_0$106       _sms_manager
     00000AD1  A$_sms_manager$1011                _sms_manager
     00000AD3  A$_sms_manager$1012                _sms_manager
     00000AD4  A$_sms_manager$1013                _sms_manager
     00000AD5  A$_sms_manager$1014                _sms_manager
     00000AD6  A$_sms_manager$1015                _sms_manager
     00000AD7  A$_sms_manager$1016                _sms_manager
ASxxxx Linker V03.00 + NoICE + sdld,  page 17.
Hexadecimal  [32-Bits]

Area                                    Addr        Size        Decimal Bytes (Attributes)
--------------------------------        ----        ----        ------- ----- ------------
_CODE                               00000200    00003CC7 =       15559. bytes (REL,CON)

      Value  Global                              Global Defined In Module
      -----  --------------------------------   ------------------------
     00000AD8  A$_sms_manager$1017                _sms_manager
     00000AD9  A$_sms_manager$1018                _sms_manager
     00000ADC  A$_sms_manager$1019                _sms_manager
     00000ADD  A$_sms_manager$1020                _sms_manager
     00000ADE  A$_sms_manager$1021                _sms_manager
     00000AE1  A$_sms_manager$1022                _sms_manager
     00000AE2  A$_sms_manager$1023                _sms_manager
     00000AE3  A$_sms_manager$1024                _sms_manager
     00000AE4  A$_sms_manager$1025                _sms_manager
     00000AE5  A$_sms_manager$1029                _sms_manager
     00000AE5  C$_sms_manager.c$126$1_0$106       _sms_manager
     00000AE6  A$_sms_manager$1030                _sms_manager
     00000AE8  A$_sms_manager$1031                _sms_manager
     00000AE9  A$_sms_manager$1032                _sms_manager
     00000AEA  A$_sms_manager$1033                _sms_manager
     00000AEB  A$_sms_manager$1034                _sms_manager
     00000AEC  A$_sms_manager$1035                _sms_manager
     00000AEF  A$_sms_manager$1036                _sms_manager
     00000AF0  A$_sms_manager$1037                _sms_manager
     00000AF1  A$_sms_manager$1041                _sms_manager
     00000AF2  A$_sms_manager$1042                _sms_manager
     00000AF4  A$_sms_manager$1047                _sms_manager
     00000AF4  C$_sms_manager.c$127$1_0$106       _sms_manager
     00000AF4  XG$devkit_SMS_addSprite_bulk12$0   _sms_manager
     00000AF5  A$_sms_manager$1067                _sms_manager
     00000AF5  C$_sms_manager.c$129$1_0$107       _sms_manager
     00000AF5  C$_sms_manager.c$131$1_0$107       _sms_manager
     00000AF5  C$_sms_manager.c$132$1_0$107       _sms_manager
     00000AF5  G$devkit_SMS_initSprites$0$0       _sms_manager
     00000AF5  XG$devkit_SMS_initSprites$0$0      _sms_manager
     00000AF5  _devkit_SMS_initSprites            _sms_manager
     00000AF8  A$_sms_manager$1087                _sms_manager
     00000AF8  C$_sms_manager.c$133$1_0$108       _sms_manager
     00000AF8  C$_sms_manager.c$135$1_0$108       _sms_manager
     00000AF8  C$_sms_manager.c$136$1_0$108       _sms_manager
     00000AF8  G$devkit_SMS_finalizeSprites$0$0   _sms_manager
     00000AF8  XG$devkit_SMS_finalizeSprites$0$   _sms_manager
     00000AF8  _devkit_SMS_finalizeSprites        _sms_manager
     00000AFB  A$_sms_manager$1107                _sms_manager
     00000AFB  C$_sms_manager.c$137$1_0$109       _sms_manager
     00000AFB  C$_sms_manager.c$139$1_0$109       _sms_manager
     00000AFB  C$_sms_manager.c$140$1_0$109       _sms_manager
     00000AFB  G$devkit_SMS_waitForVBlank$0$0     _sms_manager
     00000AFB  XG$devkit_SMS_waitForVBlank$0$0    _sms_manager
     00000AFB  _devkit_SMS_waitForVBlank          _sms_manager
     00000AFE  A$_sms_manager$1127                _sms_manager
     00000AFE  C$_sms_manager.c$141$1_0$110       _sms_manager
     00000AFE  C$_sms_manager.c$143$1_0$110       _sms_manager
     00000AFE  C$_sms_manager.c$144$1_0$110       _sms_manager
     00000AFE  G$devkit_SMS_copySpritestoSAT$0$   _sms_manager
     00000AFE  XG$devkit_SMS_copySpritestoSAT$0   _sms_manager
ASxxxx Linker V03.00 + NoICE + sdld,  page 18.
Hexadecimal  [32-Bits]

Area                                    Addr        Size        Decimal Bytes (Attributes)
--------------------------------        ----        ----        ------- ----- ------------
_CODE                               00000200    00003CC7 =       15559. bytes (REL,CON)

      Value  Global                              Global Defined In Module
      -----  --------------------------------   ------------------------
     00000AFE  _devkit_SMS_copySpritestoSAT       _sms_manager
     00000B01  A$_sms_manager$1147                _sms_manager
     00000B01  C$_sms_manager.c$145$1_0$111       _sms_manager
     00000B01  C$_sms_manager.c$147$1_0$111       _sms_manager
     00000B01  C$_sms_manager.c$148$1_0$111       _sms_manager
     00000B01  G$devkit_UNSAFE_SMS_copySpritest   _sms_manager
     00000B01  XG$devkit_UNSAFE_SMS_copySprites   _sms_manager
     00000B01  _devkit_UNSAFE_SMS_copySpritesto   _sms_manager
     00000B04  A$_sms_manager$1167                _sms_manager
     00000B04  C$_sms_manager.c$150$1_0$112       _sms_manager
     00000B04  C$_sms_manager.c$152$1_0$112       _sms_manager
     00000B04  C$_sms_manager.c$153$1_0$112       _sms_manager
     00000B04  G$devkit_SMS_queryPauseRequested   _sms_manager
     00000B04  XG$devkit_SMS_queryPauseRequeste   _sms_manager
     00000B04  _devkit_SMS_queryPauseRequested    _sms_manager
     00000B07  A$_sms_manager$1187                _sms_manager
     00000B07  C$_sms_manager.c$154$1_0$113       _sms_manager
     00000B07  C$_sms_manager.c$156$1_0$113       _sms_manager
     00000B07  C$_sms_manager.c$157$1_0$113       _sms_manager
     00000B07  G$devkit_SMS_resetPauseRequest$0   _sms_manager
     00000B07  XG$devkit_SMS_resetPauseRequest$   _sms_manager
     00000B07  _devkit_SMS_resetPauseRequest      _sms_manager
     00000B0A  A$_sms_manager$1200                _sms_manager
     00000B0A  C$_sms_manager.c$159$1_0$114       _sms_manager
     00000B0A  C$_sms_manager.c$161$1_0$114       _sms_manager
     00000B0A  G$devkit_isCollisionDetected$0$0   _sms_manager
     00000B0A  _devkit_isCollisionDetected        _sms_manager
     00000B0D  A$_sms_manager$1201                _sms_manager
     00000B0F  A$_sms_manager$1202                _sms_manager
     00000B10  A$_sms_manager$1210                _sms_manager
     00000B10  C$_sms_manager.c$162$1_0$114       _sms_manager
     00000B10  XG$devkit_isCollisionDetected$0$   _sms_manager
     00000B11  A$_sms_manager$1230                _sms_manager
     00000B11  C$_sms_manager.c$165$1_0$115       _sms_manager
     00000B11  C$_sms_manager.c$167$1_0$115       _sms_manager
     00000B11  C$_sms_manager.c$168$1_0$115       _sms_manager
     00000B11  G$devkit_SMS_getKeysStatus$0$0     _sms_manager
     00000B11  XG$devkit_SMS_getKeysStatus$0$0    _sms_manager
     00000B11  _devkit_SMS_getKeysStatus          _sms_manager
     00000B14  A$_sms_manager$1243                _sms_manager
     00000B14  C$_sms_manager.c$169$1_0$116       _sms_manager
     00000B14  C$_sms_manager.c$171$1_0$116       _sms_manager
     00000B14  G$devkit_PORT_A_KEY_UP$0$0         _sms_manager
     00000B14  _devkit_PORT_A_KEY_UP              _sms_manager
     00000B17  A$_sms_manager$1251                _sms_manager
     00000B17  C$_sms_manager.c$172$1_0$116       _sms_manager
     00000B17  XG$devkit_PORT_A_KEY_UP$0$0        _sms_manager
     00000B18  A$_sms_manager$1264                _sms_manager
     00000B18  C$_sms_manager.c$173$1_0$117       _sms_manager
     00000B18  C$_sms_manager.c$175$1_0$117       _sms_manager
     00000B18  G$devkit_PORT_A_KEY_DOWN$0$0       _sms_manager
ASxxxx Linker V03.00 + NoICE + sdld,  page 19.
Hexadecimal  [32-Bits]

Area                                    Addr        Size        Decimal Bytes (Attributes)
--------------------------------        ----        ----        ------- ----- ------------
_CODE                               00000200    00003CC7 =       15559. bytes (REL,CON)

      Value  Global                              Global Defined In Module
      -----  --------------------------------   ------------------------
     00000B18  _devkit_PORT_A_KEY_DOWN            _sms_manager
     00000B1B  A$_sms_manager$1272                _sms_manager
     00000B1B  C$_sms_manager.c$176$1_0$117       _sms_manager
     00000B1B  XG$devkit_PORT_A_KEY_DOWN$0$0      _sms_manager
     00000B1C  A$_sms_manager$1285                _sms_manager
     00000B1C  C$_sms_manager.c$177$1_0$118       _sms_manager
     00000B1C  C$_sms_manager.c$179$1_0$118       _sms_manager
     00000B1C  G$devkit_PORT_A_KEY_LEFT$0$0       _sms_manager
     00000B1C  _devkit_PORT_A_KEY_LEFT            _sms_manager
     00000B1F  A$_sms_manager$1293                _sms_manager
     00000B1F  C$_sms_manager.c$180$1_0$118       _sms_manager
     00000B1F  XG$devkit_PORT_A_KEY_LEFT$0$0      _sms_manager
     00000B20  A$_sms_manager$1306                _sms_manager
     00000B20  C$_sms_manager.c$181$1_0$119       _sms_manager
     00000B20  C$_sms_manager.c$183$1_0$119       _sms_manager
     00000B20  G$devkit_PORT_A_KEY_RIGHT$0$0      _sms_manager
     00000B20  _devkit_PORT_A_KEY_RIGHT           _sms_manager
     00000B23  A$_sms_manager$1314                _sms_manager
     00000B23  C$_sms_manager.c$184$1_0$119       _sms_manager
     00000B23  XG$devkit_PORT_A_KEY_RIGHT$0$0     _sms_manager
     00000B24  A$_sms_manager$1327                _sms_manager
     00000B24  C$_sms_manager.c$185$1_0$120       _sms_manager
     00000B24  C$_sms_manager.c$187$1_0$120       _sms_manager
     00000B24  G$devkit_PORT_A_KEY_1$0$0          _sms_manager
     00000B24  _devkit_PORT_A_KEY_1               _sms_manager
     00000B27  A$_sms_manager$1335                _sms_manager
     00000B27  C$_sms_manager.c$188$1_0$120       _sms_manager
     00000B27  XG$devkit_PORT_A_KEY_1$0$0         _sms_manager
     00000B28  A$_sms_manager$1348                _sms_manager
     00000B28  C$_sms_manager.c$189$1_0$121       _sms_manager
     00000B28  C$_sms_manager.c$191$1_0$121       _sms_manager
     00000B28  G$devkit_PORT_A_KEY_2$0$0          _sms_manager
     00000B28  _devkit_PORT_A_KEY_2               _sms_manager
     00000B2B  A$_sms_manager$1356                _sms_manager
     00000B2B  C$_sms_manager.c$192$1_0$121       _sms_manager
     00000B2B  XG$devkit_PORT_A_KEY_2$0$0         _sms_manager
     00000B2C  A$_sms_manager$1369                _sms_manager
     00000B2C  C$_sms_manager.c$195$1_0$122       _sms_manager
     00000B2C  C$_sms_manager.c$197$1_0$122       _sms_manager
     00000B2C  G$devkit_SPRITEMODE_NORMAL$0$0     _sms_manager
     00000B2C  _devkit_SPRITEMODE_NORMAL          _sms_manager
     00000B2E  A$_sms_manager$1377                _sms_manager
     00000B2E  C$_sms_manager.c$198$1_0$122       _sms_manager
     00000B2E  XG$devkit_SPRITEMODE_NORMAL$0$0    _sms_manager
     00000B2F  A$_sms_manager$1390                _sms_manager
     00000B2F  C$_sms_manager.c$199$1_0$123       _sms_manager
     00000B2F  C$_sms_manager.c$201$1_0$123       _sms_manager
     00000B2F  G$devkit_VDPFEATURE_HIDEFIRSTCOL   _sms_manager
     00000B2F  _devkit_VDPFEATURE_HIDEFIRSTCOL    _sms_manager
     00000B32  A$_sms_manager$1398                _sms_manager
     00000B32  C$_sms_manager.c$202$1_0$123       _sms_manager
ASxxxx Linker V03.00 + NoICE + sdld,  page 20.
Hexadecimal  [32-Bits]

Area                                    Addr        Size        Decimal Bytes (Attributes)
--------------------------------        ----        ----        ------- ----- ------------
_CODE                               00000200    00003CC7 =       15559. bytes (REL,CON)

      Value  Global                              Global Defined In Module
      -----  --------------------------------   ------------------------
     00000B32  XG$devkit_VDPFEATURE_HIDEFIRSTCO   _sms_manager
     00000B33  F_sms_manager$__str_0$0_0$0        _sms_manager
     00000B41  F_sms_manager$__str_1$0_0$0        _sms_manager
     00000B50  F_sms_manager$__str_2$0_0$0        _sms_manager
     00000B78  A$_snd_manager$89                  _snd_manager
     00000B78  C$_snd_manager.c$11$1_0$34         _snd_manager
     00000B78  C$_snd_manager.c$9$0_0$34          _snd_manager
     00000B78  G$devkit_PSGPlay$0$0               _snd_manager
     00000B78  _devkit_PSGPlay                    _snd_manager
     00000B79  A$_snd_manager$90                  _snd_manager
     00000B7A  A$_snd_manager$91                  _snd_manager
     00000B7B  A$_snd_manager$92                  _snd_manager
     00000B7C  A$_snd_manager$93                  _snd_manager
     00000B7D  A$_snd_manager$94                  _snd_manager
     00000B80  A$_snd_manager$95                  _snd_manager
     00000B81  A$_snd_manager$103                 _snd_manager
     00000B81  C$_snd_manager.c$12$1_0$34         _snd_manager
     00000B81  XG$devkit_PSGPlay$0$0              _snd_manager
     00000B82  A$_snd_manager$123                 _snd_manager
     00000B82  C$_snd_manager.c$13$1_0$36         _snd_manager
     00000B82  C$_snd_manager.c$15$1_0$36         _snd_manager
     00000B82  C$_snd_manager.c$16$1_0$36         _snd_manager
     00000B82  G$devkit_PSGCancelLoop$0$0         _snd_manager
     00000B82  XG$devkit_PSGCancelLoop$0$0        _snd_manager
     00000B82  _devkit_PSGCancelLoop              _snd_manager
     00000B85  A$_snd_manager$136                 _snd_manager
     00000B85  C$_snd_manager.c$17$1_0$38         _snd_manager
     00000B85  C$_snd_manager.c$19$1_0$38         _snd_manager
     00000B85  G$devkit_PSGPlayNoRepeat$0$0       _snd_manager
     00000B85  _devkit_PSGPlayNoRepeat            _snd_manager
     00000B86  A$_snd_manager$137                 _snd_manager
     00000B87  A$_snd_manager$138                 _snd_manager
     00000B88  A$_snd_manager$139                 _snd_manager
     00000B89  A$_snd_manager$140                 _snd_manager
     00000B8A  A$_snd_manager$141                 _snd_manager
     00000B8D  A$_snd_manager$142                 _snd_manager
     00000B8E  A$_snd_manager$150                 _snd_manager
     00000B8E  C$_snd_manager.c$20$1_0$38         _snd_manager
     00000B8E  XG$devkit_PSGPlayNoRepeat$0$0      _snd_manager
     00000B8F  A$_snd_manager$170                 _snd_manager
     00000B8F  C$_snd_manager.c$21$1_0$40         _snd_manager
     00000B8F  C$_snd_manager.c$23$1_0$40         _snd_manager
     00000B8F  C$_snd_manager.c$24$1_0$40         _snd_manager
     00000B8F  G$devkit_PSGStop$0$0               _snd_manager
     00000B8F  XG$devkit_PSGStop$0$0              _snd_manager
     00000B8F  _devkit_PSGStop                    _snd_manager
     00000B92  A$_snd_manager$190                 _snd_manager
     00000B92  C$_snd_manager.c$25$1_0$42         _snd_manager
     00000B92  C$_snd_manager.c$27$1_0$42         _snd_manager
     00000B92  C$_snd_manager.c$28$1_0$42         _snd_manager
     00000B92  G$devkit_PSGResume$0$0             _snd_manager
ASxxxx Linker V03.00 + NoICE + sdld,  page 21.
Hexadecimal  [32-Bits]

Area                                    Addr        Size        Decimal Bytes (Attributes)
--------------------------------        ----        ----        ------- ----- ------------
_CODE                               00000200    00003CC7 =       15559. bytes (REL,CON)

      Value  Global                              Global Defined In Module
      -----  --------------------------------   ------------------------
     00000B92  XG$devkit_PSGResume$0$0            _snd_manager
     00000B92  _devkit_PSGResume                  _snd_manager
     00000B95  A$_snd_manager$210                 _snd_manager
     00000B95  C$_snd_manager.c$29$1_0$44         _snd_manager
     00000B95  C$_snd_manager.c$31$1_0$44         _snd_manager
     00000B95  C$_snd_manager.c$32$1_0$44         _snd_manager
     00000B95  G$devkit_PSGGetStatus$0$0          _snd_manager
     00000B95  XG$devkit_PSGGetStatus$0$0         _snd_manager
     00000B95  _devkit_PSGGetStatus               _snd_manager
     00000B98  A$_snd_manager$223                 _snd_manager
     00000B98  C$_snd_manager.c$33$1_0$46         _snd_manager
     00000B98  C$_snd_manager.c$35$1_0$46         _snd_manager
     00000B98  G$devkit_PSGSetMusicVolumeAttenu   _snd_manager
     00000B98  _devkit_PSGSetMusicVolumeAttenua   _snd_manager
     00000B9B  A$_snd_manager$224                 _snd_manager
     00000B9C  A$_snd_manager$225                 _snd_manager
     00000B9D  A$_snd_manager$226                 _snd_manager
     00000B9E  A$_snd_manager$227                 _snd_manager
     00000B9F  A$_snd_manager$228                 _snd_manager
     00000BA2  A$_snd_manager$229                 _snd_manager
     00000BA3  A$_snd_manager$237                 _snd_manager
     00000BA3  C$_snd_manager.c$36$1_0$46         _snd_manager
     00000BA3  XG$devkit_PSGSetMusicVolumeAtten   _snd_manager
     00000BA4  A$_snd_manager$250                 _snd_manager
     00000BA4  C$_snd_manager.c$38$1_0$48         _snd_manager
     00000BA4  C$_snd_manager.c$40$1_0$48         _snd_manager
     00000BA4  G$devkit_PSGSFXPlay$0$0            _snd_manager
     00000BA4  _devkit_PSGSFXPlay                 _snd_manager
     00000BA8  A$_snd_manager$251                 _snd_manager
     00000BAA  A$_snd_manager$252                 _snd_manager
     00000BAD  A$_snd_manager$253                 _snd_manager
     00000BAE  A$_snd_manager$254                 _snd_manager
     00000BAF  A$_snd_manager$255                 _snd_manager
     00000BB2  A$_snd_manager$256                 _snd_manager
     00000BB5  A$_snd_manager$257                 _snd_manager
     00000BB6  A$_snd_manager$258                 _snd_manager
     00000BB9  A$_snd_manager$259                 _snd_manager
     00000BBA  A$_snd_manager$260                 _snd_manager
     00000BBB  A$_snd_manager$268                 _snd_manager
     00000BBB  C$_snd_manager.c$41$1_0$48         _snd_manager
     00000BBB  XG$devkit_PSGSFXPlay$0$0           _snd_manager
     00000BBC  A$_snd_manager$281                 _snd_manager
     00000BBC  C$_snd_manager.c$42$1_0$50         _snd_manager
     00000BBC  C$_snd_manager.c$44$1_0$50         _snd_manager
     00000BBC  G$devkit_PSGSFXPlayLoop$0$0        _snd_manager
     00000BBC  _devkit_PSGSFXPlayLoop             _snd_manager
     00000BC0  A$_snd_manager$282                 _snd_manager
     00000BC2  A$_snd_manager$283                 _snd_manager
     00000BC5  A$_snd_manager$284                 _snd_manager
     00000BC6  A$_snd_manager$285                 _snd_manager
     00000BC7  A$_snd_manager$286                 _snd_manager
ASxxxx Linker V03.00 + NoICE + sdld,  page 22.
Hexadecimal  [32-Bits]

Area                                    Addr        Size        Decimal Bytes (Attributes)
--------------------------------        ----        ----        ------- ----- ------------
_CODE                               00000200    00003CC7 =       15559. bytes (REL,CON)

      Value  Global                              Global Defined In Module
      -----  --------------------------------   ------------------------
     00000BCA  A$_snd_manager$287                 _snd_manager
     00000BCD  A$_snd_manager$288                 _snd_manager
     00000BCE  A$_snd_manager$289                 _snd_manager
     00000BD1  A$_snd_manager$290                 _snd_manager
     00000BD2  A$_snd_manager$291                 _snd_manager
     00000BD3  A$_snd_manager$299                 _snd_manager
     00000BD3  C$_snd_manager.c$45$1_0$50         _snd_manager
     00000BD3  XG$devkit_PSGSFXPlayLoop$0$0       _snd_manager
     00000BD4  A$_snd_manager$319                 _snd_manager
     00000BD4  C$_snd_manager.c$46$1_0$52         _snd_manager
     00000BD4  C$_snd_manager.c$48$1_0$52         _snd_manager
     00000BD4  C$_snd_manager.c$49$1_0$52         _snd_manager
     00000BD4  G$devkit_PSGSFXCancelLoop$0$0      _snd_manager
     00000BD4  XG$devkit_PSGSFXCancelLoop$0$0     _snd_manager
     00000BD4  _devkit_PSGSFXCancelLoop           _snd_manager
     00000BD7  A$_snd_manager$339                 _snd_manager
     00000BD7  C$_snd_manager.c$50$1_0$54         _snd_manager
     00000BD7  C$_snd_manager.c$52$1_0$54         _snd_manager
     00000BD7  C$_snd_manager.c$53$1_0$54         _snd_manager
     00000BD7  G$devkit_PSGSFXStop$0$0            _snd_manager
     00000BD7  XG$devkit_PSGSFXStop$0$0           _snd_manager
     00000BD7  _devkit_PSGSFXStop                 _snd_manager
     00000BDA  A$_snd_manager$359                 _snd_manager
     00000BDA  C$_snd_manager.c$54$1_0$56         _snd_manager
     00000BDA  C$_snd_manager.c$56$1_0$56         _snd_manager
     00000BDA  C$_snd_manager.c$57$1_0$56         _snd_manager
     00000BDA  G$devkit_PSGSFXGetStatus$0$0       _snd_manager
     00000BDA  XG$devkit_PSGSFXGetStatus$0$0      _snd_manager
     00000BDA  _devkit_PSGSFXGetStatus            _snd_manager
     00000BDD  A$_snd_manager$379                 _snd_manager
     00000BDD  C$_snd_manager.c$59$1_0$58         _snd_manager
     00000BDD  C$_snd_manager.c$61$1_0$58         _snd_manager
     00000BDD  C$_snd_manager.c$62$1_0$58         _snd_manager
     00000BDD  G$devkit_PSGSilenceChannels$0$0    _snd_manager
     00000BDD  XG$devkit_PSGSilenceChannels$0$0   _snd_manager
     00000BDD  _devkit_PSGSilenceChannels         _snd_manager
     00000BE0  A$_snd_manager$399                 _snd_manager
     00000BE0  C$_snd_manager.c$63$1_0$60         _snd_manager
     00000BE0  C$_snd_manager.c$65$1_0$60         _snd_manager
     00000BE0  C$_snd_manager.c$66$1_0$60         _snd_manager
     00000BE0  G$devkit_PSGRestoreVolumes$0$0     _snd_manager
     00000BE0  XG$devkit_PSGRestoreVolumes$0$0    _snd_manager
     00000BE0  _devkit_PSGRestoreVolumes          _snd_manager
     00000BE3  A$_snd_manager$419                 _snd_manager
     00000BE3  C$_snd_manager.c$68$1_0$62         _snd_manager
     00000BE3  C$_snd_manager.c$70$1_0$62         _snd_manager
     00000BE3  C$_snd_manager.c$71$1_0$62         _snd_manager
     00000BE3  G$devkit_PSGFrame$0$0              _snd_manager
     00000BE3  XG$devkit_PSGFrame$0$0             _snd_manager
     00000BE3  _devkit_PSGFrame                   _snd_manager
     00000BE6  A$_snd_manager$439                 _snd_manager
ASxxxx Linker V03.00 + NoICE + sdld,  page 23.
Hexadecimal  [32-Bits]

Area                                    Addr        Size        Decimal Bytes (Attributes)
--------------------------------        ----        ----        ------- ----- ------------
_CODE                               00000200    00003CC7 =       15559. bytes (REL,CON)

      Value  Global                              Global Defined In Module
      -----  --------------------------------   ------------------------
     00000BE6  C$_snd_manager.c$72$1_0$64         _snd_manager
     00000BE6  C$_snd_manager.c$74$1_0$64         _snd_manager
     00000BE6  C$_snd_manager.c$75$1_0$64         _snd_manager
     00000BE6  G$devkit_PSGSFXFrame$0$0           _snd_manager
     00000BE6  XG$devkit_PSGSFXFrame$0$0          _snd_manager
     00000BE6  _devkit_PSGSFXFrame                _snd_manager
     00000BE9  A$_snd_manager$452                 _snd_manager
     00000BE9  C$_snd_manager.c$78$1_0$65         _snd_manager
     00000BE9  C$_snd_manager.c$80$1_0$65         _snd_manager
     00000BE9  G$devkit_SFX_CHANNEL2$0$0          _snd_manager
     00000BE9  _devkit_SFX_CHANNEL2               _snd_manager
     00000BEB  A$_snd_manager$460                 _snd_manager
     00000BEB  C$_snd_manager.c$81$1_0$65         _snd_manager
     00000BEB  XG$devkit_SFX_CHANNEL2$0$0         _snd_manager
     00000BEC  A$_snd_manager$473                 _snd_manager
     00000BEC  C$_snd_manager.c$82$1_0$66         _snd_manager
     00000BEC  C$_snd_manager.c$84$1_0$66         _snd_manager
     00000BEC  G$devkit_SFX_CHANNEL3$0$0          _snd_manager
     00000BEC  _devkit_SFX_CHANNEL3               _snd_manager
     00000BEE  A$_snd_manager$481                 _snd_manager
     00000BEE  C$_snd_manager.c$85$1_0$66         _snd_manager
     00000BEE  XG$devkit_SFX_CHANNEL3$0$0         _snd_manager
     00000BEF  A$_snd_manager$494                 _snd_manager
     00000BEF  C$_snd_manager.c$86$1_0$67         _snd_manager
     00000BEF  C$_snd_manager.c$88$1_0$67         _snd_manager
     00000BEF  G$devkit_SFX_CHANNELS2AND3$0$0     _snd_manager
     00000BEF  _devkit_SFX_CHANNELS2AND3          _snd_manager
     00000BF1  A$_snd_manager$502                 _snd_manager
     00000BF1  C$_snd_manager.c$89$1_0$67         _snd_manager
     00000BF1  XG$devkit_SFX_CHANNELS2AND3$0$0    _snd_manager
     00000BF2  A$asm_manager$59                   asm_manager
     00000BF2  C$asm_manager.c$11$0_0$1           asm_manager
     00000BF2  C$asm_manager.c$30$1_0$1           asm_manager
     00000BF2  G$engine_asm_manager_clear_VRAM$   asm_manager
     00000BF2  _engine_asm_manager_clear_VRAM     asm_manager
     00000BF4  A$asm_manager$60                   asm_manager
     00000BF6  A$asm_manager$61                   asm_manager
     00000BF8  A$asm_manager$62                   asm_manager
     00000BFA  A$asm_manager$63                   asm_manager
     00000BFD  A$asm_manager$65                   asm_manager
[...]
     000036CB  G$sound1_psg$0_0$0                 psg
     000036CB  _sound1_psg                        psg
     000036F6  G$sound2_psg$0_0$0                 psg
     000036F6  _sound2_psg                        psg
     00003716  G$sound3_psg$0_0$0                 psg
     00003716  _sound3_psg                        psg
     00003739  __divuint                          
ASxxxx Linker V03.00 + NoICE + sdld,  page 89.
Hexadecimal  [32-Bits]

Area                                    Addr        Size        Decimal Bytes (Attributes)
--------------------------------        ----        ----        ------- ----- ------------
_CODE                               00000200    00003CC7 =       15559. bytes (REL,CON)

      Value  Global                              Global Defined In Module
      -----  --------------------------------   ------------------------
     00003741  __divuchar                         
     00003748  __divu8                            
     0000374B  __divu16                           
     0000377A  _UNSAFE_SMS_copySpritestoSAT       SMSlib_UNSAFE
     00003792  _UNSAFE_SMS_VRAMmemcpy32           SMSlib_UNSAFE
     000037AF  _UNSAFE_SMS_VRAMmemcpy64           SMSlib_UNSAFE
     000037CC  _UNSAFE_SMS_VRAMmemcpy128          SMSlib_UNSAFE
     000037E9  _SMS_init                          SMSlib
     0000383D  _VDPReg_init                       SMSlib
     00003848  _SMS_VDPType                       SMSlib
     00003850  _SMS_VDPturnOnFeature              SMSlib
     00003867  _SMS_VDPturnOffFeature             SMSlib
     00003880  _SMS_setBGScrollX                  SMSlib
     0000388A  _SMS_setBGScrollY                  SMSlib
     00003894  _SMS_setBackdropColor              SMSlib
     0000389E  _SMS_useFirstHalfTilesforSprites   SMSlib
     000038B2  _SMS_setSpriteMode                 SMSlib
     000038F7  _SMS_setBGPaletteColor             SMSlib
     0000390B  _SMS_setSpritePaletteColor         SMSlib
     0000391F  _SMS_loadBGPalette                 SMSlib
     00003933  _SMS_loadSpritePalette             SMSlib
     00003947  _SMS_setColor                      SMSlib
     0000394B  _SMS_initSprites                   SMSlib
     00003951  _SMS_addSprite                     SMSlib
     000039A6  _SMS_finalizeSprites               SMSlib
     000039B8  _SMS_copySpritestoSAT              SMSlib
     000039E1  _SMS_waitForVBlank                 SMSlib
     000039EE  _SMS_getKeysStatus                 SMSlib
     000039F2  _SMS_getKeysPressed                SMSlib
     00003A0F  _SMS_getKeysHeld                   SMSlib
     00003A26  _SMS_getKeysReleased               SMSlib
     00003A43  _SMS_queryPauseRequested           SMSlib
     00003A4B  _SMS_resetPauseRequest             SMSlib
     00003A51  _SMS_setLineInterruptHandler       SMSlib
     00003A62  _SMS_setLineCounter                SMSlib
     00003A71  _SMS_getVCount                     SMSlib
     00003A75  _SMS_getHCount                     SMSlib
     00003A79  _SMS_isr                           SMSlib
     00003AAF  _SMS_nmi_isr                       SMSlib
     00003AC2  _rand                              rand
     00003B6F  _srand                             rand
     00003B8B  _SMS_loadSTMcompressedTileMapAre   SMSlib_STMcomp
     00003D6C  ___sdcc_call_hl                    
     00003D6D  _SMS_loadPSGaidencompressedTiles   SMSlib_PSGaiden
     00003E4F  __modschar                         
     00003E5C  __modsint                          
     00003E68  __moduchar                         
     00003E74  __moduint                          
     00003E7F  __divsint                          
     00003E88  __divschar                         
     00003E8F  __div8                             
ASxxxx Linker V03.00 + NoICE + sdld,  page 90.
Hexadecimal  [32-Bits]

Area                                    Addr        Size        Decimal Bytes (Attributes)
--------------------------------        ----        ----        ------- ----- ------------
_CODE                               00000200    00003CC7 =       15559. bytes (REL,CON)

      Value  Global                              Global Defined In Module
      -----  --------------------------------   ------------------------
     00003E93  __div_signexte                     
     00003E97  __div16                            
     00003EBD  __get_remainder                    

ASxxxx Linker V03.00 + NoICE + sdld,  page 91.
Hexadecimal  [32-Bits]

Area                                    Addr        Size        Decimal Bytes (Attributes)
--------------------------------        ----        ----        ------- ----- ------------
_HEADER0                            00000000    00000006 =           6. bytes (ABS,CON)

      Value  Global                              Global Defined In Module
      -----  --------------------------------   ------------------------
     00000006  _SMS_crt0_RST08                    crt0

ASxxxx Linker V03.00 + NoICE + sdld,  page 92.
Hexadecimal  [32-Bits]

Area                                    Addr        Size        Decimal Bytes (Attributes)
--------------------------------        ----        ----        ------- ----- ------------
_HEADER1                            00000000    00000009 =           9. bytes (ABS,CON)

      Value  Global                              Global Defined In Module
      -----  --------------------------------   ------------------------
     00000011  _SMS_crt0_RST18                    crt0

ASxxxx Linker V03.00 + NoICE + sdld,  page 93.
Hexadecimal  [32-Bits]

Area                                    Addr        Size        Decimal Bytes (Attributes)
--------------------------------        ----        ----        ------- ----- ------------
_HEADER2                            00000000    0000000A =          10. bytes (ABS,CON)

      Value  Global                              Global Defined In Module
      -----  --------------------------------   ------------------------
ASxxxx Linker V03.00 + NoICE + sdld,  page 94.
Hexadecimal  [32-Bits]

Area                                    Addr        Size        Decimal Bytes (Attributes)
--------------------------------        ----        ----        ------- ----- ------------
_HEADER3                            00000000    00000003 =           3. bytes (ABS,CON)

      Value  Global                              Global Defined In Module
      -----  --------------------------------   ------------------------
ASxxxx Linker V03.00 + NoICE + sdld,  page 95.
Hexadecimal  [32-Bits]

Area                                    Addr        Size        Decimal Bytes (Attributes)
--------------------------------        ----        ----        ------- ----- ------------
_HEADER4                            00000000    00000003 =           3. bytes (ABS,CON)

      Value  Global                              Global Defined In Module
      -----  --------------------------------   ------------------------
ASxxxx Linker V03.00 + NoICE + sdld,  page 96.
Hexadecimal  [32-Bits]

Area                                    Addr        Size        Decimal Bytes (Attributes)
--------------------------------        ----        ----        ------- ----- ------------
_HEADER5                            00000000    0000012A =         298. bytes (ABS,CON)

      Value  Global                              Global Defined In Module
      -----  --------------------------------   ------------------------
     00000099  _OUTI128                           crt0
     00000119  _OUTI64                            crt0
     00000159  _OUTI32                            crt0
     00000199  _outi_block                        crt0

ASxxxx Linker V03.00 + NoICE + sdld,  page 97.
Hexadecimal  [32-Bits]

Area                                    Addr        Size        Decimal Bytes (Attributes)
--------------------------------        ----        ----        ------- ----- ------------
_INITIALIZER                        00003EC7    0000000C =          12. bytes (REL,CON)

      Value  Global                              Global Defined In Module
      -----  --------------------------------   ------------------------
     00003EC7  Finput_manager$__xinit_curr_joyp   input_manager
     00003EC9  Finput_manager$__xinit_prev_joyp   input_manager

ASxxxx Linker V03.00 + NoICE + sdld,  page 98.
Hexadecimal  [32-Bits]

Area                                    Addr        Size        Decimal Bytes (Attributes)
--------------------------------        ----        ----        ------- ----- ------------
_GSINIT                             00003ED3    0000000F =          15. bytes (REL,CON)

      Value  Global                              Global Defined In Module
      -----  --------------------------------   ------------------------
     00003ED3  gsinit                             crt0

ASxxxx Linker V03.00 + NoICE + sdld,  page 99.
Hexadecimal  [32-Bits]

Area                                    Addr        Size        Decimal Bytes (Attributes)
--------------------------------        ----        ----        ------- ----- ------------
_GSFINAL                            00003EE2    00000001 =           1. bytes (REL,CON)

      Value  Global                              Global Defined In Module
      -----  --------------------------------   ------------------------
ASxxxx Linker V03.00 + NoICE + sdld,  page 100.
Hexadecimal  [32-Bits]

Area                                    Addr        Size        Decimal Bytes (Attributes)
--------------------------------        ----        ----        ------- ----- ------------
_DATA                               0000C000    0000031E =         798. bytes (REL,CON)

      Value  Global                              Global Defined In Module
      -----  --------------------------------   ------------------------
     0000C000  Lmain.main$global_pause$1_0$63     main
     0000C001  _PSGMusicStatus                    PSGlib
     0000C002  _PSGMusicStart                     PSGlib
     0000C004  _PSGMusicPointer                   PSGlib
     0000C006  _PSGMusicLoopPoint                 PSGlib
     0000C008  _PSGMusicSkipFrames                PSGlib
     0000C009  _PSGLoopFlag                       PSGlib
     0000C00A  _PSGMusicLastLatch                 PSGlib
     0000C00B  _PSGMusicVolumeAttenuation         PSGlib
     0000C00C  _PSGMusicSubstringLen              PSGlib
     0000C00D  _PSGMusicSubstringRetAddr          PSGlib
     0000C00F  _PSGChan0Volume                    PSGlib
     0000C010  _PSGChan1Volume                    PSGlib
     0000C011  _PSGChan2Volume                    PSGlib
     0000C012  _PSGChan3Volume                    PSGlib
     0000C013  _PSGChan2LowTone                   PSGlib
     0000C014  _PSGChan2HighTone                  PSGlib
     0000C015  _PSGChan3LowTone                   PSGlib
     0000C016  _PSGChannel2SFX                    PSGlib
     0000C017  _PSGChannel3SFX                    PSGlib
     0000C018  _PSGSFXChan2Volume                 PSGlib
     0000C019  _PSGSFXChan3Volume                 PSGlib
     0000C01A  _PSGSFXStatus                      PSGlib
     0000C01B  _PSGSFXStart                       PSGlib
     0000C01D  _PSGSFXPointer                     PSGlib
     0000C01F  _PSGSFXLoopPoint                   PSGlib
     0000C021  _PSGSFXSkipFrames                  PSGlib
     0000C022  _PSGSFXLoopFlag                    PSGlib
     0000C023  _PSGSFXSubstringLen                PSGlib
     0000C024  _PSGSFXSubstringRetAddr            PSGlib
     0000C026  G$global_enemy_objects$0_0$0       enemy_manager
     0000C026  _global_enemy_objects              enemy_manager
     0000C047  G$global_gamer_object$0_0$0        gamer_manager
     0000C047  _global_gamer_object               gamer_manager
     0000C054  G$global_hack_object$0_0$0         hack_manager
     0000C054  _global_hack_object                hack_manager
     0000C05C  G$global_path_object$0_0$0         path_manager
     0000C05C  _global_path_object                path_manager
     0000C21C  Fscreen_manager$load_method$0_0$   screen_manager
     0000C226  Fscreen_manager$update_method$0_   screen_manager
     0000C230  Fscreen_manager$curr_screen_type   screen_manager
     0000C231  Fscreen_manager$next_screen_type   screen_manager
     0000C232  Fstart_screen$timer$0_0$0          start_screen
     0000C233  _VDPBlank                          SMSlib
     0000C234  _SMS_VDPFlags                      SMSlib
     0000C235  _PauseRequested                    SMSlib
     0000C236  _VDPType                           SMSlib
     0000C237  _KeysStatus                        SMSlib
     0000C239  _PreviousKeysStatus                SMSlib
     0000C23B  _SpriteTableY                      SMSlib
ASxxxx Linker V03.00 + NoICE + sdld,  page 101.
Hexadecimal  [32-Bits]

Area                                    Addr        Size        Decimal Bytes (Attributes)
--------------------------------        ----        ----        ------- ----- ------------
_DATA                               0000C000    0000031E =         798. bytes (REL,CON)

      Value  Global                              Global Defined In Module
      -----  --------------------------------   ------------------------
     0000C27B  _SpriteTableXN                     SMSlib
     0000C2FB  _SpriteNextFree                    SMSlib
     0000C2FC  _SMS_theLineInterruptHandler       SMSlib
     0000C2FE  _decompBuffer                      SMSlib_PSGaiden
ASxxxx Linker V03.00 + NoICE + sdld,  page 102.
Hexadecimal  [32-Bits]

Area                                    Addr        Size        Decimal Bytes (Attributes)
--------------------------------        ----        ----        ------- ----- ------------
_INITIALIZED                        0000C31E    0000000C =          12. bytes (REL,CON)

      Value  Global                              Global Defined In Module
      -----  --------------------------------   ------------------------
     0000C31E  Finput_manager$curr_joypad1$0_0$   input_manager
     0000C320  Finput_manager$prev_joypad1$0_0$   input_manager
     0000C322  _VDPReg                            SMSlib
     0000C324  _spritesHeight                     SMSlib
     0000C325  _spritesWidth                      SMSlib

ASxxxx Linker V03.00 + NoICE + sdld,  page 103.
Hexadecimal  [32-Bits]

Area                                    Addr        Size        Decimal Bytes (Attributes)
--------------------------------        ----        ----        ------- ----- ------------
_CABS0                              00000000    00000010 =          16. bytes (ABS,CON)

      Value  Global                              Global Defined In Module
      -----  --------------------------------   ------------------------
     00007FF0  G$__SMS__SEGA_signature$0_0$0      _sms_manager
     00007FF0  ___SMS__SEGA_signature             _sms_manager

ASxxxx Linker V03.00 + NoICE + sdld,  page 104.
Hexadecimal  [32-Bits]

Area                                    Addr        Size        Decimal Bytes (Attributes)
--------------------------------        ----        ----        ------- ----- ------------
_CABS1                              00000000    0000000E =          14. bytes (ABS,CON)

      Value  Global                              Global Defined In Module
      -----  --------------------------------   ------------------------
     00007FD2  G$__SMS__SDSC_author$0_0$0         _sms_manager
     00007FD2  ___SMS__SDSC_author                _sms_manager

ASxxxx Linker V03.00 + NoICE + sdld,  page 105.
Hexadecimal  [32-Bits]

Area                                    Addr        Size        Decimal Bytes (Attributes)
--------------------------------        ----        ----        ------- ----- ------------
_CABS2                              00000000    0000000F =          15. bytes (ABS,CON)

      Value  Global                              Global Defined In Module
      -----  --------------------------------   ------------------------
     00007FC3  G$__SMS__SDSC_name$0_0$0           _sms_manager
     00007FC3  ___SMS__SDSC_name                  _sms_manager

ASxxxx Linker V03.00 + NoICE + sdld,  page 106.
Hexadecimal  [32-Bits]

Area                                    Addr        Size        Decimal Bytes (Attributes)
--------------------------------        ----        ----        ------- ----- ------------
_CABS3                              00000000    00000028 =          40. bytes (ABS,CON)

      Value  Global                              Global Defined In Module
      -----  --------------------------------   ------------------------
     00007F9B  G$__SMS__SDSC_descr$0_0$0          _sms_manager
     00007F9B  ___SMS__SDSC_descr                 _sms_manager

ASxxxx Linker V03.00 + NoICE + sdld,  page 107.
Hexadecimal  [32-Bits]

Area                                    Addr        Size        Decimal Bytes (Attributes)
--------------------------------        ----        ----        ------- ----- ------------
_CABS4                              00000000    00000010 =          16. bytes (ABS,CON)

      Value  Global                              Global Defined In Module
      -----  --------------------------------   ------------------------
     00007FE0  G$__SMS__SDSC_signature$0_0$0      _sms_manager
     00007FE0  ___SMS__SDSC_signature             _sms_manager

ASxxxx Linker V03.00 + NoICE + sdld,  page 108.

Files Linked                              [ module(s) ]

..\crt0\crt0_sms.rel                      [ crt0 ]
main.rel                                  [ main ]
..\lib\PSGlib.rel                         [ PSGlib ]
devkit\_sms_manager.rel                   [ _sms_manager ]
devkit\_snd_manager.rel                   [ _snd_manager ]
engine\asm_manager.rel                    [ asm_manager ]
engine\content_manager.rel                [ content_manager ]
engine\enemy_manager.rel                  [ enemy_manager ]
engine\font_manager.rel                   [ font_manager ]
engine\gamer_manager.rel                  [ gamer_manager ]
engine\hack_manager.rel                   [ hack_manager ]
engine\input_manager.rel                  [ input_manager ]
engine\path_manager.rel                   [ path_manager ]
engine\screen_manager.rel                 [ screen_manager ]
engine\sound_manager.rel                  [ sound_manager ]
engine\sprite_manager.rel                 [ sprite_manager ]
engine\text_manager.rel                   [ text_manager ]
engine\tree_manager.rel                   [ tree_manager ]
screen\none_screen.rel                    [ none_screen ]
screen\start_screen.rel                   [ start_screen ]
screen\title_screen.rel                   [ title_screen ]
screen\ready_screen.rel                   [ ready_screen ]
screen\play_screen.rel                    [ play_screen ]
gfx.rel                                   [ gfx ]
psg.rel                                   [ psg ]


Libraries Linked                          [ object file ]

C:\Program Files\SDCC\bin\..\lib\z80/z80.lib
                                          [ divunsigned.rel ]
..\lib\SMSlib.lib                         [ SMSlib_UNSAFE.rel ]
..\lib\SMSlib.lib                         [ SMSlib.rel ]
C:\Program Files\SDCC\bin\..\lib\z80/z80.lib
                                          [ rand.rel ]
..\lib\SMSlib.lib                         [ SMSlib_STMcomp.rel ]
C:\Program Files\SDCC\bin\..\lib\z80/z80.lib
                                          [ __sdcc_call_hl.rel ]
..\lib\SMSlib.lib                         [ SMSlib_PSGaiden.rel ]
C:\Program Files\SDCC\bin\..\lib\z80/z80.lib
                                          [ modsigned.rel ]
C:\Program Files\SDCC\bin\..\lib\z80/z80.lib
                                          [ modunsigned.rel ]
C:\Program Files\SDCC\bin\..\lib\z80/z80.lib
                                          [ divsigned.rel ]

ASxxxx Linker V03.00 + NoICE + sdld,  page 109.

User Base Address Definitions

_CODE = 0x0200
_DATA = 0xc000

