ASxxxx Linker V03.00 + NoICE + sdld,  page 1.
Hexadecimal  [32-Bits]

Area                                    Addr        Size        Decimal Bytes (Attributes)
--------------------------------        ----        ----        ------- ----- ------------
.  .ABS.                            00000000    00000000 =           0. bytes (ABS,CON)

      Value  Global                              Global Defined In Module
      -----  --------------------------------   ------------------------
     00000000  .__.ABS.                           
     00000000  l__BSEG                         
     00000000  l__BSS                          
     00000000  l__CABS                         
     00000000  l__DABS                         
     00000000  l__HEADER                       
     00000000  l__HEAP                         
     00000000  l__HOME                         
     00000000  s__CABS                         
     00000000  s__CABS0                        
     00000000  s__CABS1                        
     00000000  s__CABS2                        
     00000000  s__CABS3                        
     00000000  s__CABS4                        
     00000000  s__DABS                         
     00000000  s__HEADER                       
     00000000  s__HEADER0                      
     00000000  s__HEADER1                      
     00000000  s__HEADER2                      
     00000000  s__HEADER3                      
     00000000  s__HEADER4                      
     00000000  s__HEADER5                      
     00000001  l__GSFINAL                      
     00000003  l__HEADER3                      
     00000003  l__HEADER4                      
     00000006  l__HEADER0                      
     00000008  l__INITIALIZED                  
     00000008  l__INITIALIZER                  
     00000009  l__HEADER1                      
     0000000A  l__HEADER2                      
     0000000E  l__CABS1                        
     0000000F  l__CABS2                        
     0000000F  l__GSINIT                       
     00000010  l__CABS0                        
     00000010  l__CABS4                        
     00000028  l__CABS3                        
     0000012A  l__HEADER5                      
     00000130  l__DATA                         
     00000200  s__CODE                         
     00002CFA  l__CODE                         
     00002EFA  s__HOME                         
     00002EFA  s__INITIALIZER                  
     00002F02  s__GSINIT                       
     00002F11  s__GSFINAL                      
     00008000  _SMS_SRAM                          SMSlib_PSGaiden
     0000C000  s__DATA                         
     0000C130  s__INITIALIZED                  
     0000C138  s__BSEG                         
     0000C138  s__BSS                          
     0000C138  s__HEAP                         
ASxxxx Linker V03.00 + NoICE + sdld,  page 2.
Hexadecimal  [32-Bits]

Area                                    Addr        Size        Decimal Bytes (Attributes)
--------------------------------        ----        ----        ------- ----- ------------
.  .ABS.                            00000000    00000000 =           0. bytes (ABS,CON)

      Value  Global                              Global Defined In Module
      -----  --------------------------------   ------------------------
     0000FFFC  _SRAM_bank_to_be_mapped_on_slot2   SMSlib_PSGaiden
     0000FFFF  _ROM_bank_to_be_mapped_on_slot2    SMSlib_PSGaiden

ASxxxx Linker V03.00 + NoICE + sdld,  page 3.
Hexadecimal  [32-Bits]

Area                                    Addr        Size        Decimal Bytes (Attributes)
--------------------------------        ----        ----        ------- ----- ------------
_CODE                               00000200    00002CFA =       11514. bytes (REL,CON)

      Value  Global                              Global Defined In Module
      -----  --------------------------------   ------------------------
     00000200  __clock                            crt0
     00000204  _exit                              crt0
     0000020A  _main                              main
     0000024C  _PSGStop                           PSGlib
     00000273  _PSGResume                         PSGlib
     000002BF  _PSGPlay                           PSGlib
     000002EC  _PSGCancelLoop                     PSGlib
     000002F2  _PSGPlayNoRepeat                   PSGlib
     00000301  _PSGGetStatus                      PSGlib
     00000309  _PSGSilenceChannels                PSGlib
     0000031A  _PSGRestoreVolumes                 PSGlib
     000003EB  _PSGSetMusicVolumeAttenuation      PSGlib
     000004B0  _PSGSFXStop                        PSGlib
     00000569  _PSGSFXPlay                        PSGlib
     000005B6  _PSGSFXCancelLoop                  PSGlib
     000005BC  _PSGSFXGetStatus                   PSGlib
     000005C4  _PSGSFXPlayLoop                    PSGlib
     000005DE  _PSGFrame                          PSGlib
     000006F7  _PSGSFXFrame                       PSGlib
     0000077D  _devkit_SMS_init                   _sms_manager
     00000780  _devkit_SMS_displayOn              _sms_manager
     00000786  _devkit_SMS_displayOff             _sms_manager
     0000078C  _devkit_SMS_mapROMBank             _sms_manager
     00000795  _devkit_SMS_setSpriteMode          _sms_manager
     000007A1  _devkit_SMS_useFirstHalfTilesfor   _sms_manager
     000007A6  _devkit_SMS_useFirstHalfTilesfor   _sms_manager
     000007AB  _devkit_SMS_VDPturnOnFeature       _sms_manager
     000007B2  _devkit_SMS_loadPSGaidencompress   _sms_manager
     000007C8  _devkit_SMS_loadSTMcompressedTil   _sms_manager
     000007E9  _devkit_SMS_loadBGPalette          _sms_manager
     000007F0  _devkit_SMS_loadSpritePalette      _sms_manager
     000007F7  _devkit_SMS_setSpritePaletteColo   _sms_manager
     0000081F  _devkit_SMS_setNextTileatXY        _sms_manager
     00000848  _devkit_SMS_setTile                _sms_manager
     00000856  _devkit_SMS_addSprite              _sms_manager
     00000871  _devkit_SMS_addSprite_bulk8        _sms_manager
     00000938  _devkit_SMS_addSprite_bulk12       _sms_manager
     00000A5C  _devkit_SMS_initSprites            _sms_manager
     00000A5F  _devkit_SMS_finalizeSprites        _sms_manager
     00000A62  _devkit_SMS_waitForVBlank          _sms_manager
     00000A65  _devkit_SMS_copySpritestoSAT       _sms_manager
     00000A68  _devkit_UNSAFE_SMS_copySpritesto   _sms_manager
     00000A6B  _devkit_SMS_queryPauseRequested    _sms_manager
     00000A6E  _devkit_SMS_resetPauseRequest      _sms_manager
     00000A71  _devkit_SMS_getKeysStatus          _sms_manager
     00000A74  _devkit_PORT_A_KEY_UP              _sms_manager
     00000A78  _devkit_PORT_A_KEY_DOWN            _sms_manager
     00000A7C  _devkit_PORT_A_KEY_LEFT            _sms_manager
     00000A80  _devkit_PORT_A_KEY_RIGHT           _sms_manager
     00000A84  _devkit_PORT_A_KEY_1               _sms_manager
ASxxxx Linker V03.00 + NoICE + sdld,  page 4.
Hexadecimal  [32-Bits]

Area                                    Addr        Size        Decimal Bytes (Attributes)
--------------------------------        ----        ----        ------- ----- ------------
_CODE                               00000200    00002CFA =       11514. bytes (REL,CON)

      Value  Global                              Global Defined In Module
      -----  --------------------------------   ------------------------
     00000A88  _devkit_PORT_A_KEY_2               _sms_manager
     00000A8C  _devkit_SPRITEMODE_NORMAL          _sms_manager
     00000A8F  _devkit_VDPFEATURE_HIDEFIRSTCOL    _sms_manager
     00000AD8  _devkit_PSGPlay                    _snd_manager
     00000AE2  _devkit_PSGCancelLoop              _snd_manager
     00000AE5  _devkit_PSGPlayNoRepeat            _snd_manager
     00000AEF  _devkit_PSGStop                    _snd_manager
     00000AF2  _devkit_PSGResume                  _snd_manager
     00000AF5  _devkit_PSGGetStatus               _snd_manager
     00000AF8  _devkit_PSGSetMusicVolumeAttenua   _snd_manager
     00000B04  _devkit_PSGSFXPlay                 _snd_manager
     00000B19  _devkit_PSGSFXPlayLoop             _snd_manager
     00000B2E  _devkit_PSGSFXCancelLoop           _snd_manager
     00000B31  _devkit_PSGSFXStop                 _snd_manager
     00000B34  _devkit_PSGSFXGetStatus            _snd_manager
     00000B37  _devkit_PSGSilenceChannels         _snd_manager
     00000B3A  _devkit_PSGRestoreVolumes          _snd_manager
     00000B3D  _devkit_PSGFrame                   _snd_manager
     00000B40  _devkit_PSGSFXFrame                _snd_manager
     00000B43  _devkit_SFX_CHANNEL2               _snd_manager
     00000B46  _devkit_SFX_CHANNEL3               _snd_manager
     00000B49  _devkit_SFX_CHANNELS2AND3          _snd_manager
     00000B4C  _engine_asm_manager_clear_VRAM     asm_manager
     00000B62  _engine_content_manager_load_til   content_manager
     00000B8C  _engine_content_manager_load_spr   content_manager
     00000BA2  _engine_content_manager_load_spl   content_manager
     00000BC5  _engine_font_manager_draw_char     font_manager
     00000BEC  _engine_font_manager_draw_text     font_manager
     00000C31  _engine_font_manager_draw_data     font_manager
     00000CDC  _engine_font_manager_draw_data_Z   font_manager
     00000D63  _engine_hack_manager_init          hack_manager
     00000DB8  _engine_hack_manager_invert        hack_manager
     00000DE1  _engine_input_manager_update       input_manager
     00000DEE  _engine_input_manager_hold_up      input_manager
     00000DF7  _engine_input_manager_hold_down    input_manager
     00000E00  _engine_input_manager_hold_left    input_manager
     00000E09  _engine_input_manager_hold_right   input_manager
     00000E12  _engine_input_manager_hold_fire1   input_manager
     00000E1B  _engine_input_manager_hold_fire2   input_manager
     00000E24  _engine_input_manager_move_up      input_manager
     00000E2D  _engine_input_manager_move_down    input_manager
     00000E36  _engine_input_manager_move_left    input_manager
     00000E3F  _engine_input_manager_move_right   input_manager
     00000E48  _engine_input_manager_move_fire1   input_manager
     00000E51  _engine_input_manager_move_fire2   input_manager
     00000EB2  _engine_screen_manager_init        screen_manager
     00000EFC  _engine_screen_manager_update      screen_manager
     00000F3F  _engine_text_manager_draw          text_manager
     00001055  _engine_text_manager_names         text_manager
     0000109B  _engine_text_manager_space         text_manager
     000010D2  _engine_tree_manager_draw          tree_manager
ASxxxx Linker V03.00 + NoICE + sdld,  page 5.
Hexadecimal  [32-Bits]

Area                                    Addr        Size        Decimal Bytes (Attributes)
--------------------------------        ----        ----        ------- ----- ------------
_CODE                               00000200    00002CFA =       11514. bytes (REL,CON)

      Value  Global                              Global Defined In Module
      -----  --------------------------------   ------------------------
     00001180  _screen_none_screen_load           none_screen
     00001181  _screen_none_screen_update         none_screen
     00001188  _screen_start_screen_load          start_screen
     0000119A  _screen_start_screen_update        start_screen
     000011CF  _screen_title_screen_load          title_screen
     000011E4  _screen_title_screen_update        title_screen
     000011EB  _screen_ready_screen_load          ready_screen
     00001205  _screen_ready_screen_update        ready_screen
     0000120C  _screen_play_screen_load           play_screen
     00001225  _screen_play_screen_update         play_screen
     0000122C  _font_tiles__palette__bin          gfx
     0000123C  _font_tiles__tilemap__bin          gfx
     000012BC  _font_tiles__tiles__psgcompr       gfx
     00001553  _splash__palette__bin              gfx
     00001563  _splash__tilemap__stmcompr         gfx
     000015AA  _splash__tiles__psgcompr           gfx
     00001DD3  _sprites__palette__bin             gfx
     00001DE3  _sprites__tiles__psgcompr          gfx
     00002199  _tree_avoid__palette__bin          gfx
     000021A9  _tree_avoid__tilemap__bin          gfx
     000021B1  _tree_avoid__tiles__psgcompr       gfx
     00002203  _music_psg                         psg
     00002828  _sound1_psg                        psg
     00002853  _sound2_psg                        psg
     00002873  _sound3_psg                        psg
     00002896  __divuint                          
     0000289E  __divuchar                         
     000028A5  __divu8                            
     000028A8  __divu16                           
     000028D7  _UNSAFE_SMS_copySpritestoSAT       SMSlib_UNSAFE
     000028EF  _UNSAFE_SMS_VRAMmemcpy32           SMSlib_UNSAFE
     0000290C  _UNSAFE_SMS_VRAMmemcpy64           SMSlib_UNSAFE
     00002929  _UNSAFE_SMS_VRAMmemcpy128          SMSlib_UNSAFE
     00002946  _SMS_init                          SMSlib
     0000299A  _VDPReg_init                       SMSlib
     000029A5  _SMS_VDPType                       SMSlib
     000029AD  _SMS_VDPturnOnFeature              SMSlib
     000029C4  _SMS_VDPturnOffFeature             SMSlib
     000029DD  _SMS_setBGScrollX                  SMSlib
     000029E7  _SMS_setBGScrollY                  SMSlib
     000029F1  _SMS_setBackdropColor              SMSlib
     000029FB  _SMS_useFirstHalfTilesforSprites   SMSlib
     00002A0F  _SMS_setSpriteMode                 SMSlib
     00002A54  _SMS_setBGPaletteColor             SMSlib
     00002A68  _SMS_setSpritePaletteColor         SMSlib
     00002A7C  _SMS_loadBGPalette                 SMSlib
     00002A90  _SMS_loadSpritePalette             SMSlib
     00002AA4  _SMS_setColor                      SMSlib
     00002AA8  _SMS_initSprites                   SMSlib
     00002AAE  _SMS_addSprite                     SMSlib
     00002B03  _SMS_finalizeSprites               SMSlib
ASxxxx Linker V03.00 + NoICE + sdld,  page 6.
Hexadecimal  [32-Bits]

Area                                    Addr        Size        Decimal Bytes (Attributes)
--------------------------------        ----        ----        ------- ----- ------------
_CODE                               00000200    00002CFA =       11514. bytes (REL,CON)

      Value  Global                              Global Defined In Module
      -----  --------------------------------   ------------------------
     00002B15  _SMS_copySpritestoSAT              SMSlib
     00002B3E  _SMS_waitForVBlank                 SMSlib
     00002B4B  _SMS_getKeysStatus                 SMSlib
     00002B4F  _SMS_getKeysPressed                SMSlib
     00002B6C  _SMS_getKeysHeld                   SMSlib
     00002B83  _SMS_getKeysReleased               SMSlib
     00002BA0  _SMS_queryPauseRequested           SMSlib
     00002BA8  _SMS_resetPauseRequest             SMSlib
     00002BAE  _SMS_setLineInterruptHandler       SMSlib
     00002BBF  _SMS_setLineCounter                SMSlib
     00002BCE  _SMS_getVCount                     SMSlib
     00002BD2  _SMS_getHCount                     SMSlib
     00002BD6  _SMS_isr                           SMSlib
     00002C0C  _SMS_nmi_isr                       SMSlib
     00002C1F  _SMS_loadSTMcompressedTileMapAre   SMSlib_STMcomp
     00002E00  ___sdcc_call_hl                    
     00002E01  _SMS_loadPSGaidencompressedTiles   SMSlib_PSGaiden
     00002EE3  __moduchar                         
     00002EEF  __moduint                          
ASxxxx Linker V03.00 + NoICE + sdld,  page 7.
Hexadecimal  [32-Bits]

Area                                    Addr        Size        Decimal Bytes (Attributes)
--------------------------------        ----        ----        ------- ----- ------------
_HEADER0                            00000000    00000006 =           6. bytes (ABS,CON)

      Value  Global                              Global Defined In Module
      -----  --------------------------------   ------------------------
     00000006  _SMS_crt0_RST08                    crt0

ASxxxx Linker V03.00 + NoICE + sdld,  page 8.
Hexadecimal  [32-Bits]

Area                                    Addr        Size        Decimal Bytes (Attributes)
--------------------------------        ----        ----        ------- ----- ------------
_HEADER1                            00000000    00000009 =           9. bytes (ABS,CON)

      Value  Global                              Global Defined In Module
      -----  --------------------------------   ------------------------
     00000011  _SMS_crt0_RST18                    crt0

ASxxxx Linker V03.00 + NoICE + sdld,  page 9.
Hexadecimal  [32-Bits]

Area                                    Addr        Size        Decimal Bytes (Attributes)
--------------------------------        ----        ----        ------- ----- ------------
_HEADER2                            00000000    0000000A =          10. bytes (ABS,CON)

      Value  Global                              Global Defined In Module
      -----  --------------------------------   ------------------------
ASxxxx Linker V03.00 + NoICE + sdld,  page 10.
Hexadecimal  [32-Bits]

Area                                    Addr        Size        Decimal Bytes (Attributes)
--------------------------------        ----        ----        ------- ----- ------------
_HEADER3                            00000000    00000003 =           3. bytes (ABS,CON)

      Value  Global                              Global Defined In Module
      -----  --------------------------------   ------------------------
ASxxxx Linker V03.00 + NoICE + sdld,  page 11.
Hexadecimal  [32-Bits]

Area                                    Addr        Size        Decimal Bytes (Attributes)
--------------------------------        ----        ----        ------- ----- ------------
_HEADER4                            00000000    00000003 =           3. bytes (ABS,CON)

      Value  Global                              Global Defined In Module
      -----  --------------------------------   ------------------------
ASxxxx Linker V03.00 + NoICE + sdld,  page 12.
Hexadecimal  [32-Bits]

Area                                    Addr        Size        Decimal Bytes (Attributes)
--------------------------------        ----        ----        ------- ----- ------------
_HEADER5                            00000000    0000012A =         298. bytes (ABS,CON)

      Value  Global                              Global Defined In Module
      -----  --------------------------------   ------------------------
     00000099  _OUTI128                           crt0
     00000119  _OUTI64                            crt0
     00000159  _OUTI32                            crt0
     00000199  _outi_block                        crt0

ASxxxx Linker V03.00 + NoICE + sdld,  page 13.
Hexadecimal  [32-Bits]

Area                                    Addr        Size        Decimal Bytes (Attributes)
--------------------------------        ----        ----        ------- ----- ------------
_INITIALIZER                        00002EFA    00000008 =           8. bytes (REL,CON)

      Value  Global                              Global Defined In Module
      -----  --------------------------------   ------------------------
ASxxxx Linker V03.00 + NoICE + sdld,  page 14.
Hexadecimal  [32-Bits]

Area                                    Addr        Size        Decimal Bytes (Attributes)
--------------------------------        ----        ----        ------- ----- ------------
_GSINIT                             00002F02    0000000F =          15. bytes (REL,CON)

      Value  Global                              Global Defined In Module
      -----  --------------------------------   ------------------------
     00002F02  gsinit                             crt0

ASxxxx Linker V03.00 + NoICE + sdld,  page 15.
Hexadecimal  [32-Bits]

Area                                    Addr        Size        Decimal Bytes (Attributes)
--------------------------------        ----        ----        ------- ----- ------------
_GSFINAL                            00002F11    00000001 =           1. bytes (REL,CON)

      Value  Global                              Global Defined In Module
      -----  --------------------------------   ------------------------
ASxxxx Linker V03.00 + NoICE + sdld,  page 16.
Hexadecimal  [32-Bits]

Area                                    Addr        Size        Decimal Bytes (Attributes)
--------------------------------        ----        ----        ------- ----- ------------
_DATA                               0000C000    00000130 =         304. bytes (REL,CON)

      Value  Global                              Global Defined In Module
      -----  --------------------------------   ------------------------
     0000C001  _PSGMusicStatus                    PSGlib
     0000C002  _PSGMusicStart                     PSGlib
     0000C004  _PSGMusicPointer                   PSGlib
     0000C006  _PSGMusicLoopPoint                 PSGlib
     0000C008  _PSGMusicSkipFrames                PSGlib
     0000C009  _PSGLoopFlag                       PSGlib
     0000C00A  _PSGMusicLastLatch                 PSGlib
     0000C00B  _PSGMusicVolumeAttenuation         PSGlib
     0000C00C  _PSGMusicSubstringLen              PSGlib
     0000C00D  _PSGMusicSubstringRetAddr          PSGlib
     0000C00F  _PSGChan0Volume                    PSGlib
     0000C010  _PSGChan1Volume                    PSGlib
     0000C011  _PSGChan2Volume                    PSGlib
     0000C012  _PSGChan3Volume                    PSGlib
     0000C013  _PSGChan2LowTone                   PSGlib
     0000C014  _PSGChan2HighTone                  PSGlib
     0000C015  _PSGChan3LowTone                   PSGlib
     0000C016  _PSGChannel2SFX                    PSGlib
     0000C017  _PSGChannel3SFX                    PSGlib
     0000C018  _PSGSFXChan2Volume                 PSGlib
     0000C019  _PSGSFXChan3Volume                 PSGlib
     0000C01A  _PSGSFXStatus                      PSGlib
     0000C01B  _PSGSFXStart                       PSGlib
     0000C01D  _PSGSFXPointer                     PSGlib
     0000C01F  _PSGSFXLoopPoint                   PSGlib
     0000C021  _PSGSFXSkipFrames                  PSGlib
     0000C022  _PSGSFXLoopFlag                    PSGlib
     0000C023  _PSGSFXSubstringLen                PSGlib
     0000C024  _PSGSFXSubstringRetAddr            PSGlib
     0000C026  _global_hack_object                hack_manager
     0000C045  _VDPBlank                          SMSlib
     0000C046  _SMS_VDPFlags                      SMSlib
     0000C047  _PauseRequested                    SMSlib
     0000C048  _VDPType                           SMSlib
     0000C049  _KeysStatus                        SMSlib
     0000C04B  _PreviousKeysStatus                SMSlib
     0000C04D  _SpriteTableY                      SMSlib
     0000C08D  _SpriteTableXN                     SMSlib
     0000C10D  _SpriteNextFree                    SMSlib
     0000C10E  _SMS_theLineInterruptHandler       SMSlib
     0000C110  _decompBuffer                      SMSlib_PSGaiden

ASxxxx Linker V03.00 + NoICE + sdld,  page 17.
Hexadecimal  [32-Bits]

Area                                    Addr        Size        Decimal Bytes (Attributes)
--------------------------------        ----        ----        ------- ----- ------------
_INITIALIZED                        0000C130    00000008 =           8. bytes (REL,CON)

      Value  Global                              Global Defined In Module
      -----  --------------------------------   ------------------------
     0000C134  _VDPReg                            SMSlib
     0000C136  _spritesHeight                     SMSlib
     0000C137  _spritesWidth                      SMSlib
ASxxxx Linker V03.00 + NoICE + sdld,  page 18.
Hexadecimal  [32-Bits]

Area                                    Addr        Size        Decimal Bytes (Attributes)
--------------------------------        ----        ----        ------- ----- ------------
_CABS0                              00000000    00000010 =          16. bytes (ABS,CON)

      Value  Global                              Global Defined In Module
      -----  --------------------------------   ------------------------
     00007FF0  ___SMS__SEGA_signature             _sms_manager

ASxxxx Linker V03.00 + NoICE + sdld,  page 19.
Hexadecimal  [32-Bits]

Area                                    Addr        Size        Decimal Bytes (Attributes)
--------------------------------        ----        ----        ------- ----- ------------
_CABS1                              00000000    0000000E =          14. bytes (ABS,CON)

      Value  Global                              Global Defined In Module
      -----  --------------------------------   ------------------------
     00007FD2  ___SMS__SDSC_author                _sms_manager

ASxxxx Linker V03.00 + NoICE + sdld,  page 20.
Hexadecimal  [32-Bits]

Area                                    Addr        Size        Decimal Bytes (Attributes)
--------------------------------        ----        ----        ------- ----- ------------
_CABS2                              00000000    0000000F =          15. bytes (ABS,CON)

      Value  Global                              Global Defined In Module
      -----  --------------------------------   ------------------------
     00007FC3  ___SMS__SDSC_name                  _sms_manager

ASxxxx Linker V03.00 + NoICE + sdld,  page 21.
Hexadecimal  [32-Bits]

Area                                    Addr        Size        Decimal Bytes (Attributes)
--------------------------------        ----        ----        ------- ----- ------------
_CABS3                              00000000    00000028 =          40. bytes (ABS,CON)

      Value  Global                              Global Defined In Module
      -----  --------------------------------   ------------------------
     00007F9B  ___SMS__SDSC_descr                 _sms_manager

ASxxxx Linker V03.00 + NoICE + sdld,  page 22.
Hexadecimal  [32-Bits]

Area                                    Addr        Size        Decimal Bytes (Attributes)
--------------------------------        ----        ----        ------- ----- ------------
_CABS4                              00000000    00000010 =          16. bytes (ABS,CON)

      Value  Global                              Global Defined In Module
      -----  --------------------------------   ------------------------
     00007FE0  ___SMS__SDSC_signature             _sms_manager

ASxxxx Linker V03.00 + NoICE + sdld,  page 23.

Files Linked                              [ module(s) ]

..\crt0\crt0_sms.rel                      [ crt0 ]
main.rel                                  [ main ]
..\lib\PSGlib.rel                         [ PSGlib ]
devkit\_sms_manager.rel                   [ _sms_manager ]
devkit\_snd_manager.rel                   [ _snd_manager ]
engine\asm_manager.rel                    [ asm_manager ]
engine\content_manager.rel                [ content_manager ]
engine\font_manager.rel                   [ font_manager ]
engine\hack_manager.rel                   [ hack_manager ]
engine\input_manager.rel                  [ input_manager ]
engine\player_manager.rel                 [ player_manager ]
engine\screen_manager.rel                 [ screen_manager ]
engine\text_manager.rel                   [ text_manager ]
engine\tree_manager.rel                   [ tree_manager ]
screen\none_screen.rel                    [ none_screen ]
screen\start_screen.rel                   [ start_screen ]
screen\title_screen.rel                   [ title_screen ]
screen\ready_screen.rel                   [ ready_screen ]
screen\play_screen.rel                    [ play_screen ]
gfx.rel                                   [ gfx ]
psg.rel                                   [ psg ]


Libraries Linked                          [ object file ]

C:\Program Files\SDCC\bin\..\lib\z80/z80.lib
                                          [ divunsigned.rel ]
..\lib\SMSlib.lib                         [ SMSlib_UNSAFE.rel ]
..\lib\SMSlib.lib                         [ SMSlib.rel ]
..\lib\SMSlib.lib                         [ SMSlib_STMcomp.rel ]
C:\Program Files\SDCC\bin\..\lib\z80/z80.lib
                                          [ __sdcc_call_hl.rel ]
..\lib\SMSlib.lib                         [ SMSlib_PSGaiden.rel ]
C:\Program Files\SDCC\bin\..\lib\z80/z80.lib
                                          [ modunsigned.rel ]

ASxxxx Linker V03.00 + NoICE + sdld,  page 24.

User Base Address Definitions

_CODE = 0x0200
_DATA = 0xc000

