ASxxxx Linker V03.00 + NoICE + sdld,  page 1.
Hexadecimal  [32-Bits]

Area                                    Addr        Size        Decimal Bytes (Attributes)
--------------------------------        ----        ----        ------- ----- ------------
.  .ABS.                            00000000    00000000 =           0. bytes (ABS,CON)

      Value  Global                              Global Defined In Module
      -----  --------------------------------   ------------------------
     00000000  .__.ABS.                           
     00000000  l__BSEG                         
     00000000  l__BSS                          
     00000000  l__CABS                         
     00000000  l__DABS                         
     00000000  l__HEADER                       
     00000000  l__HEAP                         
     00000000  l__HOME                         
     00000000  s__CABS                         
     00000000  s__CABS0                        
     00000000  s__CABS1                        
     00000000  s__CABS2                        
     00000000  s__CABS3                        
     00000000  s__CABS4                        
     00000000  s__DABS                         
     00000000  s__HEADER                       
     00000000  s__HEADER0                      
     00000000  s__HEADER1                      
     00000000  s__HEADER2                      
     00000000  s__HEADER3                      
     00000000  s__HEADER4                      
     00000000  s__HEADER5                      
     00000001  l__GSFINAL                      
     00000003  l__HEADER3                      
     00000003  l__HEADER4                      
     00000006  l__HEADER0                      
     00000009  l__HEADER1                      
     0000000A  l__HEADER2                      
     0000000C  l__INITIALIZED                  
     0000000C  l__INITIALIZER                  
     0000000E  l__CABS1                        
     0000000F  l__CABS2                        
     0000000F  l__GSINIT                       
     00000010  l__CABS0                        
     00000010  l__CABS4                        
     00000028  l__CABS3                        
     0000012A  l__HEADER5                      
     00000200  s__CODE                         
     000002F9  l__DATA                         
     000037F5  l__CODE                         
     000039F5  s__HOME                         
     000039F5  s__INITIALIZER                  
     00003A01  s__GSINIT                       
     00003A10  s__GSFINAL                      
     00008000  _SMS_SRAM                          SMSlib_PSGaiden
     0000C000  s__DATA                         
     0000C2F9  s__INITIALIZED                  
     0000C305  s__BSEG                         
     0000C305  s__BSS                          
     0000C305  s__HEAP                         
ASxxxx Linker V03.00 + NoICE + sdld,  page 2.
Hexadecimal  [32-Bits]

Area                                    Addr        Size        Decimal Bytes (Attributes)
--------------------------------        ----        ----        ------- ----- ------------
.  .ABS.                            00000000    00000000 =           0. bytes (ABS,CON)

      Value  Global                              Global Defined In Module
      -----  --------------------------------   ------------------------
     0000FFFC  _SRAM_bank_to_be_mapped_on_slot2   SMSlib_PSGaiden
     0000FFFF  _ROM_bank_to_be_mapped_on_slot2    SMSlib_PSGaiden

ASxxxx Linker V03.00 + NoICE + sdld,  page 3.
Hexadecimal  [32-Bits]

Area                                    Addr        Size        Decimal Bytes (Attributes)
--------------------------------        ----        ----        ------- ----- ------------
_CODE                               00000200    000037F5 =       14325. bytes (REL,CON)

      Value  Global                              Global Defined In Module
      -----  --------------------------------   ------------------------
     00000200  __clock                            crt0
     00000204  _exit                              crt0
     0000020A  _main                              main
     0000024C  _PSGStop                           PSGlib
     00000273  _PSGResume                         PSGlib
     000002BF  _PSGPlay                           PSGlib
     000002EC  _PSGCancelLoop                     PSGlib
     000002F2  _PSGPlayNoRepeat                   PSGlib
     00000301  _PSGGetStatus                      PSGlib
     00000309  _PSGSilenceChannels                PSGlib
     0000031A  _PSGRestoreVolumes                 PSGlib
     000003EB  _PSGSetMusicVolumeAttenuation      PSGlib
     000004B0  _PSGSFXStop                        PSGlib
     00000569  _PSGSFXPlay                        PSGlib
     000005B6  _PSGSFXCancelLoop                  PSGlib
     000005BC  _PSGSFXGetStatus                   PSGlib
     000005C4  _PSGSFXPlayLoop                    PSGlib
     000005DE  _PSGFrame                          PSGlib
     000006F7  _PSGSFXFrame                       PSGlib
     0000077D  _devkit_SMS_init                   _sms_manager
     00000780  _devkit_SMS_displayOn              _sms_manager
     00000786  _devkit_SMS_displayOff             _sms_manager
     0000078C  _devkit_SMS_mapROMBank             _sms_manager
     00000795  _devkit_SMS_setSpriteMode          _sms_manager
     000007A1  _devkit_SMS_useFirstHalfTilesfor   _sms_manager
     000007A6  _devkit_SMS_useFirstHalfTilesfor   _sms_manager
     000007AB  _devkit_SMS_VDPturnOnFeature       _sms_manager
     000007B2  _devkit_SMS_loadPSGaidencompress   _sms_manager
     000007C8  _devkit_SMS_loadSTMcompressedTil   _sms_manager
     000007E9  _devkit_SMS_loadBGPalette          _sms_manager
     000007F0  _devkit_SMS_loadSpritePalette      _sms_manager
     000007F7  _devkit_SMS_setSpritePaletteColo   _sms_manager
     0000081F  _devkit_SMS_setNextTileatXY        _sms_manager
     00000848  _devkit_SMS_setTile                _sms_manager
     00000856  _devkit_SMS_addSprite              _sms_manager
     00000871  _devkit_SMS_addSprite_bulk8        _sms_manager
     00000938  _devkit_SMS_addSprite_bulk12       _sms_manager
     00000A5C  _devkit_SMS_initSprites            _sms_manager
     00000A5F  _devkit_SMS_finalizeSprites        _sms_manager
     00000A62  _devkit_SMS_waitForVBlank          _sms_manager
     00000A65  _devkit_SMS_copySpritestoSAT       _sms_manager
     00000A68  _devkit_UNSAFE_SMS_copySpritesto   _sms_manager
     00000A6B  _devkit_SMS_queryPauseRequested    _sms_manager
     00000A6E  _devkit_SMS_resetPauseRequest      _sms_manager
     00000A71  _devkit_SMS_getKeysStatus          _sms_manager
     00000A74  _devkit_PORT_A_KEY_UP              _sms_manager
     00000A78  _devkit_PORT_A_KEY_DOWN            _sms_manager
     00000A7C  _devkit_PORT_A_KEY_LEFT            _sms_manager
     00000A80  _devkit_PORT_A_KEY_RIGHT           _sms_manager
     00000A84  _devkit_PORT_A_KEY_1               _sms_manager
ASxxxx Linker V03.00 + NoICE + sdld,  page 4.
Hexadecimal  [32-Bits]

Area                                    Addr        Size        Decimal Bytes (Attributes)
--------------------------------        ----        ----        ------- ----- ------------
_CODE                               00000200    000037F5 =       14325. bytes (REL,CON)

      Value  Global                              Global Defined In Module
      -----  --------------------------------   ------------------------
     00000A88  _devkit_PORT_A_KEY_2               _sms_manager
     00000A8C  _devkit_SPRITEMODE_NORMAL          _sms_manager
     00000A8F  _devkit_VDPFEATURE_HIDEFIRSTCOL    _sms_manager
     00000AD8  _devkit_PSGPlay                    _snd_manager
     00000AE2  _devkit_PSGCancelLoop              _snd_manager
     00000AE5  _devkit_PSGPlayNoRepeat            _snd_manager
     00000AEF  _devkit_PSGStop                    _snd_manager
     00000AF2  _devkit_PSGResume                  _snd_manager
     00000AF5  _devkit_PSGGetStatus               _snd_manager
     00000AF8  _devkit_PSGSetMusicVolumeAttenua   _snd_manager
     00000B04  _devkit_PSGSFXPlay                 _snd_manager
     00000B19  _devkit_PSGSFXPlayLoop             _snd_manager
     00000B2E  _devkit_PSGSFXCancelLoop           _snd_manager
     00000B31  _devkit_PSGSFXStop                 _snd_manager
     00000B34  _devkit_PSGSFXGetStatus            _snd_manager
     00000B37  _devkit_PSGSilenceChannels         _snd_manager
     00000B3A  _devkit_PSGRestoreVolumes          _snd_manager
     00000B3D  _devkit_PSGFrame                   _snd_manager
     00000B40  _devkit_PSGSFXFrame                _snd_manager
     00000B43  _devkit_SFX_CHANNEL2               _snd_manager
     00000B46  _devkit_SFX_CHANNEL3               _snd_manager
     00000B49  _devkit_SFX_CHANNELS2AND3          _snd_manager
     00000B4C  _engine_asm_manager_clear_VRAM     asm_manager
     00000B62  _engine_content_manager_load_til   content_manager
     00000B8C  _engine_content_manager_load_spr   content_manager
     00000BA2  _engine_content_manager_load_spl   content_manager
     00000BC5  _engine_enemy_manager_load         enemy_manager
     00000BC6  _engine_font_manager_draw_char     font_manager
     00000BED  _engine_font_manager_draw_text     font_manager
     00000C32  _engine_font_manager_draw_data     font_manager
     00000CDD  _engine_font_manager_draw_data_Z   font_manager
     00000D64  _engine_gamer_manager_init         gamer_manager
     00000D6A  _engine_gamer_manager_load         gamer_manager
     00000D91  _engine_gamer_manager_toggle_col   gamer_manager
     00000D92  _engine_gamer_manager_toggle_fra   gamer_manager
     00000D93  _engine_gamer_manager_move         gamer_manager
     00000D94  _engine_gamer_manager_update       gamer_manager
     00000D95  _engine_gamer_manager_draw         gamer_manager
     00000DC1  _engine_hack_manager_init          hack_manager
     00000E16  _engine_hack_manager_invert        hack_manager
     00000E3F  _engine_input_manager_update       input_manager
     00000E4C  _engine_input_manager_hold_up      input_manager
     00000E55  _engine_input_manager_hold_down    input_manager
     00000E5E  _engine_input_manager_hold_left    input_manager
     00000E67  _engine_input_manager_hold_right   input_manager
     00000E70  _engine_input_manager_hold_fire1   input_manager
     00000E79  _engine_input_manager_hold_fire2   input_manager
     00000E82  _engine_input_manager_move_up      input_manager
     00000E8B  _engine_input_manager_move_down    input_manager
     00000E94  _engine_input_manager_move_left    input_manager
     00000E9D  _engine_input_manager_move_right   input_manager
ASxxxx Linker V03.00 + NoICE + sdld,  page 5.
Hexadecimal  [32-Bits]

Area                                    Addr        Size        Decimal Bytes (Attributes)
--------------------------------        ----        ----        ------- ----- ------------
_CODE                               00000200    000037F5 =       14325. bytes (REL,CON)

      Value  Global                              Global Defined In Module
      -----  --------------------------------   ------------------------
     00000EA6  _engine_input_manager_move_fire1   input_manager
     00000EAF  _engine_input_manager_move_fire2   input_manager
     00000F10  _engine_path_manager_init          path_manager
     000017D1  _engine_screen_manager_init        screen_manager
     0000181B  _engine_screen_manager_update      screen_manager
     0000185E  _engine_sound_manager_play         sound_manager
     000018A8  _engine_sprite_manager_draw        sprite_manager
     0000190D  _engine_text_manager_draw          text_manager
     00001A23  _engine_text_manager_names         text_manager
     00001A69  _engine_text_manager_space         text_manager
     00001AA0  _engine_tree_manager_draw          tree_manager
     00001B4E  _screen_none_screen_load           none_screen
     00001B4F  _screen_none_screen_update         none_screen
     00001B56  _screen_start_screen_load          start_screen
     00001B68  _screen_start_screen_update        start_screen
     00001B9D  _screen_title_screen_load          title_screen
     00001BB2  _screen_title_screen_update        title_screen
     00001BB9  _screen_ready_screen_load          ready_screen
     00001BC5  _screen_ready_screen_update        ready_screen
     00001BCC  _screen_play_screen_load           play_screen
     00001BE5  _screen_play_screen_update         play_screen
     00001BEC  _font_tiles__palette__bin          gfx
     00001BFC  _font_tiles__tilemap__bin          gfx
     00001C7C  _font_tiles__tiles__psgcompr       gfx
     00001F13  _splash__palette__bin              gfx
     00001F23  _splash__tilemap__stmcompr         gfx
     00001F6A  _splash__tiles__psgcompr           gfx
     00002793  _sprites__palette__bin             gfx
     000027A3  _sprites__tiles__psgcompr          gfx
     00002B59  _tree_avoid__palette__bin          gfx
     00002B69  _tree_avoid__tilemap__bin          gfx
     00002B71  _tree_avoid__tiles__psgcompr       gfx
     00002BC3  _music_psg                         psg
     000031E8  _sound1_psg                        psg
     00003213  _sound2_psg                        psg
     00003233  _sound3_psg                        psg
     00003256  __divuint                          
     0000325E  __divuchar                         
     00003265  __divu8                            
     00003268  __divu16                           
     00003297  _UNSAFE_SMS_copySpritestoSAT       SMSlib_UNSAFE
     000032AF  _UNSAFE_SMS_VRAMmemcpy32           SMSlib_UNSAFE
     000032CC  _UNSAFE_SMS_VRAMmemcpy64           SMSlib_UNSAFE
     000032E9  _UNSAFE_SMS_VRAMmemcpy128          SMSlib_UNSAFE
     00003306  _SMS_init                          SMSlib
     0000335A  _VDPReg_init                       SMSlib
     00003365  _SMS_VDPType                       SMSlib
     0000336D  _SMS_VDPturnOnFeature              SMSlib
     00003384  _SMS_VDPturnOffFeature             SMSlib
     0000339D  _SMS_setBGScrollX                  SMSlib
     000033A7  _SMS_setBGScrollY                  SMSlib
ASxxxx Linker V03.00 + NoICE + sdld,  page 6.
Hexadecimal  [32-Bits]

Area                                    Addr        Size        Decimal Bytes (Attributes)
--------------------------------        ----        ----        ------- ----- ------------
_CODE                               00000200    000037F5 =       14325. bytes (REL,CON)

      Value  Global                              Global Defined In Module
      -----  --------------------------------   ------------------------
     000033B1  _SMS_setBackdropColor              SMSlib
     000033BB  _SMS_useFirstHalfTilesforSprites   SMSlib
     000033CF  _SMS_setSpriteMode                 SMSlib
     00003414  _SMS_setBGPaletteColor             SMSlib
     00003428  _SMS_setSpritePaletteColor         SMSlib
     0000343C  _SMS_loadBGPalette                 SMSlib
     00003450  _SMS_loadSpritePalette             SMSlib
     00003464  _SMS_setColor                      SMSlib
     00003468  _SMS_initSprites                   SMSlib
     0000346E  _SMS_addSprite                     SMSlib
     000034C3  _SMS_finalizeSprites               SMSlib
     000034D5  _SMS_copySpritestoSAT              SMSlib
     000034FE  _SMS_waitForVBlank                 SMSlib
     0000350B  _SMS_getKeysStatus                 SMSlib
     0000350F  _SMS_getKeysPressed                SMSlib
     0000352C  _SMS_getKeysHeld                   SMSlib
     00003543  _SMS_getKeysReleased               SMSlib
     00003560  _SMS_queryPauseRequested           SMSlib
     00003568  _SMS_resetPauseRequest             SMSlib
     0000356E  _SMS_setLineInterruptHandler       SMSlib
     0000357F  _SMS_setLineCounter                SMSlib
     0000358E  _SMS_getVCount                     SMSlib
     00003592  _SMS_getHCount                     SMSlib
     00003596  _SMS_isr                           SMSlib
     000035CC  _SMS_nmi_isr                       SMSlib
     000035DF  _rand                              rand
     0000369B  _srand                             rand
     000036B9  _SMS_loadSTMcompressedTileMapAre   SMSlib_STMcomp
     0000389A  ___sdcc_call_hl                    
     0000389B  _SMS_loadPSGaidencompressedTiles   SMSlib_PSGaiden
     0000397D  __modschar                         
     0000398A  __modsint                          
     00003996  __moduchar                         
     000039A2  __moduint                          
     000039AD  __divsint                          
     000039B6  __divschar                         
     000039BD  __div8                             
     000039C1  __div_signexte                     
     000039C5  __div16                            
     000039EB  __get_remainder                    
ASxxxx Linker V03.00 + NoICE + sdld,  page 7.
Hexadecimal  [32-Bits]

Area                                    Addr        Size        Decimal Bytes (Attributes)
--------------------------------        ----        ----        ------- ----- ------------
_HEADER0                            00000000    00000006 =           6. bytes (ABS,CON)

      Value  Global                              Global Defined In Module
      -----  --------------------------------   ------------------------
     00000006  _SMS_crt0_RST08                    crt0

ASxxxx Linker V03.00 + NoICE + sdld,  page 8.
Hexadecimal  [32-Bits]

Area                                    Addr        Size        Decimal Bytes (Attributes)
--------------------------------        ----        ----        ------- ----- ------------
_HEADER1                            00000000    00000009 =           9. bytes (ABS,CON)

      Value  Global                              Global Defined In Module
      -----  --------------------------------   ------------------------
     00000011  _SMS_crt0_RST18                    crt0

ASxxxx Linker V03.00 + NoICE + sdld,  page 9.
Hexadecimal  [32-Bits]

Area                                    Addr        Size        Decimal Bytes (Attributes)
--------------------------------        ----        ----        ------- ----- ------------
_HEADER2                            00000000    0000000A =          10. bytes (ABS,CON)

      Value  Global                              Global Defined In Module
      -----  --------------------------------   ------------------------
ASxxxx Linker V03.00 + NoICE + sdld,  page 10.
Hexadecimal  [32-Bits]

Area                                    Addr        Size        Decimal Bytes (Attributes)
--------------------------------        ----        ----        ------- ----- ------------
_HEADER3                            00000000    00000003 =           3. bytes (ABS,CON)

      Value  Global                              Global Defined In Module
      -----  --------------------------------   ------------------------
ASxxxx Linker V03.00 + NoICE + sdld,  page 11.
Hexadecimal  [32-Bits]

Area                                    Addr        Size        Decimal Bytes (Attributes)
--------------------------------        ----        ----        ------- ----- ------------
_HEADER4                            00000000    00000003 =           3. bytes (ABS,CON)

      Value  Global                              Global Defined In Module
      -----  --------------------------------   ------------------------
ASxxxx Linker V03.00 + NoICE + sdld,  page 12.
Hexadecimal  [32-Bits]

Area                                    Addr        Size        Decimal Bytes (Attributes)
--------------------------------        ----        ----        ------- ----- ------------
_HEADER5                            00000000    0000012A =         298. bytes (ABS,CON)

      Value  Global                              Global Defined In Module
      -----  --------------------------------   ------------------------
     00000099  _OUTI128                           crt0
     00000119  _OUTI64                            crt0
     00000159  _OUTI32                            crt0
     00000199  _outi_block                        crt0

ASxxxx Linker V03.00 + NoICE + sdld,  page 13.
Hexadecimal  [32-Bits]

Area                                    Addr        Size        Decimal Bytes (Attributes)
--------------------------------        ----        ----        ------- ----- ------------
_INITIALIZER                        000039F5    0000000C =          12. bytes (REL,CON)

      Value  Global                              Global Defined In Module
      -----  --------------------------------   ------------------------
ASxxxx Linker V03.00 + NoICE + sdld,  page 14.
Hexadecimal  [32-Bits]

Area                                    Addr        Size        Decimal Bytes (Attributes)
--------------------------------        ----        ----        ------- ----- ------------
_GSINIT                             00003A01    0000000F =          15. bytes (REL,CON)

      Value  Global                              Global Defined In Module
      -----  --------------------------------   ------------------------
     00003A01  gsinit                             crt0

ASxxxx Linker V03.00 + NoICE + sdld,  page 15.
Hexadecimal  [32-Bits]

Area                                    Addr        Size        Decimal Bytes (Attributes)
--------------------------------        ----        ----        ------- ----- ------------
_GSFINAL                            00003A10    00000001 =           1. bytes (REL,CON)

      Value  Global                              Global Defined In Module
      -----  --------------------------------   ------------------------
ASxxxx Linker V03.00 + NoICE + sdld,  page 16.
Hexadecimal  [32-Bits]

Area                                    Addr        Size        Decimal Bytes (Attributes)
--------------------------------        ----        ----        ------- ----- ------------
_DATA                               0000C000    000002F9 =         761. bytes (REL,CON)

      Value  Global                              Global Defined In Module
      -----  --------------------------------   ------------------------
     0000C001  _PSGMusicStatus                    PSGlib
     0000C002  _PSGMusicStart                     PSGlib
     0000C004  _PSGMusicPointer                   PSGlib
     0000C006  _PSGMusicLoopPoint                 PSGlib
     0000C008  _PSGMusicSkipFrames                PSGlib
     0000C009  _PSGLoopFlag                       PSGlib
     0000C00A  _PSGMusicLastLatch                 PSGlib
     0000C00B  _PSGMusicVolumeAttenuation         PSGlib
     0000C00C  _PSGMusicSubstringLen              PSGlib
     0000C00D  _PSGMusicSubstringRetAddr          PSGlib
     0000C00F  _PSGChan0Volume                    PSGlib
     0000C010  _PSGChan1Volume                    PSGlib
     0000C011  _PSGChan2Volume                    PSGlib
     0000C012  _PSGChan3Volume                    PSGlib
     0000C013  _PSGChan2LowTone                   PSGlib
     0000C014  _PSGChan2HighTone                  PSGlib
     0000C015  _PSGChan3LowTone                   PSGlib
     0000C016  _PSGChannel2SFX                    PSGlib
     0000C017  _PSGChannel3SFX                    PSGlib
     0000C018  _PSGSFXChan2Volume                 PSGlib
     0000C019  _PSGSFXChan3Volume                 PSGlib
     0000C01A  _PSGSFXStatus                      PSGlib
     0000C01B  _PSGSFXStart                       PSGlib
     0000C01D  _PSGSFXPointer                     PSGlib
     0000C01F  _PSGSFXLoopPoint                   PSGlib
     0000C021  _PSGSFXSkipFrames                  PSGlib
     0000C022  _PSGSFXLoopFlag                    PSGlib
     0000C023  _PSGSFXSubstringLen                PSGlib
     0000C024  _PSGSFXSubstringRetAddr            PSGlib
     0000C026  _global_gamer_object               gamer_manager
     0000C02F  _global_hack_object                hack_manager
     0000C037  _global_path_object                path_manager
     0000C20E  _VDPBlank                          SMSlib
     0000C20F  _SMS_VDPFlags                      SMSlib
     0000C210  _PauseRequested                    SMSlib
     0000C211  _VDPType                           SMSlib
     0000C212  _KeysStatus                        SMSlib
     0000C214  _PreviousKeysStatus                SMSlib
     0000C216  _SpriteTableY                      SMSlib
     0000C256  _SpriteTableXN                     SMSlib
     0000C2D6  _SpriteNextFree                    SMSlib
     0000C2D7  _SMS_theLineInterruptHandler       SMSlib
     0000C2D9  _decompBuffer                      SMSlib_PSGaiden

ASxxxx Linker V03.00 + NoICE + sdld,  page 17.
Hexadecimal  [32-Bits]

Area                                    Addr        Size        Decimal Bytes (Attributes)
--------------------------------        ----        ----        ------- ----- ------------
_INITIALIZED                        0000C2F9    0000000C =          12. bytes (REL,CON)

      Value  Global                              Global Defined In Module
      -----  --------------------------------   ------------------------
     0000C2FD  _VDPReg                            SMSlib
     0000C2FF  _spritesHeight                     SMSlib
     0000C300  _spritesWidth                      SMSlib
ASxxxx Linker V03.00 + NoICE + sdld,  page 18.
Hexadecimal  [32-Bits]

Area                                    Addr        Size        Decimal Bytes (Attributes)
--------------------------------        ----        ----        ------- ----- ------------
_CABS0                              00000000    00000010 =          16. bytes (ABS,CON)

      Value  Global                              Global Defined In Module
      -----  --------------------------------   ------------------------
     00007FF0  ___SMS__SEGA_signature             _sms_manager

ASxxxx Linker V03.00 + NoICE + sdld,  page 19.
Hexadecimal  [32-Bits]

Area                                    Addr        Size        Decimal Bytes (Attributes)
--------------------------------        ----        ----        ------- ----- ------------
_CABS1                              00000000    0000000E =          14. bytes (ABS,CON)

      Value  Global                              Global Defined In Module
      -----  --------------------------------   ------------------------
     00007FD2  ___SMS__SDSC_author                _sms_manager

ASxxxx Linker V03.00 + NoICE + sdld,  page 20.
Hexadecimal  [32-Bits]

Area                                    Addr        Size        Decimal Bytes (Attributes)
--------------------------------        ----        ----        ------- ----- ------------
_CABS2                              00000000    0000000F =          15. bytes (ABS,CON)

      Value  Global                              Global Defined In Module
      -----  --------------------------------   ------------------------
     00007FC3  ___SMS__SDSC_name                  _sms_manager

ASxxxx Linker V03.00 + NoICE + sdld,  page 21.
Hexadecimal  [32-Bits]

Area                                    Addr        Size        Decimal Bytes (Attributes)
--------------------------------        ----        ----        ------- ----- ------------
_CABS3                              00000000    00000028 =          40. bytes (ABS,CON)

      Value  Global                              Global Defined In Module
      -----  --------------------------------   ------------------------
     00007F9B  ___SMS__SDSC_descr                 _sms_manager

ASxxxx Linker V03.00 + NoICE + sdld,  page 22.
Hexadecimal  [32-Bits]

Area                                    Addr        Size        Decimal Bytes (Attributes)
--------------------------------        ----        ----        ------- ----- ------------
_CABS4                              00000000    00000010 =          16. bytes (ABS,CON)

      Value  Global                              Global Defined In Module
      -----  --------------------------------   ------------------------
     00007FE0  ___SMS__SDSC_signature             _sms_manager

ASxxxx Linker V03.00 + NoICE + sdld,  page 23.

Files Linked                              [ module(s) ]

..\crt0\crt0_sms.rel                      [ crt0 ]
main.rel                                  [ main ]
..\lib\PSGlib.rel                         [ PSGlib ]
devkit\_sms_manager.rel                   [ _sms_manager ]
devkit\_snd_manager.rel                   [ _snd_manager ]
engine\asm_manager.rel                    [ asm_manager ]
engine\content_manager.rel                [ content_manager ]
engine\enemy_manager.rel                  [ enemy_manager ]
engine\font_manager.rel                   [ font_manager ]
engine\gamer_manager.rel                  [ gamer_manager ]
engine\hack_manager.rel                   [ hack_manager ]
engine\input_manager.rel                  [ input_manager ]
engine\path_manager.rel                   [ path_manager ]
engine\screen_manager.rel                 [ screen_manager ]
engine\sound_manager.rel                  [ sound_manager ]
engine\sprite_manager.rel                 [ sprite_manager ]
engine\text_manager.rel                   [ text_manager ]
engine\tree_manager.rel                   [ tree_manager ]
screen\none_screen.rel                    [ none_screen ]
screen\start_screen.rel                   [ start_screen ]
screen\title_screen.rel                   [ title_screen ]
screen\ready_screen.rel                   [ ready_screen ]
screen\play_screen.rel                    [ play_screen ]
gfx.rel                                   [ gfx ]
psg.rel                                   [ psg ]


Libraries Linked                          [ object file ]

C:\Program Files\SDCC\bin\..\lib\z80/z80.lib
                                          [ divunsigned.rel ]
..\lib\SMSlib.lib                         [ SMSlib_UNSAFE.rel ]
..\lib\SMSlib.lib                         [ SMSlib.rel ]
C:\Program Files\SDCC\bin\..\lib\z80/z80.lib
                                          [ rand.rel ]
..\lib\SMSlib.lib                         [ SMSlib_STMcomp.rel ]
C:\Program Files\SDCC\bin\..\lib\z80/z80.lib
                                          [ __sdcc_call_hl.rel ]
..\lib\SMSlib.lib                         [ SMSlib_PSGaiden.rel ]
C:\Program Files\SDCC\bin\..\lib\z80/z80.lib
                                          [ modsigned.rel ]
C:\Program Files\SDCC\bin\..\lib\z80/z80.lib
                                          [ modunsigned.rel ]
C:\Program Files\SDCC\bin\..\lib\z80/z80.lib
                                          [ divsigned.rel ]

ASxxxx Linker V03.00 + NoICE + sdld,  page 24.

User Base Address Definitions

_CODE = 0x0200
_DATA = 0xc000

