ASxxxx Linker V03.00 + NoICE + sdld,  page 1.
Hexadecimal  [32-Bits]

Area                                    Addr        Size        Decimal Bytes (Attributes)
--------------------------------        ----        ----        ------- ----- ------------
.  .ABS.                            00000000    00000000 =           0. bytes (ABS,CON)

      Value  Global                              Global Defined In Module
      -----  --------------------------------   ------------------------
     00000000  .__.ABS.                           
     00000000  _devkit_PORT_A_KEY_1            
     00000000  _devkit_PORT_A_KEY_2            
     00000000  _devkit_PORT_A_KEY_DOWN         
     00000000  _devkit_PORT_A_KEY_LEFT         
     00000000  _devkit_PORT_A_KEY_RIGHT        
     00000000  _devkit_PORT_A_KEY_UP           
     00000000  _devkit_SMS_getKeysStatus       
     00000000  _devkit_SMS_loadBGPalette       
     00000000  _devkit_SMS_loadPSGaidencompress
     00000000  _devkit_SMS_loadSpritePalette   
     00000000  _devkit_SMS_setNextTileatXY     
     00000000  _devkit_SMS_setTile             
     00000000  l__BSEG                         
     00000000  l__BSS                          
     00000000  l__CABS                         
     00000000  l__DABS                         
     00000000  l__HEADER                       
     00000000  l__HEAP                         
     00000000  l__HOME                         
     00000000  s__CABS                         
     00000000  s__DABS                         
     00000000  s__HEADER                       
     00000000  s__HEADER0                      
     00000000  s__HEADER1                      
     00000000  s__HEADER2                      
     00000000  s__HEADER3                      
     00000000  s__HEADER4                      
     00000000  s__HEADER5                      
     00000001  l__GSFINAL                      
     00000003  l__HEADER3                      
     00000003  l__HEADER4                      
     00000006  l__HEADER0                      
     00000008  l__INITIALIZED                  
     00000008  l__INITIALIZER                  
     00000009  l__HEADER1                      
     0000000A  l__HEADER2                      
     0000000F  l__GSINIT                       
     000000F1  l__DATA                         
     0000012A  l__HEADER5                      
     00000200  s__CODE                         
     00001EC5  l__CODE                         
     000020C5  s__HOME                         
     000020C5  s__INITIALIZER                  
     000020CD  s__GSINIT                       
     000020DC  s__GSFINAL                      
     00008000  _SMS_SRAM                          SMSlib
     0000C000  s__DATA                         
     0000C0F1  s__INITIALIZED                  
     0000C0F9  s__BSEG                         
ASxxxx Linker V03.00 + NoICE + sdld,  page 2.
Hexadecimal  [32-Bits]

Area                                    Addr        Size        Decimal Bytes (Attributes)
--------------------------------        ----        ----        ------- ----- ------------
.  .ABS.                            00000000    00000000 =           0. bytes (ABS,CON)

      Value  Global                              Global Defined In Module
      -----  --------------------------------   ------------------------
     0000C0F9  s__BSS                          
     0000C0F9  s__HEAP                         
     0000FFFC  _SRAM_bank_to_be_mapped_on_slot2   SMSlib
     0000FFFF  _ROM_bank_to_be_mapped_on_slot2    SMSlib
ASxxxx Linker V03.00 + NoICE + sdld,  page 3.
Hexadecimal  [32-Bits]

Area                                    Addr        Size        Decimal Bytes (Attributes)
--------------------------------        ----        ----        ------- ----- ------------
_CODE                               00000200    00001EC5 =        7877. bytes (REL,CON)

      Value  Global                              Global Defined In Module
      -----  --------------------------------   ------------------------
     00000200  __clock                            crt0
     00000204  _exit                              crt0
     0000020A  _main                              main
     0000020C  _PSGStop                           PSGlib
     00000233  _PSGResume                         PSGlib
     0000027F  _PSGPlay                           PSGlib
     000002AC  _PSGCancelLoop                     PSGlib
     000002B2  _PSGPlayNoRepeat                   PSGlib
     000002C1  _PSGGetStatus                      PSGlib
     000002C9  _PSGSilenceChannels                PSGlib
     000002DA  _PSGRestoreVolumes                 PSGlib
     000003AB  _PSGSetMusicVolumeAttenuation      PSGlib
     00000470  _PSGSFXStop                        PSGlib
     00000529  _PSGSFXPlay                        PSGlib
     00000576  _PSGSFXCancelLoop                  PSGlib
     0000057C  _PSGSFXGetStatus                   PSGlib
     00000584  _PSGSFXPlayLoop                    PSGlib
     0000059E  _PSGFrame                          PSGlib
     000006B7  _PSGSFXFrame                       PSGlib
     0000073D  _engine_asm_manager_clear_VRAM     asm_manager
     00000753  _engine_content_manager_load_til   content_manager
     0000077D  _engine_content_manager_load_spr   content_manager
     00000793  _engine_font_manager_draw_char     font_manager
     000007BA  _engine_font_manager_draw_text     font_manager
     000007FF  _engine_font_manager_draw_data     font_manager
     000008AA  _engine_font_manager_draw_data_Z   font_manager
     00000931  _engine_input_manager_update       input_manager
     0000093E  _engine_input_manager_hold_up      input_manager
     00000947  _engine_input_manager_hold_down    input_manager
     00000950  _engine_input_manager_hold_left    input_manager
     00000959  _engine_input_manager_hold_right   input_manager
     00000962  _engine_input_manager_hold_fire1   input_manager
     0000096B  _engine_input_manager_hold_fire2   input_manager
     00000974  _engine_input_manager_move_up      input_manager
     0000097D  _engine_input_manager_move_down    input_manager
     00000986  _engine_input_manager_move_left    input_manager
     0000098F  _engine_input_manager_move_right   input_manager
     00000998  _engine_input_manager_move_fire1   input_manager
     000009A1  _engine_input_manager_move_fire2   input_manager
     000009F4  _engine_screen_manager_init        screen_manager
     000009F5  _engine_screen_manager_update      screen_manager
     000009F6  _engine_tile_manager_draw          tile_manager
     00000AA0  _font_tiles__palette__bin          gfx
     00000AB0  _font_tiles__tilemap__bin          gfx
     00000B30  _font_tiles__tiles__psgcompr       gfx
     00000DC7  _splash__palette__bin              gfx
     00000DD7  _splash__tilemap__stmcompr         gfx
     00000E1F  _splash__tiles__psgcompr           gfx
     00001648  _sprites__palette__bin             gfx
     00001658  _sprites__tiles__psgcompr          gfx
ASxxxx Linker V03.00 + NoICE + sdld,  page 4.
Hexadecimal  [32-Bits]

Area                                    Addr        Size        Decimal Bytes (Attributes)
--------------------------------        ----        ----        ------- ----- ------------
_CODE                               00000200    00001EC5 =        7877. bytes (REL,CON)

      Value  Global                              Global Defined In Module
      -----  --------------------------------   ------------------------
     00001696  _tree_avoid__palette__bin          gfx
     000016A6  _tree_avoid__tilemap__bin          gfx
     000016AE  _tree_avoid__tiles__psgcompr       gfx
     00001700  _music_psg                         psg
     00001D25  _sound1_psg                        psg
     00001D50  _sound2_psg                        psg
     00001D70  _sound3_psg                        psg
     00001D93  __divuint                          
     00001D9B  __divuchar                         
     00001DA2  __divu8                            
     00001DA5  __divu16                           
     00001DD4  _SMS_init                          SMSlib
     00001E28  _VDPReg_init                       SMSlib
     00001E33  _SMS_VDPType                       SMSlib
     00001E3B  _SMS_VDPturnOnFeature              SMSlib
     00001E52  _SMS_VDPturnOffFeature             SMSlib
     00001E6B  _SMS_setBGScrollX                  SMSlib
     00001E75  _SMS_setBGScrollY                  SMSlib
     00001E7F  _SMS_setBackdropColor              SMSlib
     00001E89  _SMS_useFirstHalfTilesforSprites   SMSlib
     00001E9D  _SMS_setSpriteMode                 SMSlib
     00001EE2  _SMS_setBGPaletteColor             SMSlib
     00001EF6  _SMS_setSpritePaletteColor         SMSlib
     00001F0A  _SMS_loadBGPalette                 SMSlib
     00001F1E  _SMS_loadSpritePalette             SMSlib
     00001F32  _SMS_setColor                      SMSlib
     00001F36  _SMS_initSprites                   SMSlib
     00001F3C  _SMS_addSprite                     SMSlib
     00001F91  _SMS_finalizeSprites               SMSlib
     00001FA3  _SMS_copySpritestoSAT              SMSlib
     00001FCC  _SMS_waitForVBlank                 SMSlib
     00001FD9  _SMS_getKeysStatus                 SMSlib
     00001FDD  _SMS_getKeysPressed                SMSlib
     00001FFA  _SMS_getKeysHeld                   SMSlib
     00002011  _SMS_getKeysReleased               SMSlib
     0000202E  _SMS_queryPauseRequested           SMSlib
     00002036  _SMS_resetPauseRequest             SMSlib
     0000203C  _SMS_setLineInterruptHandler       SMSlib
     0000204D  _SMS_setLineCounter                SMSlib
     0000205C  _SMS_getVCount                     SMSlib
     00002060  _SMS_getHCount                     SMSlib
     00002064  _SMS_isr                           SMSlib
     0000209A  _SMS_nmi_isr                       SMSlib
     000020AD  ___sdcc_call_hl                    
     000020AE  __moduchar                         
     000020BA  __moduint                          
ASxxxx Linker V03.00 + NoICE + sdld,  page 5.
Hexadecimal  [32-Bits]

Area                                    Addr        Size        Decimal Bytes (Attributes)
--------------------------------        ----        ----        ------- ----- ------------
_HEADER0                            00000000    00000006 =           6. bytes (ABS,CON)

      Value  Global                              Global Defined In Module
      -----  --------------------------------   ------------------------
     00000006  _SMS_crt0_RST08                    crt0

ASxxxx Linker V03.00 + NoICE + sdld,  page 6.
Hexadecimal  [32-Bits]

Area                                    Addr        Size        Decimal Bytes (Attributes)
--------------------------------        ----        ----        ------- ----- ------------
_HEADER1                            00000000    00000009 =           9. bytes (ABS,CON)

      Value  Global                              Global Defined In Module
      -----  --------------------------------   ------------------------
     00000011  _SMS_crt0_RST18                    crt0

ASxxxx Linker V03.00 + NoICE + sdld,  page 7.
Hexadecimal  [32-Bits]

Area                                    Addr        Size        Decimal Bytes (Attributes)
--------------------------------        ----        ----        ------- ----- ------------
_HEADER2                            00000000    0000000A =          10. bytes (ABS,CON)

      Value  Global                              Global Defined In Module
      -----  --------------------------------   ------------------------
ASxxxx Linker V03.00 + NoICE + sdld,  page 8.
Hexadecimal  [32-Bits]

Area                                    Addr        Size        Decimal Bytes (Attributes)
--------------------------------        ----        ----        ------- ----- ------------
_HEADER3                            00000000    00000003 =           3. bytes (ABS,CON)

      Value  Global                              Global Defined In Module
      -----  --------------------------------   ------------------------
ASxxxx Linker V03.00 + NoICE + sdld,  page 9.
Hexadecimal  [32-Bits]

Area                                    Addr        Size        Decimal Bytes (Attributes)
--------------------------------        ----        ----        ------- ----- ------------
_HEADER4                            00000000    00000003 =           3. bytes (ABS,CON)

      Value  Global                              Global Defined In Module
      -----  --------------------------------   ------------------------
ASxxxx Linker V03.00 + NoICE + sdld,  page 10.
Hexadecimal  [32-Bits]

Area                                    Addr        Size        Decimal Bytes (Attributes)
--------------------------------        ----        ----        ------- ----- ------------
_HEADER5                            00000000    0000012A =         298. bytes (ABS,CON)

      Value  Global                              Global Defined In Module
      -----  --------------------------------   ------------------------
     00000099  _OUTI128                           crt0
     00000119  _OUTI64                            crt0
     00000159  _OUTI32                            crt0
     00000199  _outi_block                        crt0

ASxxxx Linker V03.00 + NoICE + sdld,  page 11.
Hexadecimal  [32-Bits]

Area                                    Addr        Size        Decimal Bytes (Attributes)
--------------------------------        ----        ----        ------- ----- ------------
_INITIALIZER                        000020C5    00000008 =           8. bytes (REL,CON)

      Value  Global                              Global Defined In Module
      -----  --------------------------------   ------------------------
ASxxxx Linker V03.00 + NoICE + sdld,  page 12.
Hexadecimal  [32-Bits]

Area                                    Addr        Size        Decimal Bytes (Attributes)
--------------------------------        ----        ----        ------- ----- ------------
_GSINIT                             000020CD    0000000F =          15. bytes (REL,CON)

      Value  Global                              Global Defined In Module
      -----  --------------------------------   ------------------------
     000020CD  gsinit                             crt0

ASxxxx Linker V03.00 + NoICE + sdld,  page 13.
Hexadecimal  [32-Bits]

Area                                    Addr        Size        Decimal Bytes (Attributes)
--------------------------------        ----        ----        ------- ----- ------------
_GSFINAL                            000020DC    00000001 =           1. bytes (REL,CON)

      Value  Global                              Global Defined In Module
      -----  --------------------------------   ------------------------
ASxxxx Linker V03.00 + NoICE + sdld,  page 14.
Hexadecimal  [32-Bits]

Area                                    Addr        Size        Decimal Bytes (Attributes)
--------------------------------        ----        ----        ------- ----- ------------
_DATA                               0000C000    000000F1 =         241. bytes (REL,CON)

      Value  Global                              Global Defined In Module
      -----  --------------------------------   ------------------------
     0000C001  _PSGMusicStatus                    PSGlib
     0000C002  _PSGMusicStart                     PSGlib
     0000C004  _PSGMusicPointer                   PSGlib
     0000C006  _PSGMusicLoopPoint                 PSGlib
     0000C008  _PSGMusicSkipFrames                PSGlib
     0000C009  _PSGLoopFlag                       PSGlib
     0000C00A  _PSGMusicLastLatch                 PSGlib
     0000C00B  _PSGMusicVolumeAttenuation         PSGlib
     0000C00C  _PSGMusicSubstringLen              PSGlib
     0000C00D  _PSGMusicSubstringRetAddr          PSGlib
     0000C00F  _PSGChan0Volume                    PSGlib
     0000C010  _PSGChan1Volume                    PSGlib
     0000C011  _PSGChan2Volume                    PSGlib
     0000C012  _PSGChan3Volume                    PSGlib
     0000C013  _PSGChan2LowTone                   PSGlib
     0000C014  _PSGChan2HighTone                  PSGlib
     0000C015  _PSGChan3LowTone                   PSGlib
     0000C016  _PSGChannel2SFX                    PSGlib
     0000C017  _PSGChannel3SFX                    PSGlib
     0000C018  _PSGSFXChan2Volume                 PSGlib
     0000C019  _PSGSFXChan3Volume                 PSGlib
     0000C01A  _PSGSFXStatus                      PSGlib
     0000C01B  _PSGSFXStart                       PSGlib
     0000C01D  _PSGSFXPointer                     PSGlib
     0000C01F  _PSGSFXLoopPoint                   PSGlib
     0000C021  _PSGSFXSkipFrames                  PSGlib
     0000C022  _PSGSFXLoopFlag                    PSGlib
     0000C023  _PSGSFXSubstringLen                PSGlib
     0000C024  _PSGSFXSubstringRetAddr            PSGlib
     0000C026  _VDPBlank                          SMSlib
     0000C027  _SMS_VDPFlags                      SMSlib
     0000C028  _PauseRequested                    SMSlib
     0000C029  _VDPType                           SMSlib
     0000C02A  _KeysStatus                        SMSlib
     0000C02C  _PreviousKeysStatus                SMSlib
     0000C02E  _SpriteTableY                      SMSlib
     0000C06E  _SpriteTableXN                     SMSlib
     0000C0EE  _SpriteNextFree                    SMSlib
     0000C0EF  _SMS_theLineInterruptHandler       SMSlib
ASxxxx Linker V03.00 + NoICE + sdld,  page 15.
Hexadecimal  [32-Bits]

Area                                    Addr        Size        Decimal Bytes (Attributes)
--------------------------------        ----        ----        ------- ----- ------------
_INITIALIZED                        0000C0F1    00000008 =           8. bytes (REL,CON)

      Value  Global                              Global Defined In Module
      -----  --------------------------------   ------------------------
     0000C0F5  _VDPReg                            SMSlib
     0000C0F7  _spritesHeight                     SMSlib
     0000C0F8  _spritesWidth                      SMSlib
ASxxxx Linker V03.00 + NoICE + sdld,  page 16.

Files Linked                              [ module(s) ]

..\crt0\crt0_sms.rel                      [ crt0 ]
main.rel                                  [ main ]
..\lib\PSGlib.rel                         [ PSGlib ]
engine\asm_manager.rel                    [ asm_manager ]
engine\content_manager.rel                [ content_manager ]
engine\font_manager.rel                   [ font_manager ]
engine\input_manager.rel                  [ input_manager ]
engine\player_manager.rel                 [ player_manager ]
engine\screen_manager.rel                 [ screen_manager ]
engine\tile_manager.rel                   [ tile_manager ]
gfx.rel                                   [ gfx ]
psg.rel                                   [ psg ]


Libraries Linked                          [ object file ]

C:\Program Files\SDCC\bin\..\lib\z80/z80.lib
                                          [ divunsigned.rel ]
..\lib\SMSlib.lib                         [ SMSlib.rel ]
C:\Program Files\SDCC\bin\..\lib\z80/z80.lib
                                          [ __sdcc_call_hl.rel ]
C:\Program Files\SDCC\bin\..\lib\z80/z80.lib
                                          [ modunsigned.rel ]

ASxxxx Linker V03.00 + NoICE + sdld,  page 17.

User Base Address Definitions

_CODE = 0x0200
_DATA = 0xc000


?ASlink-Warning-Undefined Global '_devkit_PORT_A_KEY_1' referenced by module 'input_manager'

?ASlink-Warning-Undefined Global '_devkit_PORT_A_KEY_2' referenced by module 'input_manager'

?ASlink-Warning-Undefined Global '_devkit_PORT_A_KEY_DOWN' referenced by module 'input_manager'

?ASlink-Warning-Undefined Global '_devkit_PORT_A_KEY_RIGHT' referenced by module 'input_manager'

?ASlink-Warning-Undefined Global '_devkit_SMS_loadBGPalette' referenced by module 'content_manager'

?ASlink-Warning-Undefined Global '_devkit_SMS_setNextTileatXY' referenced by module 'font_manager'

?ASlink-Warning-Undefined Global '_devkit_SMS_setNextTileatXY' referenced by module 'tile_manager'

?ASlink-Warning-Undefined Global '_devkit_SMS_loadPSGaidencompressedTiles' referenced by module 'content_manager'

?ASlink-Warning-Undefined Global '_devkit_SMS_setTile' referenced by module 'font_manager'

?ASlink-Warning-Undefined Global '_devkit_SMS_setTile' referenced by module 'tile_manager'

?ASlink-Warning-Undefined Global '_devkit_PORT_A_KEY_UP' referenced by module 'input_manager'

?ASlink-Warning-Undefined Global '_devkit_SMS_getKeysStatus' referenced by module 'input_manager'

?ASlink-Warning-Undefined Global '_devkit_PORT_A_KEY_LEFT' referenced by module 'input_manager'

?ASlink-Warning-Undefined Global '_devkit_SMS_loadSpritePalette' referenced by module 'content_manager'
