ASxxxx Linker V03.00 + NoICE + sdld,  page 1.
Hexadecimal  [32-Bits]

Area                                    Addr        Size        Decimal Bytes (Attributes)
--------------------------------        ----        ----        ------- ----- ------------
.  .ABS.                            00000000    00000000 =           0. bytes (ABS,CON)

      Value  Global                              Global Defined In Module
      -----  --------------------------------   ------------------------
     00000000  .__.ABS.                           
     00000000  l__BSEG                         
     00000000  l__BSS                          
     00000000  l__CABS                         
     00000000  l__DABS                         
     00000000  l__HEADER                       
     00000000  l__HEAP                         
     00000000  l__HOME                         
     00000000  s__CABS                         
     00000000  s__CABS0                        
     00000000  s__CABS1                        
     00000000  s__CABS2                        
     00000000  s__CABS3                        
     00000000  s__CABS4                        
     00000000  s__DABS                         
     00000000  s__HEADER                       
     00000000  s__HEADER0                      
     00000000  s__HEADER1                      
     00000000  s__HEADER2                      
     00000000  s__HEADER3                      
     00000000  s__HEADER4                      
     00000000  s__HEADER5                      
     00000001  l__GSFINAL                      
     00000003  l__HEADER3                      
     00000003  l__HEADER4                      
     00000006  l__HEADER0                      
     00000008  l__INITIALIZED                  
     00000008  l__INITIALIZER                  
     00000009  l__HEADER1                      
     0000000A  l__HEADER2                      
     0000000E  l__CABS1                        
     0000000F  l__CABS2                        
     0000000F  l__GSINIT                       
     00000010  l__CABS0                        
     00000010  l__CABS4                        
     00000028  l__CABS3                        
     00000128  l__DATA                         
     0000012A  l__HEADER5                      
     00000200  s__CODE                         
     0000292C  l__CODE                         
     00002B2C  s__HOME                         
     00002B2C  s__INITIALIZER                  
     00002B34  s__GSINIT                       
     00002B43  s__GSFINAL                      
     00008000  _SMS_SRAM                          SMSlib_PSGaiden
     0000C000  s__DATA                         
     0000C128  s__INITIALIZED                  
     0000C130  s__BSEG                         
     0000C130  s__BSS                          
     0000C130  s__HEAP                         
ASxxxx Linker V03.00 + NoICE + sdld,  page 2.
Hexadecimal  [32-Bits]

Area                                    Addr        Size        Decimal Bytes (Attributes)
--------------------------------        ----        ----        ------- ----- ------------
.  .ABS.                            00000000    00000000 =           0. bytes (ABS,CON)

      Value  Global                              Global Defined In Module
      -----  --------------------------------   ------------------------
     0000FFFC  _SRAM_bank_to_be_mapped_on_slot2   SMSlib_PSGaiden
     0000FFFF  _ROM_bank_to_be_mapped_on_slot2    SMSlib_PSGaiden

ASxxxx Linker V03.00 + NoICE + sdld,  page 3.
Hexadecimal  [32-Bits]

Area                                    Addr        Size        Decimal Bytes (Attributes)
--------------------------------        ----        ----        ------- ----- ------------
_CODE                               00000200    0000292C =       10540. bytes (REL,CON)

      Value  Global                              Global Defined In Module
      -----  --------------------------------   ------------------------
     00000200  __clock                            crt0
     00000204  _exit                              crt0
     0000020A  _main                              main
     0000024C  _PSGStop                           PSGlib
     00000273  _PSGResume                         PSGlib
     000002BF  _PSGPlay                           PSGlib
     000002EC  _PSGCancelLoop                     PSGlib
     000002F2  _PSGPlayNoRepeat                   PSGlib
     00000301  _PSGGetStatus                      PSGlib
     00000309  _PSGSilenceChannels                PSGlib
     0000031A  _PSGRestoreVolumes                 PSGlib
     000003EB  _PSGSetMusicVolumeAttenuation      PSGlib
     000004B0  _PSGSFXStop                        PSGlib
     00000569  _PSGSFXPlay                        PSGlib
     000005B6  _PSGSFXCancelLoop                  PSGlib
     000005BC  _PSGSFXGetStatus                   PSGlib
     000005C4  _PSGSFXPlayLoop                    PSGlib
     000005DE  _PSGFrame                          PSGlib
     000006F7  _PSGSFXFrame                       PSGlib
     0000077D  _devkit_SMS_init                   _sms_manager
     00000780  _devkit_SMS_displayOn              _sms_manager
     00000786  _devkit_SMS_displayOff             _sms_manager
     0000078C  _devkit_SMS_mapROMBank             _sms_manager
     00000795  _devkit_SMS_setSpriteMode          _sms_manager
     000007A1  _devkit_SMS_useFirstHalfTilesfor   _sms_manager
     000007A6  _devkit_SMS_useFirstHalfTilesfor   _sms_manager
     000007AB  _devkit_SMS_VDPturnOnFeature       _sms_manager
     000007B2  _devkit_SMS_loadPSGaidencompress   _sms_manager
     000007C8  _devkit_SMS_loadSTMcompressedTil   _sms_manager
     000007E9  _devkit_SMS_loadBGPalette          _sms_manager
     000007F0  _devkit_SMS_loadSpritePalette      _sms_manager
     000007F7  _devkit_SMS_setSpritePaletteColo   _sms_manager
     0000081F  _devkit_SMS_setNextTileatXY        _sms_manager
     00000848  _devkit_SMS_setTile                _sms_manager
     00000856  _devkit_SMS_addSprite              _sms_manager
     00000871  _devkit_SMS_addSprite_bulk8        _sms_manager
     0000092C  _devkit_SMS_addSprite_bulk12       _sms_manager
     00000A39  _devkit_SMS_initSprites            _sms_manager
     00000A3C  _devkit_SMS_finalizeSprites        _sms_manager
     00000A3F  _devkit_SMS_waitForVBlank          _sms_manager
     00000A42  _devkit_SMS_copySpritestoSAT       _sms_manager
     00000A45  _devkit_UNSAFE_SMS_copySpritesto   _sms_manager
     00000A48  _devkit_SMS_queryPauseRequested    _sms_manager
     00000A4B  _devkit_SMS_resetPauseRequest      _sms_manager
     00000A4E  _devkit_SMS_getKeysStatus          _sms_manager
     00000A51  _devkit_PORT_A_KEY_UP              _sms_manager
     00000A55  _devkit_PORT_A_KEY_DOWN            _sms_manager
     00000A59  _devkit_PORT_A_KEY_LEFT            _sms_manager
     00000A5D  _devkit_PORT_A_KEY_RIGHT           _sms_manager
     00000A61  _devkit_PORT_A_KEY_1               _sms_manager
ASxxxx Linker V03.00 + NoICE + sdld,  page 4.
Hexadecimal  [32-Bits]

Area                                    Addr        Size        Decimal Bytes (Attributes)
--------------------------------        ----        ----        ------- ----- ------------
_CODE                               00000200    0000292C =       10540. bytes (REL,CON)

      Value  Global                              Global Defined In Module
      -----  --------------------------------   ------------------------
     00000A65  _devkit_PORT_A_KEY_2               _sms_manager
     00000A69  _devkit_SPRITEMODE_NORMAL          _sms_manager
     00000A6C  _devkit_VDPFEATURE_HIDEFIRSTCOL    _sms_manager
     00000AB5  _devkit_PSGPlay                    _snd_manager
     00000ABF  _devkit_PSGCancelLoop              _snd_manager
     00000AC2  _devkit_PSGPlayNoRepeat            _snd_manager
     00000ACC  _devkit_PSGStop                    _snd_manager
     00000ACF  _devkit_PSGResume                  _snd_manager
     00000AD2  _devkit_PSGGetStatus               _snd_manager
     00000AD5  _devkit_PSGSetMusicVolumeAttenua   _snd_manager
     00000AE1  _devkit_PSGSFXPlay                 _snd_manager
     00000AF6  _devkit_PSGSFXPlayLoop             _snd_manager
     00000B0B  _devkit_PSGSFXCancelLoop           _snd_manager
     00000B0E  _devkit_PSGSFXStop                 _snd_manager
     00000B11  _devkit_PSGSFXGetStatus            _snd_manager
     00000B14  _devkit_PSGSilenceChannels         _snd_manager
     00000B17  _devkit_PSGRestoreVolumes          _snd_manager
     00000B1A  _devkit_PSGFrame                   _snd_manager
     00000B1D  _devkit_PSGSFXFrame                _snd_manager
     00000B20  _devkit_SFX_CHANNEL2               _snd_manager
     00000B23  _devkit_SFX_CHANNEL3               _snd_manager
     00000B26  _devkit_SFX_CHANNELS2AND3          _snd_manager
     00000B29  _engine_asm_manager_clear_VRAM     asm_manager
     00000B3F  _engine_content_manager_load_til   content_manager
     00000B69  _engine_content_manager_load_spr   content_manager
     00000B7F  _engine_content_manager_load_spl   content_manager
     00000BA2  _engine_font_manager_draw_char     font_manager
     00000BC9  _engine_font_manager_draw_text     font_manager
     00000C0E  _engine_font_manager_draw_data     font_manager
     00000CB9  _engine_font_manager_draw_data_Z   font_manager
     00000D40  _engine_hack_manager_init          hack_manager
     00000D95  _engine_hack_manager_invert        hack_manager
     00000DBE  _engine_input_manager_update       input_manager
     00000DCB  _engine_input_manager_hold_up      input_manager
     00000DD4  _engine_input_manager_hold_down    input_manager
     00000DDD  _engine_input_manager_hold_left    input_manager
     00000DE6  _engine_input_manager_hold_right   input_manager
     00000DEF  _engine_input_manager_hold_fire1   input_manager
     00000DF8  _engine_input_manager_hold_fire2   input_manager
     00000E01  _engine_input_manager_move_up      input_manager
     00000E0A  _engine_input_manager_move_down    input_manager
     00000E13  _engine_input_manager_move_left    input_manager
     00000E1C  _engine_input_manager_move_right   input_manager
     00000E25  _engine_input_manager_move_fire1   input_manager
     00000E2E  _engine_input_manager_move_fire2   input_manager
     00000E81  _engine_screen_manager_init        screen_manager
     00000EB3  _engine_screen_manager_update      screen_manager
     00000EF6  _engine_text_manager_draw          text_manager
     00001040  _engine_text_manager_names         text_manager
     00001086  _engine_text_manager_space         text_manager
     000010BD  _engine_tree_manager_draw          tree_manager
ASxxxx Linker V03.00 + NoICE + sdld,  page 5.
Hexadecimal  [32-Bits]

Area                                    Addr        Size        Decimal Bytes (Attributes)
--------------------------------        ----        ----        ------- ----- ------------
_CODE                               00000200    0000292C =       10540. bytes (REL,CON)

      Value  Global                              Global Defined In Module
      -----  --------------------------------   ------------------------
     0000116B  _screen_none_screen_load           none_screen
     0000116C  _screen_none_screen_update         none_screen
     00001173  _screen_start_screen_load          start_screen
     00001185  _screen_start_screen_update        start_screen
     000011BA  _screen_title_screen_load          title_screen
     000011CF  _screen_title_screen_update        title_screen
     000011D6  _font_tiles__palette__bin          gfx
     000011E6  _font_tiles__tilemap__bin          gfx
     00001266  _font_tiles__tiles__psgcompr       gfx
     000014FD  _splash__palette__bin              gfx
     0000150D  _splash__tilemap__stmcompr         gfx
     00001554  _splash__tiles__psgcompr           gfx
     00001D7D  _sprites__palette__bin             gfx
     00001D8D  _sprites__tiles__psgcompr          gfx
     00001DCB  _tree_avoid__palette__bin          gfx
     00001DDB  _tree_avoid__tilemap__bin          gfx
     00001DE3  _tree_avoid__tiles__psgcompr       gfx
     00001E35  _music_psg                         psg
     0000245A  _sound1_psg                        psg
     00002485  _sound2_psg                        psg
     000024A5  _sound3_psg                        psg
     000024C8  __divuint                          
     000024D0  __divuchar                         
     000024D7  __divu8                            
     000024DA  __divu16                           
     00002509  _UNSAFE_SMS_copySpritestoSAT       SMSlib_UNSAFE
     00002521  _UNSAFE_SMS_VRAMmemcpy32           SMSlib_UNSAFE
     0000253E  _UNSAFE_SMS_VRAMmemcpy64           SMSlib_UNSAFE
     0000255B  _UNSAFE_SMS_VRAMmemcpy128          SMSlib_UNSAFE
     00002578  _SMS_init                          SMSlib
     000025CC  _VDPReg_init                       SMSlib
     000025D7  _SMS_VDPType                       SMSlib
     000025DF  _SMS_VDPturnOnFeature              SMSlib
     000025F6  _SMS_VDPturnOffFeature             SMSlib
     0000260F  _SMS_setBGScrollX                  SMSlib
     00002619  _SMS_setBGScrollY                  SMSlib
     00002623  _SMS_setBackdropColor              SMSlib
     0000262D  _SMS_useFirstHalfTilesforSprites   SMSlib
     00002641  _SMS_setSpriteMode                 SMSlib
     00002686  _SMS_setBGPaletteColor             SMSlib
     0000269A  _SMS_setSpritePaletteColor         SMSlib
     000026AE  _SMS_loadBGPalette                 SMSlib
     000026C2  _SMS_loadSpritePalette             SMSlib
     000026D6  _SMS_setColor                      SMSlib
     000026DA  _SMS_initSprites                   SMSlib
     000026E0  _SMS_addSprite                     SMSlib
     00002735  _SMS_finalizeSprites               SMSlib
     00002747  _SMS_copySpritestoSAT              SMSlib
     00002770  _SMS_waitForVBlank                 SMSlib
     0000277D  _SMS_getKeysStatus                 SMSlib
     00002781  _SMS_getKeysPressed                SMSlib
ASxxxx Linker V03.00 + NoICE + sdld,  page 6.
Hexadecimal  [32-Bits]

Area                                    Addr        Size        Decimal Bytes (Attributes)
--------------------------------        ----        ----        ------- ----- ------------
_CODE                               00000200    0000292C =       10540. bytes (REL,CON)

      Value  Global                              Global Defined In Module
      -----  --------------------------------   ------------------------
     0000279E  _SMS_getKeysHeld                   SMSlib
     000027B5  _SMS_getKeysReleased               SMSlib
     000027D2  _SMS_queryPauseRequested           SMSlib
     000027DA  _SMS_resetPauseRequest             SMSlib
     000027E0  _SMS_setLineInterruptHandler       SMSlib
     000027F1  _SMS_setLineCounter                SMSlib
     00002800  _SMS_getVCount                     SMSlib
     00002804  _SMS_getHCount                     SMSlib
     00002808  _SMS_isr                           SMSlib
     0000283E  _SMS_nmi_isr                       SMSlib
     00002851  _SMS_loadSTMcompressedTileMapAre   SMSlib_STMcomp
     00002A32  ___sdcc_call_hl                    
     00002A33  _SMS_loadPSGaidencompressedTiles   SMSlib_PSGaiden
     00002B15  __moduchar                         
     00002B21  __moduint                          

ASxxxx Linker V03.00 + NoICE + sdld,  page 7.
Hexadecimal  [32-Bits]

Area                                    Addr        Size        Decimal Bytes (Attributes)
--------------------------------        ----        ----        ------- ----- ------------
_HEADER0                            00000000    00000006 =           6. bytes (ABS,CON)

      Value  Global                              Global Defined In Module
      -----  --------------------------------   ------------------------
     00000006  _SMS_crt0_RST08                    crt0

ASxxxx Linker V03.00 + NoICE + sdld,  page 8.
Hexadecimal  [32-Bits]

Area                                    Addr        Size        Decimal Bytes (Attributes)
--------------------------------        ----        ----        ------- ----- ------------
_HEADER1                            00000000    00000009 =           9. bytes (ABS,CON)

      Value  Global                              Global Defined In Module
      -----  --------------------------------   ------------------------
     00000011  _SMS_crt0_RST18                    crt0

ASxxxx Linker V03.00 + NoICE + sdld,  page 9.
Hexadecimal  [32-Bits]

Area                                    Addr        Size        Decimal Bytes (Attributes)
--------------------------------        ----        ----        ------- ----- ------------
_HEADER2                            00000000    0000000A =          10. bytes (ABS,CON)

      Value  Global                              Global Defined In Module
      -----  --------------------------------   ------------------------
ASxxxx Linker V03.00 + NoICE + sdld,  page 10.
Hexadecimal  [32-Bits]

Area                                    Addr        Size        Decimal Bytes (Attributes)
--------------------------------        ----        ----        ------- ----- ------------
_HEADER3                            00000000    00000003 =           3. bytes (ABS,CON)

      Value  Global                              Global Defined In Module
      -----  --------------------------------   ------------------------
ASxxxx Linker V03.00 + NoICE + sdld,  page 11.
Hexadecimal  [32-Bits]

Area                                    Addr        Size        Decimal Bytes (Attributes)
--------------------------------        ----        ----        ------- ----- ------------
_HEADER4                            00000000    00000003 =           3. bytes (ABS,CON)

      Value  Global                              Global Defined In Module
      -----  --------------------------------   ------------------------
ASxxxx Linker V03.00 + NoICE + sdld,  page 12.
Hexadecimal  [32-Bits]

Area                                    Addr        Size        Decimal Bytes (Attributes)
--------------------------------        ----        ----        ------- ----- ------------
_HEADER5                            00000000    0000012A =         298. bytes (ABS,CON)

      Value  Global                              Global Defined In Module
      -----  --------------------------------   ------------------------
     00000099  _OUTI128                           crt0
     00000119  _OUTI64                            crt0
     00000159  _OUTI32                            crt0
     00000199  _outi_block                        crt0

ASxxxx Linker V03.00 + NoICE + sdld,  page 13.
Hexadecimal  [32-Bits]

Area                                    Addr        Size        Decimal Bytes (Attributes)
--------------------------------        ----        ----        ------- ----- ------------
_INITIALIZER                        00002B2C    00000008 =           8. bytes (REL,CON)

      Value  Global                              Global Defined In Module
      -----  --------------------------------   ------------------------
ASxxxx Linker V03.00 + NoICE + sdld,  page 14.
Hexadecimal  [32-Bits]

Area                                    Addr        Size        Decimal Bytes (Attributes)
--------------------------------        ----        ----        ------- ----- ------------
_GSINIT                             00002B34    0000000F =          15. bytes (REL,CON)

      Value  Global                              Global Defined In Module
      -----  --------------------------------   ------------------------
     00002B34  gsinit                             crt0

ASxxxx Linker V03.00 + NoICE + sdld,  page 15.
Hexadecimal  [32-Bits]

Area                                    Addr        Size        Decimal Bytes (Attributes)
--------------------------------        ----        ----        ------- ----- ------------
_GSFINAL                            00002B43    00000001 =           1. bytes (REL,CON)

      Value  Global                              Global Defined In Module
      -----  --------------------------------   ------------------------
ASxxxx Linker V03.00 + NoICE + sdld,  page 16.
Hexadecimal  [32-Bits]

Area                                    Addr        Size        Decimal Bytes (Attributes)
--------------------------------        ----        ----        ------- ----- ------------
_DATA                               0000C000    00000128 =         296. bytes (REL,CON)

      Value  Global                              Global Defined In Module
      -----  --------------------------------   ------------------------
     0000C001  _PSGMusicStatus                    PSGlib
     0000C002  _PSGMusicStart                     PSGlib
     0000C004  _PSGMusicPointer                   PSGlib
     0000C006  _PSGMusicLoopPoint                 PSGlib
     0000C008  _PSGMusicSkipFrames                PSGlib
     0000C009  _PSGLoopFlag                       PSGlib
     0000C00A  _PSGMusicLastLatch                 PSGlib
     0000C00B  _PSGMusicVolumeAttenuation         PSGlib
     0000C00C  _PSGMusicSubstringLen              PSGlib
     0000C00D  _PSGMusicSubstringRetAddr          PSGlib
     0000C00F  _PSGChan0Volume                    PSGlib
     0000C010  _PSGChan1Volume                    PSGlib
     0000C011  _PSGChan2Volume                    PSGlib
     0000C012  _PSGChan3Volume                    PSGlib
     0000C013  _PSGChan2LowTone                   PSGlib
     0000C014  _PSGChan2HighTone                  PSGlib
     0000C015  _PSGChan3LowTone                   PSGlib
     0000C016  _PSGChannel2SFX                    PSGlib
     0000C017  _PSGChannel3SFX                    PSGlib
     0000C018  _PSGSFXChan2Volume                 PSGlib
     0000C019  _PSGSFXChan3Volume                 PSGlib
     0000C01A  _PSGSFXStatus                      PSGlib
     0000C01B  _PSGSFXStart                       PSGlib
     0000C01D  _PSGSFXPointer                     PSGlib
     0000C01F  _PSGSFXLoopPoint                   PSGlib
     0000C021  _PSGSFXSkipFrames                  PSGlib
     0000C022  _PSGSFXLoopFlag                    PSGlib
     0000C023  _PSGSFXSubstringLen                PSGlib
     0000C024  _PSGSFXSubstringRetAddr            PSGlib
     0000C026  _global_hack_object                hack_manager
     0000C03D  _VDPBlank                          SMSlib
     0000C03E  _SMS_VDPFlags                      SMSlib
     0000C03F  _PauseRequested                    SMSlib
     0000C040  _VDPType                           SMSlib
     0000C041  _KeysStatus                        SMSlib
     0000C043  _PreviousKeysStatus                SMSlib
     0000C045  _SpriteTableY                      SMSlib
     0000C085  _SpriteTableXN                     SMSlib
     0000C105  _SpriteNextFree                    SMSlib
     0000C106  _SMS_theLineInterruptHandler       SMSlib
     0000C108  _decompBuffer                      SMSlib_PSGaiden

ASxxxx Linker V03.00 + NoICE + sdld,  page 17.
Hexadecimal  [32-Bits]

Area                                    Addr        Size        Decimal Bytes (Attributes)
--------------------------------        ----        ----        ------- ----- ------------
_INITIALIZED                        0000C128    00000008 =           8. bytes (REL,CON)

      Value  Global                              Global Defined In Module
      -----  --------------------------------   ------------------------
     0000C12C  _VDPReg                            SMSlib
     0000C12E  _spritesHeight                     SMSlib
     0000C12F  _spritesWidth                      SMSlib
ASxxxx Linker V03.00 + NoICE + sdld,  page 18.
Hexadecimal  [32-Bits]

Area                                    Addr        Size        Decimal Bytes (Attributes)
--------------------------------        ----        ----        ------- ----- ------------
_CABS0                              00000000    00000010 =          16. bytes (ABS,CON)

      Value  Global                              Global Defined In Module
      -----  --------------------------------   ------------------------
     00007FF0  ___SMS__SEGA_signature             _sms_manager

ASxxxx Linker V03.00 + NoICE + sdld,  page 19.
Hexadecimal  [32-Bits]

Area                                    Addr        Size        Decimal Bytes (Attributes)
--------------------------------        ----        ----        ------- ----- ------------
_CABS1                              00000000    0000000E =          14. bytes (ABS,CON)

      Value  Global                              Global Defined In Module
      -----  --------------------------------   ------------------------
     00007FD2  ___SMS__SDSC_author                _sms_manager

ASxxxx Linker V03.00 + NoICE + sdld,  page 20.
Hexadecimal  [32-Bits]

Area                                    Addr        Size        Decimal Bytes (Attributes)
--------------------------------        ----        ----        ------- ----- ------------
_CABS2                              00000000    0000000F =          15. bytes (ABS,CON)

      Value  Global                              Global Defined In Module
      -----  --------------------------------   ------------------------
     00007FC3  ___SMS__SDSC_name                  _sms_manager

ASxxxx Linker V03.00 + NoICE + sdld,  page 21.
Hexadecimal  [32-Bits]

Area                                    Addr        Size        Decimal Bytes (Attributes)
--------------------------------        ----        ----        ------- ----- ------------
_CABS3                              00000000    00000028 =          40. bytes (ABS,CON)

      Value  Global                              Global Defined In Module
      -----  --------------------------------   ------------------------
     00007F9B  ___SMS__SDSC_descr                 _sms_manager

ASxxxx Linker V03.00 + NoICE + sdld,  page 22.
Hexadecimal  [32-Bits]

Area                                    Addr        Size        Decimal Bytes (Attributes)
--------------------------------        ----        ----        ------- ----- ------------
_CABS4                              00000000    00000010 =          16. bytes (ABS,CON)

      Value  Global                              Global Defined In Module
      -----  --------------------------------   ------------------------
     00007FE0  ___SMS__SDSC_signature             _sms_manager

ASxxxx Linker V03.00 + NoICE + sdld,  page 23.

Files Linked                              [ module(s) ]

..\crt0\crt0_sms.rel                      [ crt0 ]
main.rel                                  [ main ]
..\lib\PSGlib.rel                         [ PSGlib ]
devkit\_sms_manager.rel                   [ _sms_manager ]
devkit\_snd_manager.rel                   [ _snd_manager ]
engine\asm_manager.rel                    [ asm_manager ]
engine\content_manager.rel                [ content_manager ]
engine\font_manager.rel                   [ font_manager ]
engine\hack_manager.rel                   [ hack_manager ]
engine\input_manager.rel                  [ input_manager ]
engine\player_manager.rel                 [ player_manager ]
engine\screen_manager.rel                 [ screen_manager ]
engine\text_manager.rel                   [ text_manager ]
engine\tree_manager.rel                   [ tree_manager ]
screen\none_screen.rel                    [ none_screen ]
screen\start_screen.rel                   [ start_screen ]
screen\title_screen.rel                   [ title_screen ]
gfx.rel                                   [ gfx ]
psg.rel                                   [ psg ]


Libraries Linked                          [ object file ]

C:\Program Files\SDCC\bin\..\lib\z80/z80.lib
                                          [ divunsigned.rel ]
..\lib\SMSlib.lib                         [ SMSlib_UNSAFE.rel ]
..\lib\SMSlib.lib                         [ SMSlib.rel ]
..\lib\SMSlib.lib                         [ SMSlib_STMcomp.rel ]
C:\Program Files\SDCC\bin\..\lib\z80/z80.lib
                                          [ __sdcc_call_hl.rel ]
..\lib\SMSlib.lib                         [ SMSlib_PSGaiden.rel ]
C:\Program Files\SDCC\bin\..\lib\z80/z80.lib
                                          [ modunsigned.rel ]

ASxxxx Linker V03.00 + NoICE + sdld,  page 24.

User Base Address Definitions

_CODE = 0x0200
_DATA = 0xc000

