ASxxxx Linker V03.00 + NoICE + sdld,  page 1.
Hexadecimal  [32-Bits]

Area                                    Addr        Size        Decimal Bytes (Attributes)
--------------------------------        ----        ----        ------- ----- ------------
.  .ABS.                            00000000    00000000 =           0. bytes (ABS,CON)

      Value  Global                              Global Defined In Module
      -----  --------------------------------   ------------------------
     00000000  .__.ABS.                           
     00000000  l__BSEG                         
     00000000  l__BSS                          
     00000000  l__CABS                         
     00000000  l__DABS                         
     00000000  l__HEADER                       
     00000000  l__HEAP                         
     00000000  l__HOME                         
     00000000  s__CABS                         
     00000000  s__CABS0                        
     00000000  s__CABS1                        
     00000000  s__CABS2                        
     00000000  s__CABS3                        
     00000000  s__CABS4                        
     00000000  s__DABS                         
     00000000  s__HEADER                       
     00000000  s__HEADER0                      
     00000000  s__HEADER1                      
     00000000  s__HEADER2                      
     00000000  s__HEADER3                      
     00000000  s__HEADER4                      
     00000000  s__HEADER5                      
     00000001  l__GSFINAL                      
     00000003  l__HEADER3                      
     00000003  l__HEADER4                      
     00000006  l__HEADER0                      
     00000008  l__INITIALIZED                  
     00000008  l__INITIALIZER                  
     00000009  l__HEADER1                      
     0000000A  l__HEADER2                      
     0000000E  l__CABS1                        
     0000000F  l__CABS2                        
     0000000F  l__GSINIT                       
     00000010  l__CABS0                        
     00000010  l__CABS4                        
     00000028  l__CABS3                        
     0000011F  l__DATA                         
     0000012A  l__HEADER5                      
     00000200  s__CODE                         
     0000268F  l__CODE                         
     0000288F  s__HOME                         
     0000288F  s__INITIALIZER                  
     00002897  s__GSINIT                       
     000028A6  s__GSFINAL                      
     00008000  _SMS_SRAM                          SMSlib_PSGaiden
     0000C000  s__DATA                         
     0000C11F  s__INITIALIZED                  
     0000C127  s__BSEG                         
     0000C127  s__BSS                          
     0000C127  s__HEAP                         
ASxxxx Linker V03.00 + NoICE + sdld,  page 2.
Hexadecimal  [32-Bits]

Area                                    Addr        Size        Decimal Bytes (Attributes)
--------------------------------        ----        ----        ------- ----- ------------
.  .ABS.                            00000000    00000000 =           0. bytes (ABS,CON)

      Value  Global                              Global Defined In Module
      -----  --------------------------------   ------------------------
     0000FFFC  _SRAM_bank_to_be_mapped_on_slot2   SMSlib_PSGaiden
     0000FFFF  _ROM_bank_to_be_mapped_on_slot2    SMSlib_PSGaiden

ASxxxx Linker V03.00 + NoICE + sdld,  page 3.
Hexadecimal  [32-Bits]

Area                                    Addr        Size        Decimal Bytes (Attributes)
--------------------------------        ----        ----        ------- ----- ------------
_CODE                               00000200    0000268F =        9871. bytes (REL,CON)

      Value  Global                              Global Defined In Module
      -----  --------------------------------   ------------------------
     00000200  __clock                            crt0
     00000204  _exit                              crt0
     0000020A  _main                              main
     0000024A  _PSGStop                           PSGlib
     00000271  _PSGResume                         PSGlib
     000002BD  _PSGPlay                           PSGlib
     000002EA  _PSGCancelLoop                     PSGlib
     000002F0  _PSGPlayNoRepeat                   PSGlib
     000002FF  _PSGGetStatus                      PSGlib
     00000307  _PSGSilenceChannels                PSGlib
     00000318  _PSGRestoreVolumes                 PSGlib
     000003E9  _PSGSetMusicVolumeAttenuation      PSGlib
     000004AE  _PSGSFXStop                        PSGlib
     00000567  _PSGSFXPlay                        PSGlib
     000005B4  _PSGSFXCancelLoop                  PSGlib
     000005BA  _PSGSFXGetStatus                   PSGlib
     000005C2  _PSGSFXPlayLoop                    PSGlib
     000005DC  _PSGFrame                          PSGlib
     000006F5  _PSGSFXFrame                       PSGlib
     0000077B  _devkit_SMS_init                   _sms_manager
     0000077E  _devkit_SMS_displayOn              _sms_manager
     00000784  _devkit_SMS_displayOff             _sms_manager
     0000078A  _devkit_SMS_mapROMBank             _sms_manager
     00000793  _devkit_SMS_setSpriteMode          _sms_manager
     0000079F  _devkit_SMS_useFirstHalfTilesfor   _sms_manager
     000007A4  _devkit_SMS_useFirstHalfTilesfor   _sms_manager
     000007A9  _devkit_SMS_VDPturnOnFeature       _sms_manager
     000007B0  _devkit_SMS_loadPSGaidencompress   _sms_manager
     000007C6  _devkit_SMS_loadSTMcompressedTil   _sms_manager
     000007E7  _devkit_SMS_loadBGPalette          _sms_manager
     000007EE  _devkit_SMS_loadSpritePalette      _sms_manager
     000007F5  _devkit_SMS_setSpritePaletteColo   _sms_manager
     0000081D  _devkit_SMS_setNextTileatXY        _sms_manager
     00000846  _devkit_SMS_setTile                _sms_manager
     00000854  _devkit_SMS_addSprite              _sms_manager
     0000086F  _devkit_SMS_addSprite_bulk8        _sms_manager
     0000092A  _devkit_SMS_addSprite_bulk12       _sms_manager
     00000A37  _devkit_SMS_initSprites            _sms_manager
     00000A3A  _devkit_SMS_finalizeSprites        _sms_manager
     00000A3D  _devkit_SMS_waitForVBlank          _sms_manager
     00000A40  _devkit_SMS_copySpritestoSAT       _sms_manager
     00000A43  _devkit_UNSAFE_SMS_copySpritesto   _sms_manager
     00000A46  _devkit_SMS_queryPauseRequested    _sms_manager
     00000A49  _devkit_SMS_resetPauseRequest      _sms_manager
     00000A4C  _devkit_SMS_getKeysStatus          _sms_manager
     00000A4F  _devkit_PORT_A_KEY_UP              _sms_manager
     00000A53  _devkit_PORT_A_KEY_DOWN            _sms_manager
     00000A57  _devkit_PORT_A_KEY_LEFT            _sms_manager
     00000A5B  _devkit_PORT_A_KEY_RIGHT           _sms_manager
     00000A5F  _devkit_PORT_A_KEY_1               _sms_manager
ASxxxx Linker V03.00 + NoICE + sdld,  page 4.
Hexadecimal  [32-Bits]

Area                                    Addr        Size        Decimal Bytes (Attributes)
--------------------------------        ----        ----        ------- ----- ------------
_CODE                               00000200    0000268F =        9871. bytes (REL,CON)

      Value  Global                              Global Defined In Module
      -----  --------------------------------   ------------------------
     00000A63  _devkit_PORT_A_KEY_2               _sms_manager
     00000A67  _devkit_SPRITEMODE_NORMAL          _sms_manager
     00000A6A  _devkit_VDPFEATURE_HIDEFIRSTCOL    _sms_manager
     00000AB3  _devkit_PSGPlay                    _snd_manager
     00000ABD  _devkit_PSGCancelLoop              _snd_manager
     00000AC0  _devkit_PSGPlayNoRepeat            _snd_manager
     00000ACA  _devkit_PSGStop                    _snd_manager
     00000ACD  _devkit_PSGResume                  _snd_manager
     00000AD0  _devkit_PSGGetStatus               _snd_manager
     00000AD3  _devkit_PSGSetMusicVolumeAttenua   _snd_manager
     00000ADF  _devkit_PSGSFXPlay                 _snd_manager
     00000AF4  _devkit_PSGSFXPlayLoop             _snd_manager
     00000B09  _devkit_PSGSFXCancelLoop           _snd_manager
     00000B0C  _devkit_PSGSFXStop                 _snd_manager
     00000B0F  _devkit_PSGSFXGetStatus            _snd_manager
     00000B12  _devkit_PSGSilenceChannels         _snd_manager
     00000B15  _devkit_PSGRestoreVolumes          _snd_manager
     00000B18  _devkit_PSGFrame                   _snd_manager
     00000B1B  _devkit_PSGSFXFrame                _snd_manager
     00000B1E  _devkit_SFX_CHANNEL2               _snd_manager
     00000B21  _devkit_SFX_CHANNEL3               _snd_manager
     00000B24  _devkit_SFX_CHANNELS2AND3          _snd_manager
     00000B27  _engine_asm_manager_clear_VRAM     asm_manager
     00000B3D  _engine_content_manager_load_til   content_manager
     00000B67  _engine_content_manager_load_spr   content_manager
     00000B7D  _engine_content_manager_load_spl   content_manager
     00000BA0  _engine_font_manager_draw_char     font_manager
     00000BC7  _engine_font_manager_draw_text     font_manager
     00000C0C  _engine_font_manager_draw_data     font_manager
     00000CB7  _engine_font_manager_draw_data_Z   font_manager
     00000D3E  _engine_hack_manager_init          hack_manager
     00000D93  _engine_hack_manager_invert        hack_manager
     00000DBC  _engine_input_manager_update       input_manager
     00000DC9  _engine_input_manager_hold_up      input_manager
     00000DD2  _engine_input_manager_hold_down    input_manager
     00000DDB  _engine_input_manager_hold_left    input_manager
     00000DE4  _engine_input_manager_hold_right   input_manager
     00000DED  _engine_input_manager_hold_fire1   input_manager
     00000DF6  _engine_input_manager_hold_fire2   input_manager
     00000DFF  _engine_input_manager_move_up      input_manager
     00000E08  _engine_input_manager_move_down    input_manager
     00000E11  _engine_input_manager_move_left    input_manager
     00000E1A  _engine_input_manager_move_right   input_manager
     00000E23  _engine_input_manager_move_fire1   input_manager
     00000E2C  _engine_input_manager_move_fire2   input_manager
     00000E7F  _engine_screen_manager_init        screen_manager
     00000E8D  _engine_screen_manager_update      screen_manager
     00000E8E  _engine_tile_manager_draw          tile_manager
     00000F38  _font_tiles__palette__bin          gfx
     00000F48  _font_tiles__tilemap__bin          gfx
     00000FC8  _font_tiles__tiles__psgcompr       gfx
ASxxxx Linker V03.00 + NoICE + sdld,  page 5.
Hexadecimal  [32-Bits]

Area                                    Addr        Size        Decimal Bytes (Attributes)
--------------------------------        ----        ----        ------- ----- ------------
_CODE                               00000200    0000268F =        9871. bytes (REL,CON)

      Value  Global                              Global Defined In Module
      -----  --------------------------------   ------------------------
     0000125F  _splash__palette__bin              gfx
     0000126F  _splash__tilemap__stmcompr         gfx
     000012B7  _splash__tiles__psgcompr           gfx
     00001AE0  _sprites__palette__bin             gfx
     00001AF0  _sprites__tiles__psgcompr          gfx
     00001B2E  _tree_avoid__palette__bin          gfx
     00001B3E  _tree_avoid__tilemap__bin          gfx
     00001B46  _tree_avoid__tiles__psgcompr       gfx
     00001B98  _music_psg                         psg
     000021BD  _sound1_psg                        psg
     000021E8  _sound2_psg                        psg
     00002208  _sound3_psg                        psg
     0000222B  __divuint                          
     00002233  __divuchar                         
     0000223A  __divu8                            
     0000223D  __divu16                           
     0000226C  _UNSAFE_SMS_copySpritestoSAT       SMSlib_UNSAFE
     00002284  _UNSAFE_SMS_VRAMmemcpy32           SMSlib_UNSAFE
     000022A1  _UNSAFE_SMS_VRAMmemcpy64           SMSlib_UNSAFE
     000022BE  _UNSAFE_SMS_VRAMmemcpy128          SMSlib_UNSAFE
     000022DB  _SMS_init                          SMSlib
     0000232F  _VDPReg_init                       SMSlib
     0000233A  _SMS_VDPType                       SMSlib
     00002342  _SMS_VDPturnOnFeature              SMSlib
     00002359  _SMS_VDPturnOffFeature             SMSlib
     00002372  _SMS_setBGScrollX                  SMSlib
     0000237C  _SMS_setBGScrollY                  SMSlib
     00002386  _SMS_setBackdropColor              SMSlib
     00002390  _SMS_useFirstHalfTilesforSprites   SMSlib
     000023A4  _SMS_setSpriteMode                 SMSlib
     000023E9  _SMS_setBGPaletteColor             SMSlib
     000023FD  _SMS_setSpritePaletteColor         SMSlib
     00002411  _SMS_loadBGPalette                 SMSlib
     00002425  _SMS_loadSpritePalette             SMSlib
     00002439  _SMS_setColor                      SMSlib
     0000243D  _SMS_initSprites                   SMSlib
     00002443  _SMS_addSprite                     SMSlib
     00002498  _SMS_finalizeSprites               SMSlib
     000024AA  _SMS_copySpritestoSAT              SMSlib
     000024D3  _SMS_waitForVBlank                 SMSlib
     000024E0  _SMS_getKeysStatus                 SMSlib
     000024E4  _SMS_getKeysPressed                SMSlib
     00002501  _SMS_getKeysHeld                   SMSlib
     00002518  _SMS_getKeysReleased               SMSlib
     00002535  _SMS_queryPauseRequested           SMSlib
     0000253D  _SMS_resetPauseRequest             SMSlib
     00002543  _SMS_setLineInterruptHandler       SMSlib
     00002554  _SMS_setLineCounter                SMSlib
     00002563  _SMS_getVCount                     SMSlib
     00002567  _SMS_getHCount                     SMSlib
     0000256B  _SMS_isr                           SMSlib
ASxxxx Linker V03.00 + NoICE + sdld,  page 6.
Hexadecimal  [32-Bits]

Area                                    Addr        Size        Decimal Bytes (Attributes)
--------------------------------        ----        ----        ------- ----- ------------
_CODE                               00000200    0000268F =        9871. bytes (REL,CON)

      Value  Global                              Global Defined In Module
      -----  --------------------------------   ------------------------
     000025A1  _SMS_nmi_isr                       SMSlib
     000025B4  _SMS_loadSTMcompressedTileMapAre   SMSlib_STMcomp
     00002795  ___sdcc_call_hl                    
     00002796  _SMS_loadPSGaidencompressedTiles   SMSlib_PSGaiden
     00002878  __moduchar                         
     00002884  __moduint                          

ASxxxx Linker V03.00 + NoICE + sdld,  page 7.
Hexadecimal  [32-Bits]

Area                                    Addr        Size        Decimal Bytes (Attributes)
--------------------------------        ----        ----        ------- ----- ------------
_HEADER0                            00000000    00000006 =           6. bytes (ABS,CON)

      Value  Global                              Global Defined In Module
      -----  --------------------------------   ------------------------
     00000006  _SMS_crt0_RST08                    crt0

ASxxxx Linker V03.00 + NoICE + sdld,  page 8.
Hexadecimal  [32-Bits]

Area                                    Addr        Size        Decimal Bytes (Attributes)
--------------------------------        ----        ----        ------- ----- ------------
_HEADER1                            00000000    00000009 =           9. bytes (ABS,CON)

      Value  Global                              Global Defined In Module
      -----  --------------------------------   ------------------------
     00000011  _SMS_crt0_RST18                    crt0

ASxxxx Linker V03.00 + NoICE + sdld,  page 9.
Hexadecimal  [32-Bits]

Area                                    Addr        Size        Decimal Bytes (Attributes)
--------------------------------        ----        ----        ------- ----- ------------
_HEADER2                            00000000    0000000A =          10. bytes (ABS,CON)

      Value  Global                              Global Defined In Module
      -----  --------------------------------   ------------------------
ASxxxx Linker V03.00 + NoICE + sdld,  page 10.
Hexadecimal  [32-Bits]

Area                                    Addr        Size        Decimal Bytes (Attributes)
--------------------------------        ----        ----        ------- ----- ------------
_HEADER3                            00000000    00000003 =           3. bytes (ABS,CON)

      Value  Global                              Global Defined In Module
      -----  --------------------------------   ------------------------
ASxxxx Linker V03.00 + NoICE + sdld,  page 11.
Hexadecimal  [32-Bits]

Area                                    Addr        Size        Decimal Bytes (Attributes)
--------------------------------        ----        ----        ------- ----- ------------
_HEADER4                            00000000    00000003 =           3. bytes (ABS,CON)

      Value  Global                              Global Defined In Module
      -----  --------------------------------   ------------------------
ASxxxx Linker V03.00 + NoICE + sdld,  page 12.
Hexadecimal  [32-Bits]

Area                                    Addr        Size        Decimal Bytes (Attributes)
--------------------------------        ----        ----        ------- ----- ------------
_HEADER5                            00000000    0000012A =         298. bytes (ABS,CON)

      Value  Global                              Global Defined In Module
      -----  --------------------------------   ------------------------
     00000099  _OUTI128                           crt0
     00000119  _OUTI64                            crt0
     00000159  _OUTI32                            crt0
     00000199  _outi_block                        crt0

ASxxxx Linker V03.00 + NoICE + sdld,  page 13.
Hexadecimal  [32-Bits]

Area                                    Addr        Size        Decimal Bytes (Attributes)
--------------------------------        ----        ----        ------- ----- ------------
_INITIALIZER                        0000288F    00000008 =           8. bytes (REL,CON)

      Value  Global                              Global Defined In Module
      -----  --------------------------------   ------------------------
ASxxxx Linker V03.00 + NoICE + sdld,  page 14.
Hexadecimal  [32-Bits]

Area                                    Addr        Size        Decimal Bytes (Attributes)
--------------------------------        ----        ----        ------- ----- ------------
_GSINIT                             00002897    0000000F =          15. bytes (REL,CON)

      Value  Global                              Global Defined In Module
      -----  --------------------------------   ------------------------
     00002897  gsinit                             crt0

ASxxxx Linker V03.00 + NoICE + sdld,  page 15.
Hexadecimal  [32-Bits]

Area                                    Addr        Size        Decimal Bytes (Attributes)
--------------------------------        ----        ----        ------- ----- ------------
_GSFINAL                            000028A6    00000001 =           1. bytes (REL,CON)

      Value  Global                              Global Defined In Module
      -----  --------------------------------   ------------------------
ASxxxx Linker V03.00 + NoICE + sdld,  page 16.
Hexadecimal  [32-Bits]

Area                                    Addr        Size        Decimal Bytes (Attributes)
--------------------------------        ----        ----        ------- ----- ------------
_DATA                               0000C000    0000011F =         287. bytes (REL,CON)

      Value  Global                              Global Defined In Module
      -----  --------------------------------   ------------------------
     0000C001  _PSGMusicStatus                    PSGlib
     0000C002  _PSGMusicStart                     PSGlib
     0000C004  _PSGMusicPointer                   PSGlib
     0000C006  _PSGMusicLoopPoint                 PSGlib
     0000C008  _PSGMusicSkipFrames                PSGlib
     0000C009  _PSGLoopFlag                       PSGlib
     0000C00A  _PSGMusicLastLatch                 PSGlib
     0000C00B  _PSGMusicVolumeAttenuation         PSGlib
     0000C00C  _PSGMusicSubstringLen              PSGlib
     0000C00D  _PSGMusicSubstringRetAddr          PSGlib
     0000C00F  _PSGChan0Volume                    PSGlib
     0000C010  _PSGChan1Volume                    PSGlib
     0000C011  _PSGChan2Volume                    PSGlib
     0000C012  _PSGChan3Volume                    PSGlib
     0000C013  _PSGChan2LowTone                   PSGlib
     0000C014  _PSGChan2HighTone                  PSGlib
     0000C015  _PSGChan3LowTone                   PSGlib
     0000C016  _PSGChannel2SFX                    PSGlib
     0000C017  _PSGChannel3SFX                    PSGlib
     0000C018  _PSGSFXChan2Volume                 PSGlib
     0000C019  _PSGSFXChan3Volume                 PSGlib
     0000C01A  _PSGSFXStatus                      PSGlib
     0000C01B  _PSGSFXStart                       PSGlib
     0000C01D  _PSGSFXPointer                     PSGlib
     0000C01F  _PSGSFXLoopPoint                   PSGlib
     0000C021  _PSGSFXSkipFrames                  PSGlib
     0000C022  _PSGSFXLoopFlag                    PSGlib
     0000C023  _PSGSFXSubstringLen                PSGlib
     0000C024  _PSGSFXSubstringRetAddr            PSGlib
     0000C026  _global_hack_object                hack_manager
     0000C034  _VDPBlank                          SMSlib
     0000C035  _SMS_VDPFlags                      SMSlib
     0000C036  _PauseRequested                    SMSlib
     0000C037  _VDPType                           SMSlib
     0000C038  _KeysStatus                        SMSlib
     0000C03A  _PreviousKeysStatus                SMSlib
     0000C03C  _SpriteTableY                      SMSlib
     0000C07C  _SpriteTableXN                     SMSlib
     0000C0FC  _SpriteNextFree                    SMSlib
     0000C0FD  _SMS_theLineInterruptHandler       SMSlib
     0000C0FF  _decompBuffer                      SMSlib_PSGaiden

ASxxxx Linker V03.00 + NoICE + sdld,  page 17.
Hexadecimal  [32-Bits]

Area                                    Addr        Size        Decimal Bytes (Attributes)
--------------------------------        ----        ----        ------- ----- ------------
_INITIALIZED                        0000C11F    00000008 =           8. bytes (REL,CON)

      Value  Global                              Global Defined In Module
      -----  --------------------------------   ------------------------
     0000C123  _VDPReg                            SMSlib
     0000C125  _spritesHeight                     SMSlib
     0000C126  _spritesWidth                      SMSlib
ASxxxx Linker V03.00 + NoICE + sdld,  page 18.
Hexadecimal  [32-Bits]

Area                                    Addr        Size        Decimal Bytes (Attributes)
--------------------------------        ----        ----        ------- ----- ------------
_CABS0                              00000000    00000010 =          16. bytes (ABS,CON)

      Value  Global                              Global Defined In Module
      -----  --------------------------------   ------------------------
     00007FF0  ___SMS__SEGA_signature             _sms_manager

ASxxxx Linker V03.00 + NoICE + sdld,  page 19.
Hexadecimal  [32-Bits]

Area                                    Addr        Size        Decimal Bytes (Attributes)
--------------------------------        ----        ----        ------- ----- ------------
_CABS1                              00000000    0000000E =          14. bytes (ABS,CON)

      Value  Global                              Global Defined In Module
      -----  --------------------------------   ------------------------
     00007FD2  ___SMS__SDSC_author                _sms_manager

ASxxxx Linker V03.00 + NoICE + sdld,  page 20.
Hexadecimal  [32-Bits]

Area                                    Addr        Size        Decimal Bytes (Attributes)
--------------------------------        ----        ----        ------- ----- ------------
_CABS2                              00000000    0000000F =          15. bytes (ABS,CON)

      Value  Global                              Global Defined In Module
      -----  --------------------------------   ------------------------
     00007FC3  ___SMS__SDSC_name                  _sms_manager

ASxxxx Linker V03.00 + NoICE + sdld,  page 21.
Hexadecimal  [32-Bits]

Area                                    Addr        Size        Decimal Bytes (Attributes)
--------------------------------        ----        ----        ------- ----- ------------
_CABS3                              00000000    00000028 =          40. bytes (ABS,CON)

      Value  Global                              Global Defined In Module
      -----  --------------------------------   ------------------------
     00007F9B  ___SMS__SDSC_descr                 _sms_manager

ASxxxx Linker V03.00 + NoICE + sdld,  page 22.
Hexadecimal  [32-Bits]

Area                                    Addr        Size        Decimal Bytes (Attributes)
--------------------------------        ----        ----        ------- ----- ------------
_CABS4                              00000000    00000010 =          16. bytes (ABS,CON)

      Value  Global                              Global Defined In Module
      -----  --------------------------------   ------------------------
     00007FE0  ___SMS__SDSC_signature             _sms_manager

ASxxxx Linker V03.00 + NoICE + sdld,  page 23.

Files Linked                              [ module(s) ]

..\crt0\crt0_sms.rel                      [ crt0 ]
main.rel                                  [ main ]
..\lib\PSGlib.rel                         [ PSGlib ]
devkit\_sms_manager.rel                   [ _sms_manager ]
devkit\_snd_manager.rel                   [ _snd_manager ]
engine\asm_manager.rel                    [ asm_manager ]
engine\content_manager.rel                [ content_manager ]
engine\font_manager.rel                   [ font_manager ]
engine\hack_manager.rel                   [ hack_manager ]
engine\input_manager.rel                  [ input_manager ]
engine\player_manager.rel                 [ player_manager ]
engine\screen_manager.rel                 [ screen_manager ]
engine\tile_manager.rel                   [ tile_manager ]
gfx.rel                                   [ gfx ]
psg.rel                                   [ psg ]


Libraries Linked                          [ object file ]

C:\Program Files\SDCC\bin\..\lib\z80/z80.lib
                                          [ divunsigned.rel ]
..\lib\SMSlib.lib                         [ SMSlib_UNSAFE.rel ]
..\lib\SMSlib.lib                         [ SMSlib.rel ]
..\lib\SMSlib.lib                         [ SMSlib_STMcomp.rel ]
C:\Program Files\SDCC\bin\..\lib\z80/z80.lib
                                          [ __sdcc_call_hl.rel ]
..\lib\SMSlib.lib                         [ SMSlib_PSGaiden.rel ]
C:\Program Files\SDCC\bin\..\lib\z80/z80.lib
                                          [ modunsigned.rel ]

ASxxxx Linker V03.00 + NoICE + sdld,  page 24.

User Base Address Definitions

_CODE = 0x0200
_DATA = 0xc000

