ASxxxx Linker V03.00 + NoICE + sdld,  page 1.
Hexadecimal  [32-Bits]

Area                                    Addr        Size        Decimal Bytes (Attributes)
--------------------------------        ----        ----        ------- ----- ------------
.  .ABS.                            00000000    00000000 =           0. bytes (ABS,CON)

      Value  Global                              Global Defined In Module
      -----  --------------------------------   ------------------------
     00000000  .__.ABS.                           SMSlib_PSGaiden
     00000000  l__BSEG                         
     00000000  l__BSS                          
     00000000  l__CABS                         
     00000000  l__DABS                         
     00000000  l__HEADER                       
     00000000  l__HEAP                         
     00000000  l__HOME                         
     00000000  s__CABS                         
     00000000  s__CABS0                        
     00000000  s__CABS1                        
     00000000  s__CABS2                        
     00000000  s__CABS3                        
     00000000  s__CABS4                        
     00000000  s__DABS                         
     00000000  s__HEADER                       
     00000000  s__HEADER0                      
     00000000  s__HEADER1                      
     00000000  s__HEADER2                      
     00000000  s__HEADER3                      
     00000000  s__HEADER4                      
     00000000  s__HEADER5                      
     00000001  l__GSFINAL                      
     00000003  l__HEADER3                      
     00000003  l__HEADER4                      
     00000004  l__INITIALIZED                  
     00000004  l__INITIALIZER                  
     00000006  l__HEADER0                      
     00000009  l__HEADER1                      
     0000000A  l__HEADER2                      
     0000000E  l__CABS1                        
     0000000F  l__CABS2                        
     0000000F  l__GSINIT                       
     00000010  l__CABS0                        
     00000010  l__CABS4                        
     00000028  l__CABS3                        
     00000111  l__DATA                         
     0000012A  l__HEADER5                      
     00000200  s__CODE                         
     00002200  l__CODE                         
     00002400  s__HOME                         
     00002400  s__INITIALIZER                  
     00002404  s__GSINIT                       
     00002413  s__GSFINAL                      
     00008000  _SMS_SRAM                          SMSlib_PSGaiden
     0000C000  s__DATA                         
     0000C111  s__INITIALIZED                  
     0000C115  s__BSEG                         
     0000C115  s__BSS                          
     0000C115  s__HEAP                         
ASxxxx Linker V03.00 + NoICE + sdld,  page 2.
Hexadecimal  [32-Bits]

Area                                    Addr        Size        Decimal Bytes (Attributes)
--------------------------------        ----        ----        ------- ----- ------------
.  .ABS.                            00000000    00000000 =           0. bytes (ABS,CON)

      Value  Global                              Global Defined In Module
      -----  --------------------------------   ------------------------
     0000FFFC  _SRAM_bank_to_be_mapped_on_slot2   SMSlib_PSGaiden
     0000FFFF  _ROM_bank_to_be_mapped_on_slot2    SMSlib_PSGaiden

ASxxxx Linker V03.00 + NoICE + sdld,  page 3.
Hexadecimal  [32-Bits]

Area                                    Addr        Size        Decimal Bytes (Attributes)
--------------------------------        ----        ----        ------- ----- ------------
_CODE                               00000200    00002200 =        8704. bytes (REL,CON)

      Value  Global                              Global Defined In Module
      -----  --------------------------------   ------------------------
     00000200  __clock                            crt0
     00000204  _exit                              crt0
     0000020A  _main                              main
     00000224  _PSGStop                           PSGlib
     0000024B  _PSGResume                         PSGlib
     00000297  _PSGPlay                           PSGlib
     000002C4  _PSGCancelLoop                     PSGlib
     000002CA  _PSGPlayNoRepeat                   PSGlib
     000002D9  _PSGGetStatus                      PSGlib
     000002E1  _PSGSilenceChannels                PSGlib
     000002F2  _PSGRestoreVolumes                 PSGlib
     000003C3  _PSGSetMusicVolumeAttenuation      PSGlib
     00000488  _PSGSFXStop                        PSGlib
     00000541  _PSGSFXPlay                        PSGlib
     0000058E  _PSGSFXCancelLoop                  PSGlib
     00000594  _PSGSFXGetStatus                   PSGlib
     0000059C  _PSGSFXPlayLoop                    PSGlib
     000005B6  _PSGFrame                          PSGlib
     000006CF  _PSGSFXFrame                       PSGlib
     00000755  _devkit_SMS_init                   _sms_manager
     00000758  _devkit_SMS_displayOn              _sms_manager
     0000075E  _devkit_SMS_displayOff             _sms_manager
     00000764  _devkit_SMS_mapROMBank             _sms_manager
     0000076D  _devkit_SMS_setSpriteMode          _sms_manager
     00000779  _devkit_SMS_useFirstHalfTilesfor   _sms_manager
     0000077E  _devkit_SMS_useFirstHalfTilesfor   _sms_manager
     00000783  _devkit_SMS_VDPturnOnFeature       _sms_manager
     0000078A  _devkit_SMS_loadPSGaidencompress   _sms_manager
     000007A0  _devkit_SMS_loadSTMcompressedTil   _sms_manager
     000007C1  _devkit_SMS_loadBGPalette          _sms_manager
     000007C8  _devkit_SMS_loadSpritePalette      _sms_manager
     000007CF  _devkit_SMS_setSpritePaletteColo   _sms_manager
     000007F7  _devkit_SMS_setNextTileatXY        _sms_manager
     00000820  _devkit_SMS_setTile                _sms_manager
     0000082E  _devkit_SMS_addSprite              _sms_manager
     00000849  _devkit_SMS_addSprite_bulk8        _sms_manager
     00000904  _devkit_SMS_addSprite_bulk12       _sms_manager
     00000A11  _devkit_SMS_initSprites            _sms_manager
     00000A14  _devkit_SMS_finalizeSprites        _sms_manager
     00000A17  _devkit_SMS_waitForVBlank          _sms_manager
     00000A1A  _devkit_SMS_copySpritestoSAT       _sms_manager
     00000A1D  _devkit_UNSAFE_SMS_copySpritesto   _sms_manager
     00000A20  _devkit_SMS_queryPauseRequested    _sms_manager
     00000A23  _devkit_SMS_resetPauseRequest      _sms_manager
     00000A26  _devkit_SMS_getKeysStatus          _sms_manager
     00000A29  _devkit_PORT_A_KEY_UP              _sms_manager
     00000A2D  _devkit_PORT_A_KEY_DOWN            _sms_manager
     00000A31  _devkit_PORT_A_KEY_LEFT            _sms_manager
     00000A35  _devkit_PORT_A_KEY_RIGHT           _sms_manager
     00000A39  _devkit_PORT_A_KEY_1               _sms_manager
ASxxxx Linker V03.00 + NoICE + sdld,  page 4.
Hexadecimal  [32-Bits]

Area                                    Addr        Size        Decimal Bytes (Attributes)
--------------------------------        ----        ----        ------- ----- ------------
_CODE                               00000200    00002200 =        8704. bytes (REL,CON)

      Value  Global                              Global Defined In Module
      -----  --------------------------------   ------------------------
     00000A3D  _devkit_PORT_A_KEY_2               _sms_manager
     00000A41  _devkit_SPRITEMODE_NORMAL          _sms_manager
     00000A44  _devkit_VDPFEATURE_HIDEFIRSTCOL    _sms_manager
     00000A8D  _devkit_PSGPlay                    _snd_manager
     00000A97  _devkit_PSGCancelLoop              _snd_manager
     00000A9A  _devkit_PSGPlayNoRepeat            _snd_manager
     00000AA4  _devkit_PSGStop                    _snd_manager
     00000AA7  _devkit_PSGResume                  _snd_manager
     00000AAA  _devkit_PSGGetStatus               _snd_manager
     00000AAD  _devkit_PSGSetMusicVolumeAttenua   _snd_manager
     00000AB9  _devkit_PSGSFXPlay                 _snd_manager
     00000ACE  _devkit_PSGSFXPlayLoop             _snd_manager
     00000AE3  _devkit_PSGSFXCancelLoop           _snd_manager
     00000AE6  _devkit_PSGSFXStop                 _snd_manager
     00000AE9  _devkit_PSGSFXGetStatus            _snd_manager
     00000AEC  _devkit_PSGSilenceChannels         _snd_manager
     00000AEF  _devkit_PSGRestoreVolumes          _snd_manager
     00000AF2  _devkit_PSGFrame                   _snd_manager
     00000AF5  _devkit_PSGSFXFrame                _snd_manager
     00000AF8  _devkit_SFX_CHANNEL2               _snd_manager
     00000AFB  _devkit_SFX_CHANNEL3               _snd_manager
     00000AFE  _devkit_SFX_CHANNELS2AND3          _snd_manager
     00000B01  _font_tiles__palette__bin          gfx
     00000B11  _font_tiles__tilemap__bin          gfx
     00000B91  _font_tiles__tiles__psgcompr       gfx
     00000E28  _splash__palette__bin              gfx
     00000E38  _splash__tilemap__stmcompr         gfx
     00000E80  _splash__tiles__psgcompr           gfx
     000016A9  _sprites__palette__bin             gfx
     000016B9  _sprites__tiles__psgcompr          gfx
     000016F7  _tree_avoid__palette__bin          gfx
     00001707  _tree_avoid__tilemap__bin          gfx
     0000170F  _tree_avoid__tiles__psgcompr       gfx
     00001761  _music_psg                         psg
     00001D86  _sound1_psg                        psg
     00001DB1  _sound2_psg                        psg
     00001DD1  _sound3_psg                        psg
     00001DF4  _UNSAFE_SMS_copySpritestoSAT       SMSlib_UNSAFE
     00001E0C  _UNSAFE_SMS_VRAMmemcpy32           SMSlib_UNSAFE
     00001E29  _UNSAFE_SMS_VRAMmemcpy64           SMSlib_UNSAFE
     00001E46  _UNSAFE_SMS_VRAMmemcpy128          SMSlib_UNSAFE
     00001E63  _SMS_init                          SMSlib
     00001EB7  _VDPReg_init                       SMSlib
     00001EC2  _SMS_VDPType                       SMSlib
     00001ECA  _SMS_VDPturnOnFeature              SMSlib
     00001EE1  _SMS_VDPturnOffFeature             SMSlib
     00001EFA  _SMS_setBGScrollX                  SMSlib
     00001F04  _SMS_setBGScrollY                  SMSlib
     00001F0E  _SMS_setBackdropColor              SMSlib
     00001F18  _SMS_useFirstHalfTilesforSprites   SMSlib
     00001F2C  _SMS_setSpriteMode                 SMSlib
ASxxxx Linker V03.00 + NoICE + sdld,  page 5.
Hexadecimal  [32-Bits]

Area                                    Addr        Size        Decimal Bytes (Attributes)
--------------------------------        ----        ----        ------- ----- ------------
_CODE                               00000200    00002200 =        8704. bytes (REL,CON)

      Value  Global                              Global Defined In Module
      -----  --------------------------------   ------------------------
     00001F71  _SMS_setBGPaletteColor             SMSlib
     00001F85  _SMS_setSpritePaletteColor         SMSlib
     00001F99  _SMS_loadBGPalette                 SMSlib
     00001FAD  _SMS_loadSpritePalette             SMSlib
     00001FC1  _SMS_setColor                      SMSlib
     00001FC5  _SMS_initSprites                   SMSlib
     00001FCB  _SMS_addSprite                     SMSlib
     00002020  _SMS_finalizeSprites               SMSlib
     00002032  _SMS_copySpritestoSAT              SMSlib
     0000205B  _SMS_waitForVBlank                 SMSlib
     00002068  _SMS_getKeysStatus                 SMSlib
     0000206C  _SMS_getKeysPressed                SMSlib
     00002089  _SMS_getKeysHeld                   SMSlib
     000020A0  _SMS_getKeysReleased               SMSlib
     000020BD  _SMS_queryPauseRequested           SMSlib
     000020C5  _SMS_resetPauseRequest             SMSlib
     000020CB  _SMS_setLineInterruptHandler       SMSlib
     000020DC  _SMS_setLineCounter                SMSlib
     000020EB  _SMS_getVCount                     SMSlib
     000020EF  _SMS_getHCount                     SMSlib
     000020F3  _SMS_isr                           SMSlib
     00002129  _SMS_nmi_isr                       SMSlib
     0000213C  _SMS_loadSTMcompressedTileMapAre   SMSlib_STMcomp
     0000231D  ___sdcc_call_hl                    
     0000231E  _SMS_loadPSGaidencompressedTiles   SMSlib_PSGaiden
ASxxxx Linker V03.00 + NoICE + sdld,  page 6.
Hexadecimal  [32-Bits]

Area                                    Addr        Size        Decimal Bytes (Attributes)
--------------------------------        ----        ----        ------- ----- ------------
_HEADER0                            00000000    00000006 =           6. bytes (ABS,CON)

      Value  Global                              Global Defined In Module
      -----  --------------------------------   ------------------------
     00000006  _SMS_crt0_RST08                    crt0

ASxxxx Linker V03.00 + NoICE + sdld,  page 7.
Hexadecimal  [32-Bits]

Area                                    Addr        Size        Decimal Bytes (Attributes)
--------------------------------        ----        ----        ------- ----- ------------
_HEADER1                            00000000    00000009 =           9. bytes (ABS,CON)

      Value  Global                              Global Defined In Module
      -----  --------------------------------   ------------------------
     00000011  _SMS_crt0_RST18                    crt0

ASxxxx Linker V03.00 + NoICE + sdld,  page 8.
Hexadecimal  [32-Bits]

Area                                    Addr        Size        Decimal Bytes (Attributes)
--------------------------------        ----        ----        ------- ----- ------------
_HEADER2                            00000000    0000000A =          10. bytes (ABS,CON)

      Value  Global                              Global Defined In Module
      -----  --------------------------------   ------------------------
ASxxxx Linker V03.00 + NoICE + sdld,  page 9.
Hexadecimal  [32-Bits]

Area                                    Addr        Size        Decimal Bytes (Attributes)
--------------------------------        ----        ----        ------- ----- ------------
_HEADER3                            00000000    00000003 =           3. bytes (ABS,CON)

      Value  Global                              Global Defined In Module
      -----  --------------------------------   ------------------------
ASxxxx Linker V03.00 + NoICE + sdld,  page 10.
Hexadecimal  [32-Bits]

Area                                    Addr        Size        Decimal Bytes (Attributes)
--------------------------------        ----        ----        ------- ----- ------------
_HEADER4                            00000000    00000003 =           3. bytes (ABS,CON)

      Value  Global                              Global Defined In Module
      -----  --------------------------------   ------------------------
ASxxxx Linker V03.00 + NoICE + sdld,  page 11.
Hexadecimal  [32-Bits]

Area                                    Addr        Size        Decimal Bytes (Attributes)
--------------------------------        ----        ----        ------- ----- ------------
_HEADER5                            00000000    0000012A =         298. bytes (ABS,CON)

      Value  Global                              Global Defined In Module
      -----  --------------------------------   ------------------------
     00000099  _OUTI128                           crt0
     00000119  _OUTI64                            crt0
     00000159  _OUTI32                            crt0
     00000199  _outi_block                        crt0

ASxxxx Linker V03.00 + NoICE + sdld,  page 12.
Hexadecimal  [32-Bits]

Area                                    Addr        Size        Decimal Bytes (Attributes)
--------------------------------        ----        ----        ------- ----- ------------
_INITIALIZER                        00002400    00000004 =           4. bytes (REL,CON)

      Value  Global                              Global Defined In Module
      -----  --------------------------------   ------------------------
ASxxxx Linker V03.00 + NoICE + sdld,  page 13.
Hexadecimal  [32-Bits]

Area                                    Addr        Size        Decimal Bytes (Attributes)
--------------------------------        ----        ----        ------- ----- ------------
_GSINIT                             00002404    0000000F =          15. bytes (REL,CON)

      Value  Global                              Global Defined In Module
      -----  --------------------------------   ------------------------
     00002404  gsinit                             crt0

ASxxxx Linker V03.00 + NoICE + sdld,  page 14.
Hexadecimal  [32-Bits]

Area                                    Addr        Size        Decimal Bytes (Attributes)
--------------------------------        ----        ----        ------- ----- ------------
_GSFINAL                            00002413    00000001 =           1. bytes (REL,CON)

      Value  Global                              Global Defined In Module
      -----  --------------------------------   ------------------------
ASxxxx Linker V03.00 + NoICE + sdld,  page 15.
Hexadecimal  [32-Bits]

Area                                    Addr        Size        Decimal Bytes (Attributes)
--------------------------------        ----        ----        ------- ----- ------------
_DATA                               0000C000    00000111 =         273. bytes (REL,CON)

      Value  Global                              Global Defined In Module
      -----  --------------------------------   ------------------------
     0000C001  _PSGMusicStatus                    PSGlib
     0000C002  _PSGMusicStart                     PSGlib
     0000C004  _PSGMusicPointer                   PSGlib
     0000C006  _PSGMusicLoopPoint                 PSGlib
     0000C008  _PSGMusicSkipFrames                PSGlib
     0000C009  _PSGLoopFlag                       PSGlib
     0000C00A  _PSGMusicLastLatch                 PSGlib
     0000C00B  _PSGMusicVolumeAttenuation         PSGlib
     0000C00C  _PSGMusicSubstringLen              PSGlib
     0000C00D  _PSGMusicSubstringRetAddr          PSGlib
     0000C00F  _PSGChan0Volume                    PSGlib
     0000C010  _PSGChan1Volume                    PSGlib
     0000C011  _PSGChan2Volume                    PSGlib
     0000C012  _PSGChan3Volume                    PSGlib
     0000C013  _PSGChan2LowTone                   PSGlib
     0000C014  _PSGChan2HighTone                  PSGlib
     0000C015  _PSGChan3LowTone                   PSGlib
     0000C016  _PSGChannel2SFX                    PSGlib
     0000C017  _PSGChannel3SFX                    PSGlib
     0000C018  _PSGSFXChan2Volume                 PSGlib
     0000C019  _PSGSFXChan3Volume                 PSGlib
     0000C01A  _PSGSFXStatus                      PSGlib
     0000C01B  _PSGSFXStart                       PSGlib
     0000C01D  _PSGSFXPointer                     PSGlib
     0000C01F  _PSGSFXLoopPoint                   PSGlib
     0000C021  _PSGSFXSkipFrames                  PSGlib
     0000C022  _PSGSFXLoopFlag                    PSGlib
     0000C023  _PSGSFXSubstringLen                PSGlib
     0000C024  _PSGSFXSubstringRetAddr            PSGlib
     0000C026  _VDPBlank                          SMSlib
     0000C027  _SMS_VDPFlags                      SMSlib
     0000C028  _PauseRequested                    SMSlib
     0000C029  _VDPType                           SMSlib
     0000C02A  _KeysStatus                        SMSlib
     0000C02C  _PreviousKeysStatus                SMSlib
     0000C02E  _SpriteTableY                      SMSlib
     0000C06E  _SpriteTableXN                     SMSlib
     0000C0EE  _SpriteNextFree                    SMSlib
     0000C0EF  _SMS_theLineInterruptHandler       SMSlib
     0000C0F1  _decompBuffer                      SMSlib_PSGaiden

ASxxxx Linker V03.00 + NoICE + sdld,  page 16.
Hexadecimal  [32-Bits]

Area                                    Addr        Size        Decimal Bytes (Attributes)
--------------------------------        ----        ----        ------- ----- ------------
_INITIALIZED                        0000C111    00000004 =           4. bytes (REL,CON)

      Value  Global                              Global Defined In Module
      -----  --------------------------------   ------------------------
     0000C111  _VDPReg                            SMSlib
     0000C113  _spritesHeight                     SMSlib
     0000C114  _spritesWidth                      SMSlib
ASxxxx Linker V03.00 + NoICE + sdld,  page 17.
Hexadecimal  [32-Bits]

Area                                    Addr        Size        Decimal Bytes (Attributes)
--------------------------------        ----        ----        ------- ----- ------------
_CABS0                              00000000    00000010 =          16. bytes (ABS,CON)

      Value  Global                              Global Defined In Module
      -----  --------------------------------   ------------------------
     00007FF0  ___SMS__SEGA_signature             _sms_manager

ASxxxx Linker V03.00 + NoICE + sdld,  page 18.
Hexadecimal  [32-Bits]

Area                                    Addr        Size        Decimal Bytes (Attributes)
--------------------------------        ----        ----        ------- ----- ------------
_CABS1                              00000000    0000000E =          14. bytes (ABS,CON)

      Value  Global                              Global Defined In Module
      -----  --------------------------------   ------------------------
     00007FD2  ___SMS__SDSC_author                _sms_manager

ASxxxx Linker V03.00 + NoICE + sdld,  page 19.
Hexadecimal  [32-Bits]

Area                                    Addr        Size        Decimal Bytes (Attributes)
--------------------------------        ----        ----        ------- ----- ------------
_CABS2                              00000000    0000000F =          15. bytes (ABS,CON)

      Value  Global                              Global Defined In Module
      -----  --------------------------------   ------------------------
     00007FC3  ___SMS__SDSC_name                  _sms_manager

ASxxxx Linker V03.00 + NoICE + sdld,  page 20.
Hexadecimal  [32-Bits]

Area                                    Addr        Size        Decimal Bytes (Attributes)
--------------------------------        ----        ----        ------- ----- ------------
_CABS3                              00000000    00000028 =          40. bytes (ABS,CON)

      Value  Global                              Global Defined In Module
      -----  --------------------------------   ------------------------
     00007F9B  ___SMS__SDSC_descr                 _sms_manager

ASxxxx Linker V03.00 + NoICE + sdld,  page 21.
Hexadecimal  [32-Bits]

Area                                    Addr        Size        Decimal Bytes (Attributes)
--------------------------------        ----        ----        ------- ----- ------------
_CABS4                              00000000    00000010 =          16. bytes (ABS,CON)

      Value  Global                              Global Defined In Module
      -----  --------------------------------   ------------------------
     00007FE0  ___SMS__SDSC_signature             _sms_manager

ASxxxx Linker V03.00 + NoICE + sdld,  page 22.

Files Linked                              [ module(s) ]

..\crt0\crt0_sms.rel                      [ crt0 ]
main.rel                                  [ main ]
..\lib\PSGlib.rel                         [ PSGlib ]
devkit\_sms_manager.rel                   [ _sms_manager ]
devkit\_snd_manager.rel                   [ _snd_manager ]
gfx.rel                                   [ gfx ]
psg.rel                                   [ psg ]


Libraries Linked                          [ object file ]

..\lib\SMSlib.lib                         [ SMSlib_UNSAFE.rel ]
..\lib\SMSlib.lib                         [ SMSlib.rel ]
..\lib\SMSlib.lib                         [ SMSlib_STMcomp.rel ]
C:\Program Files\SDCC\bin\..\lib\z80/z80.lib
                                          [ __sdcc_call_hl.rel ]
..\lib\SMSlib.lib                         [ SMSlib_PSGaiden.rel ]

ASxxxx Linker V03.00 + NoICE + sdld,  page 23.

User Base Address Definitions

_CODE = 0x0200
_DATA = 0xc000

