ASxxxx Linker V03.00 + NoICE + sdld,  page 1.
Hexadecimal  [32-Bits]

Area                                    Addr        Size        Decimal Bytes (Attributes)
--------------------------------        ----        ----        ------- ----- ------------
.  .ABS.                            00000000    00000000 =           0. bytes (ABS,CON)

      Value  Global                              Global Defined In Module
      -----  --------------------------------   ------------------------
     00000000  .__.ABS.                           
     00000000  l__BSEG                         
     00000000  l__BSS                          
     00000000  l__CABS                         
     00000000  l__DABS                         
     00000000  l__HEADER                       
     00000000  l__HEAP                         
     00000000  l__HOME                         
     00000000  s__CABS                         
     00000000  s__CABS0                        
     00000000  s__CABS1                        
     00000000  s__CABS2                        
     00000000  s__CABS3                        
     00000000  s__CABS4                        
     00000000  s__DABS                         
     00000000  s__HEADER                       
     00000000  s__HEADER0                      
     00000000  s__HEADER1                      
     00000000  s__HEADER2                      
     00000000  s__HEADER3                      
     00000000  s__HEADER4                      
     00000000  s__HEADER5                      
     00000001  l__GSFINAL                      
     00000003  l__HEADER3                      
     00000003  l__HEADER4                      
     00000006  l__HEADER0                      
     00000009  l__HEADER1                      
     0000000A  l__HEADER2                      
     0000000C  l__INITIALIZED                  
     0000000C  l__INITIALIZER                  
     0000000E  l__CABS1                        
     0000000F  l__CABS2                        
     0000000F  l__GSINIT                       
     00000010  l__CABS0                        
     00000010  l__CABS4                        
     00000028  l__CABS3                        
     0000012A  l__HEADER5                      
     00000200  s__CODE                         
     00000317  l__DATA                         
     00003A1C  l__CODE                         
     00003C1C  s__HOME                         
     00003C1C  s__INITIALIZER                  
     00003C28  s__GSINIT                       
     00003C37  s__GSFINAL                      
     00008000  _SMS_SRAM                          SMSlib_PSGaiden
     0000C000  s__DATA                         
     0000C317  s__INITIALIZED                  
     0000C323  s__BSEG                         
     0000C323  s__BSS                          
     0000C323  s__HEAP                         
ASxxxx Linker V03.00 + NoICE + sdld,  page 2.
Hexadecimal  [32-Bits]

Area                                    Addr        Size        Decimal Bytes (Attributes)
--------------------------------        ----        ----        ------- ----- ------------
.  .ABS.                            00000000    00000000 =           0. bytes (ABS,CON)

      Value  Global                              Global Defined In Module
      -----  --------------------------------   ------------------------
     0000FFFC  _SRAM_bank_to_be_mapped_on_slot2   SMSlib_PSGaiden
     0000FFFF  _ROM_bank_to_be_mapped_on_slot2    SMSlib_PSGaiden

ASxxxx Linker V03.00 + NoICE + sdld,  page 3.
Hexadecimal  [32-Bits]

Area                                    Addr        Size        Decimal Bytes (Attributes)
--------------------------------        ----        ----        ------- ----- ------------
_CODE                               00000200    00003A1C =       14876. bytes (REL,CON)

      Value  Global                              Global Defined In Module
      -----  --------------------------------   ------------------------
     00000200  __clock                            crt0
     00000204  _exit                              crt0
     0000020A  _main                              main
     000002AA  _PSGStop                           PSGlib
     000002D1  _PSGResume                         PSGlib
     0000031D  _PSGPlay                           PSGlib
     0000034A  _PSGCancelLoop                     PSGlib
     00000350  _PSGPlayNoRepeat                   PSGlib
     0000035F  _PSGGetStatus                      PSGlib
     00000367  _PSGSilenceChannels                PSGlib
     00000378  _PSGRestoreVolumes                 PSGlib
     00000449  _PSGSetMusicVolumeAttenuation      PSGlib
     0000050E  _PSGSFXStop                        PSGlib
     000005C7  _PSGSFXPlay                        PSGlib
     00000614  _PSGSFXCancelLoop                  PSGlib
     0000061A  _PSGSFXGetStatus                   PSGlib
     00000622  _PSGSFXPlayLoop                    PSGlib
     0000063C  _PSGFrame                          PSGlib
     00000755  _PSGSFXFrame                       PSGlib
     000007DB  _devkit_SMS_init                   _sms_manager
     000007DE  _devkit_SMS_displayOn              _sms_manager
     000007E4  _devkit_SMS_displayOff             _sms_manager
     000007EA  _devkit_SMS_mapROMBank             _sms_manager
     000007F3  _devkit_SMS_setSpriteMode          _sms_manager
     000007FF  _devkit_SMS_useFirstHalfTilesfor   _sms_manager
     00000804  _devkit_SMS_useFirstHalfTilesfor   _sms_manager
     00000809  _devkit_SMS_VDPturnOnFeature       _sms_manager
     00000810  _devkit_SMS_loadPSGaidencompress   _sms_manager
     00000826  _devkit_SMS_loadSTMcompressedTil   _sms_manager
     00000847  _devkit_SMS_loadBGPalette          _sms_manager
     0000084E  _devkit_SMS_loadSpritePalette      _sms_manager
     00000855  _devkit_SMS_setSpritePaletteColo   _sms_manager
     0000087D  _devkit_SMS_setNextTileatXY        _sms_manager
     000008A6  _devkit_SMS_setTile                _sms_manager
     000008B4  _devkit_SMS_addSprite              _sms_manager
     000008CF  _devkit_SMS_addSprite_bulk8        _sms_manager
     00000996  _devkit_SMS_addSprite_bulk12       _sms_manager
     00000ABA  _devkit_SMS_initSprites            _sms_manager
     00000ABD  _devkit_SMS_finalizeSprites        _sms_manager
     00000AC0  _devkit_SMS_waitForVBlank          _sms_manager
     00000AC3  _devkit_SMS_copySpritestoSAT       _sms_manager
     00000AC6  _devkit_UNSAFE_SMS_copySpritesto   _sms_manager
     00000AC9  _devkit_SMS_queryPauseRequested    _sms_manager
     00000ACC  _devkit_SMS_resetPauseRequest      _sms_manager
     00000ACF  _devkit_SMS_getKeysStatus          _sms_manager
     00000AD2  _devkit_PORT_A_KEY_UP              _sms_manager
     00000AD6  _devkit_PORT_A_KEY_DOWN            _sms_manager
     00000ADA  _devkit_PORT_A_KEY_LEFT            _sms_manager
     00000ADE  _devkit_PORT_A_KEY_RIGHT           _sms_manager
     00000AE2  _devkit_PORT_A_KEY_1               _sms_manager
ASxxxx Linker V03.00 + NoICE + sdld,  page 4.
Hexadecimal  [32-Bits]

Area                                    Addr        Size        Decimal Bytes (Attributes)
--------------------------------        ----        ----        ------- ----- ------------
_CODE                               00000200    00003A1C =       14876. bytes (REL,CON)

      Value  Global                              Global Defined In Module
      -----  --------------------------------   ------------------------
     00000AE6  _devkit_PORT_A_KEY_2               _sms_manager
     00000AEA  _devkit_SPRITEMODE_NORMAL          _sms_manager
     00000AED  _devkit_VDPFEATURE_HIDEFIRSTCOL    _sms_manager
     00000B36  _devkit_PSGPlay                    _snd_manager
     00000B40  _devkit_PSGCancelLoop              _snd_manager
     00000B43  _devkit_PSGPlayNoRepeat            _snd_manager
     00000B4D  _devkit_PSGStop                    _snd_manager
     00000B50  _devkit_PSGResume                  _snd_manager
     00000B53  _devkit_PSGGetStatus               _snd_manager
     00000B56  _devkit_PSGSetMusicVolumeAttenua   _snd_manager
     00000B62  _devkit_PSGSFXPlay                 _snd_manager
     00000B77  _devkit_PSGSFXPlayLoop             _snd_manager
     00000B8C  _devkit_PSGSFXCancelLoop           _snd_manager
     00000B8F  _devkit_PSGSFXStop                 _snd_manager
     00000B92  _devkit_PSGSFXGetStatus            _snd_manager
     00000B95  _devkit_PSGSilenceChannels         _snd_manager
     00000B98  _devkit_PSGRestoreVolumes          _snd_manager
     00000B9B  _devkit_PSGFrame                   _snd_manager
     00000B9E  _devkit_PSGSFXFrame                _snd_manager
     00000BA1  _devkit_SFX_CHANNEL2               _snd_manager
     00000BA4  _devkit_SFX_CHANNEL3               _snd_manager
     00000BA7  _devkit_SFX_CHANNELS2AND3          _snd_manager
     00000BAA  _engine_asm_manager_clear_VRAM     asm_manager
     00000BC0  _engine_content_manager_load_til   content_manager
     00000BEA  _engine_content_manager_load_spr   content_manager
     00000C00  _engine_content_manager_load_spl   content_manager
     00000C23  _engine_enemy_manager_load         enemy_manager
     00000C70  _engine_enemy_manager_draw         enemy_manager
     00000D48  _engine_font_manager_draw_char     font_manager
     00000D6F  _engine_font_manager_draw_text     font_manager
     00000DB4  _engine_font_manager_draw_data     font_manager
     00000E5F  _engine_font_manager_draw_data_Z   font_manager
     00000EE6  _engine_gamer_manager_init         gamer_manager
     00000EEC  _engine_gamer_manager_load         gamer_manager
     00000F13  _engine_gamer_manager_toggle_col   gamer_manager
     00000F14  _engine_gamer_manager_toggle_fra   gamer_manager
     00000F15  _engine_gamer_manager_move         gamer_manager
     00000F16  _engine_gamer_manager_update       gamer_manager
     00000F17  _engine_gamer_manager_draw         gamer_manager
     00000F56  _engine_hack_manager_init          hack_manager
     00000FAB  _engine_hack_manager_invert        hack_manager
     00000FD4  _engine_input_manager_update       input_manager
     00000FE1  _engine_input_manager_hold_up      input_manager
     00000FEA  _engine_input_manager_hold_down    input_manager
     00000FF3  _engine_input_manager_hold_left    input_manager
     00000FFC  _engine_input_manager_hold_right   input_manager
     00001005  _engine_input_manager_hold_fire1   input_manager
     0000100E  _engine_input_manager_hold_fire2   input_manager
     00001017  _engine_input_manager_move_up      input_manager
     00001020  _engine_input_manager_move_down    input_manager
     00001029  _engine_input_manager_move_left    input_manager
ASxxxx Linker V03.00 + NoICE + sdld,  page 5.
Hexadecimal  [32-Bits]

Area                                    Addr        Size        Decimal Bytes (Attributes)
--------------------------------        ----        ----        ------- ----- ------------
_CODE                               00000200    00003A1C =       14876. bytes (REL,CON)

      Value  Global                              Global Defined In Module
      -----  --------------------------------   ------------------------
     00001032  _engine_input_manager_move_right   input_manager
     0000103B  _engine_input_manager_move_fire1   input_manager
     00001044  _engine_input_manager_move_fire2   input_manager
     000010A5  _engine_path_manager_init          path_manager
     00001966  _engine_screen_manager_init        screen_manager
     000019B0  _engine_screen_manager_update      screen_manager
     000019F3  _engine_music_manager_play         sound_manager
     000019FC  _engine_sound_manager_play         sound_manager
     00001A46  _engine_sprite_manager_draw        sprite_manager
     00001AAB  _engine_text_manager_draw          text_manager
     00001BE1  _engine_text_manager_names         text_manager
     00001C27  _engine_text_manager_space         text_manager
     00001C5E  _engine_tree_manager_draw          tree_manager
     00001D51  _screen_none_screen_load           none_screen
     00001D52  _screen_none_screen_update         none_screen
     00001D59  _screen_start_screen_load          start_screen
     00001D6B  _screen_start_screen_update        start_screen
     00001DA0  _screen_title_screen_load          title_screen
     00001DB5  _screen_title_screen_update        title_screen
     00001DBC  _screen_ready_screen_load          ready_screen
     00001DC5  _screen_ready_screen_update        ready_screen
     00001DF0  _screen_play_screen_load           play_screen
     00001DFC  _screen_play_screen_update         play_screen
     00001E13  _font_tiles__palette__bin          gfx
     00001E23  _font_tiles__tilemap__bin          gfx
     00001EA3  _font_tiles__tiles__psgcompr       gfx
     0000213A  _splash__palette__bin              gfx
     0000214A  _splash__tilemap__stmcompr         gfx
     00002191  _splash__tiles__psgcompr           gfx
     000029BA  _sprites__palette__bin             gfx
     000029CA  _sprites__tiles__psgcompr          gfx
     00002D80  _tree_avoid__palette__bin          gfx
     00002D90  _tree_avoid__tilemap__bin          gfx
     00002D98  _tree_avoid__tiles__psgcompr       gfx
     00002DEA  _music_psg                         psg
     0000340F  _sound1_psg                        psg
     0000343A  _sound2_psg                        psg
     0000345A  _sound3_psg                        psg
     0000347D  __divuint                          
     00003485  __divuchar                         
     0000348C  __divu8                            
     0000348F  __divu16                           
     000034BE  _UNSAFE_SMS_copySpritestoSAT       SMSlib_UNSAFE
     000034D6  _UNSAFE_SMS_VRAMmemcpy32           SMSlib_UNSAFE
     000034F3  _UNSAFE_SMS_VRAMmemcpy64           SMSlib_UNSAFE
     00003510  _UNSAFE_SMS_VRAMmemcpy128          SMSlib_UNSAFE
     0000352D  _SMS_init                          SMSlib
     00003581  _VDPReg_init                       SMSlib
     0000358C  _SMS_VDPType                       SMSlib
     00003594  _SMS_VDPturnOnFeature              SMSlib
     000035AB  _SMS_VDPturnOffFeature             SMSlib
ASxxxx Linker V03.00 + NoICE + sdld,  page 6.
Hexadecimal  [32-Bits]

Area                                    Addr        Size        Decimal Bytes (Attributes)
--------------------------------        ----        ----        ------- ----- ------------
_CODE                               00000200    00003A1C =       14876. bytes (REL,CON)

      Value  Global                              Global Defined In Module
      -----  --------------------------------   ------------------------
     000035C4  _SMS_setBGScrollX                  SMSlib
     000035CE  _SMS_setBGScrollY                  SMSlib
     000035D8  _SMS_setBackdropColor              SMSlib
     000035E2  _SMS_useFirstHalfTilesforSprites   SMSlib
     000035F6  _SMS_setSpriteMode                 SMSlib
     0000363B  _SMS_setBGPaletteColor             SMSlib
     0000364F  _SMS_setSpritePaletteColor         SMSlib
     00003663  _SMS_loadBGPalette                 SMSlib
     00003677  _SMS_loadSpritePalette             SMSlib
     0000368B  _SMS_setColor                      SMSlib
     0000368F  _SMS_initSprites                   SMSlib
     00003695  _SMS_addSprite                     SMSlib
     000036EA  _SMS_finalizeSprites               SMSlib
     000036FC  _SMS_copySpritestoSAT              SMSlib
     00003725  _SMS_waitForVBlank                 SMSlib
     00003732  _SMS_getKeysStatus                 SMSlib
     00003736  _SMS_getKeysPressed                SMSlib
     00003753  _SMS_getKeysHeld                   SMSlib
     0000376A  _SMS_getKeysReleased               SMSlib
     00003787  _SMS_queryPauseRequested           SMSlib
     0000378F  _SMS_resetPauseRequest             SMSlib
     00003795  _SMS_setLineInterruptHandler       SMSlib
     000037A6  _SMS_setLineCounter                SMSlib
     000037B5  _SMS_getVCount                     SMSlib
     000037B9  _SMS_getHCount                     SMSlib
     000037BD  _SMS_isr                           SMSlib
     000037F3  _SMS_nmi_isr                       SMSlib
     00003806  _rand                              rand
     000038C2  _srand                             rand
     000038E0  _SMS_loadSTMcompressedTileMapAre   SMSlib_STMcomp
     00003AC1  ___sdcc_call_hl                    
     00003AC2  _SMS_loadPSGaidencompressedTiles   SMSlib_PSGaiden
     00003BA4  __modschar                         
     00003BB1  __modsint                          
     00003BBD  __moduchar                         
     00003BC9  __moduint                          
     00003BD4  __divsint                          
     00003BDD  __divschar                         
     00003BE4  __div8                             
     00003BE8  __div_signexte                     
     00003BEC  __div16                            
     00003C12  __get_remainder                    

ASxxxx Linker V03.00 + NoICE + sdld,  page 7.
Hexadecimal  [32-Bits]

Area                                    Addr        Size        Decimal Bytes (Attributes)
--------------------------------        ----        ----        ------- ----- ------------
_HEADER0                            00000000    00000006 =           6. bytes (ABS,CON)

      Value  Global                              Global Defined In Module
      -----  --------------------------------   ------------------------
     00000006  _SMS_crt0_RST08                    crt0

ASxxxx Linker V03.00 + NoICE + sdld,  page 8.
Hexadecimal  [32-Bits]

Area                                    Addr        Size        Decimal Bytes (Attributes)
--------------------------------        ----        ----        ------- ----- ------------
_HEADER1                            00000000    00000009 =           9. bytes (ABS,CON)

      Value  Global                              Global Defined In Module
      -----  --------------------------------   ------------------------
     00000011  _SMS_crt0_RST18                    crt0

ASxxxx Linker V03.00 + NoICE + sdld,  page 9.
Hexadecimal  [32-Bits]

Area                                    Addr        Size        Decimal Bytes (Attributes)
--------------------------------        ----        ----        ------- ----- ------------
_HEADER2                            00000000    0000000A =          10. bytes (ABS,CON)

      Value  Global                              Global Defined In Module
      -----  --------------------------------   ------------------------
ASxxxx Linker V03.00 + NoICE + sdld,  page 10.
Hexadecimal  [32-Bits]

Area                                    Addr        Size        Decimal Bytes (Attributes)
--------------------------------        ----        ----        ------- ----- ------------
_HEADER3                            00000000    00000003 =           3. bytes (ABS,CON)

      Value  Global                              Global Defined In Module
      -----  --------------------------------   ------------------------
ASxxxx Linker V03.00 + NoICE + sdld,  page 11.
Hexadecimal  [32-Bits]

Area                                    Addr        Size        Decimal Bytes (Attributes)
--------------------------------        ----        ----        ------- ----- ------------
_HEADER4                            00000000    00000003 =           3. bytes (ABS,CON)

      Value  Global                              Global Defined In Module
      -----  --------------------------------   ------------------------
ASxxxx Linker V03.00 + NoICE + sdld,  page 12.
Hexadecimal  [32-Bits]

Area                                    Addr        Size        Decimal Bytes (Attributes)
--------------------------------        ----        ----        ------- ----- ------------
_HEADER5                            00000000    0000012A =         298. bytes (ABS,CON)

      Value  Global                              Global Defined In Module
      -----  --------------------------------   ------------------------
     00000099  _OUTI128                           crt0
     00000119  _OUTI64                            crt0
     00000159  _OUTI32                            crt0
     00000199  _outi_block                        crt0

ASxxxx Linker V03.00 + NoICE + sdld,  page 13.
Hexadecimal  [32-Bits]

Area                                    Addr        Size        Decimal Bytes (Attributes)
--------------------------------        ----        ----        ------- ----- ------------
_INITIALIZER                        00003C1C    0000000C =          12. bytes (REL,CON)

      Value  Global                              Global Defined In Module
      -----  --------------------------------   ------------------------
ASxxxx Linker V03.00 + NoICE + sdld,  page 14.
Hexadecimal  [32-Bits]

Area                                    Addr        Size        Decimal Bytes (Attributes)
--------------------------------        ----        ----        ------- ----- ------------
_GSINIT                             00003C28    0000000F =          15. bytes (REL,CON)

      Value  Global                              Global Defined In Module
      -----  --------------------------------   ------------------------
     00003C28  gsinit                             crt0

ASxxxx Linker V03.00 + NoICE + sdld,  page 15.
Hexadecimal  [32-Bits]

Area                                    Addr        Size        Decimal Bytes (Attributes)
--------------------------------        ----        ----        ------- ----- ------------
_GSFINAL                            00003C37    00000001 =           1. bytes (REL,CON)

      Value  Global                              Global Defined In Module
      -----  --------------------------------   ------------------------
ASxxxx Linker V03.00 + NoICE + sdld,  page 16.
Hexadecimal  [32-Bits]

Area                                    Addr        Size        Decimal Bytes (Attributes)
--------------------------------        ----        ----        ------- ----- ------------
_DATA                               0000C000    00000317 =         791. bytes (REL,CON)

      Value  Global                              Global Defined In Module
      -----  --------------------------------   ------------------------
     0000C001  _PSGMusicStatus                    PSGlib
     0000C002  _PSGMusicStart                     PSGlib
     0000C004  _PSGMusicPointer                   PSGlib
     0000C006  _PSGMusicLoopPoint                 PSGlib
     0000C008  _PSGMusicSkipFrames                PSGlib
     0000C009  _PSGLoopFlag                       PSGlib
     0000C00A  _PSGMusicLastLatch                 PSGlib
     0000C00B  _PSGMusicVolumeAttenuation         PSGlib
     0000C00C  _PSGMusicSubstringLen              PSGlib
     0000C00D  _PSGMusicSubstringRetAddr          PSGlib
     0000C00F  _PSGChan0Volume                    PSGlib
     0000C010  _PSGChan1Volume                    PSGlib
     0000C011  _PSGChan2Volume                    PSGlib
     0000C012  _PSGChan3Volume                    PSGlib
     0000C013  _PSGChan2LowTone                   PSGlib
     0000C014  _PSGChan2HighTone                  PSGlib
     0000C015  _PSGChan3LowTone                   PSGlib
     0000C016  _PSGChannel2SFX                    PSGlib
     0000C017  _PSGChannel3SFX                    PSGlib
     0000C018  _PSGSFXChan2Volume                 PSGlib
     0000C019  _PSGSFXChan3Volume                 PSGlib
     0000C01A  _PSGSFXStatus                      PSGlib
     0000C01B  _PSGSFXStart                       PSGlib
     0000C01D  _PSGSFXPointer                     PSGlib
     0000C01F  _PSGSFXLoopPoint                   PSGlib
     0000C021  _PSGSFXSkipFrames                  PSGlib
     0000C022  _PSGSFXLoopFlag                    PSGlib
     0000C023  _PSGSFXSubstringLen                PSGlib
     0000C024  _PSGSFXSubstringRetAddr            PSGlib
     0000C026  _global_enemy_objects              enemy_manager
     0000C044  _global_gamer_object               gamer_manager
     0000C04D  _global_hack_object                hack_manager
     0000C055  _global_path_object                path_manager
     0000C22C  _VDPBlank                          SMSlib
     0000C22D  _SMS_VDPFlags                      SMSlib
     0000C22E  _PauseRequested                    SMSlib
     0000C22F  _VDPType                           SMSlib
     0000C230  _KeysStatus                        SMSlib
     0000C232  _PreviousKeysStatus                SMSlib
     0000C234  _SpriteTableY                      SMSlib
     0000C274  _SpriteTableXN                     SMSlib
     0000C2F4  _SpriteNextFree                    SMSlib
     0000C2F5  _SMS_theLineInterruptHandler       SMSlib
     0000C2F7  _decompBuffer                      SMSlib_PSGaiden

ASxxxx Linker V03.00 + NoICE + sdld,  page 17.
Hexadecimal  [32-Bits]

Area                                    Addr        Size        Decimal Bytes (Attributes)
--------------------------------        ----        ----        ------- ----- ------------
_INITIALIZED                        0000C317    0000000C =          12. bytes (REL,CON)

      Value  Global                              Global Defined In Module
      -----  --------------------------------   ------------------------
     0000C31B  _VDPReg                            SMSlib
     0000C31D  _spritesHeight                     SMSlib
     0000C31E  _spritesWidth                      SMSlib
ASxxxx Linker V03.00 + NoICE + sdld,  page 18.
Hexadecimal  [32-Bits]

Area                                    Addr        Size        Decimal Bytes (Attributes)
--------------------------------        ----        ----        ------- ----- ------------
_CABS0                              00000000    00000010 =          16. bytes (ABS,CON)

      Value  Global                              Global Defined In Module
      -----  --------------------------------   ------------------------
     00007FF0  ___SMS__SEGA_signature             _sms_manager

ASxxxx Linker V03.00 + NoICE + sdld,  page 19.
Hexadecimal  [32-Bits]

Area                                    Addr        Size        Decimal Bytes (Attributes)
--------------------------------        ----        ----        ------- ----- ------------
_CABS1                              00000000    0000000E =          14. bytes (ABS,CON)

      Value  Global                              Global Defined In Module
      -----  --------------------------------   ------------------------
     00007FD2  ___SMS__SDSC_author                _sms_manager

ASxxxx Linker V03.00 + NoICE + sdld,  page 20.
Hexadecimal  [32-Bits]

Area                                    Addr        Size        Decimal Bytes (Attributes)
--------------------------------        ----        ----        ------- ----- ------------
_CABS2                              00000000    0000000F =          15. bytes (ABS,CON)

      Value  Global                              Global Defined In Module
      -----  --------------------------------   ------------------------
     00007FC3  ___SMS__SDSC_name                  _sms_manager

ASxxxx Linker V03.00 + NoICE + sdld,  page 21.
Hexadecimal  [32-Bits]

Area                                    Addr        Size        Decimal Bytes (Attributes)
--------------------------------        ----        ----        ------- ----- ------------
_CABS3                              00000000    00000028 =          40. bytes (ABS,CON)

      Value  Global                              Global Defined In Module
      -----  --------------------------------   ------------------------
     00007F9B  ___SMS__SDSC_descr                 _sms_manager

ASxxxx Linker V03.00 + NoICE + sdld,  page 22.
Hexadecimal  [32-Bits]

Area                                    Addr        Size        Decimal Bytes (Attributes)
--------------------------------        ----        ----        ------- ----- ------------
_CABS4                              00000000    00000010 =          16. bytes (ABS,CON)

      Value  Global                              Global Defined In Module
      -----  --------------------------------   ------------------------
     00007FE0  ___SMS__SDSC_signature             _sms_manager

ASxxxx Linker V03.00 + NoICE + sdld,  page 23.

Files Linked                              [ module(s) ]

..\crt0\crt0_sms.rel                      [ crt0 ]
main.rel                                  [ main ]
..\lib\PSGlib.rel                         [ PSGlib ]
devkit\_sms_manager.rel                   [ _sms_manager ]
devkit\_snd_manager.rel                   [ _snd_manager ]
engine\asm_manager.rel                    [ asm_manager ]
engine\content_manager.rel                [ content_manager ]
engine\enemy_manager.rel                  [ enemy_manager ]
engine\font_manager.rel                   [ font_manager ]
engine\gamer_manager.rel                  [ gamer_manager ]
engine\hack_manager.rel                   [ hack_manager ]
engine\input_manager.rel                  [ input_manager ]
engine\path_manager.rel                   [ path_manager ]
engine\screen_manager.rel                 [ screen_manager ]
engine\sound_manager.rel                  [ sound_manager ]
engine\sprite_manager.rel                 [ sprite_manager ]
engine\text_manager.rel                   [ text_manager ]
engine\tree_manager.rel                   [ tree_manager ]
screen\none_screen.rel                    [ none_screen ]
screen\start_screen.rel                   [ start_screen ]
screen\title_screen.rel                   [ title_screen ]
screen\ready_screen.rel                   [ ready_screen ]
screen\play_screen.rel                    [ play_screen ]
gfx.rel                                   [ gfx ]
psg.rel                                   [ psg ]


Libraries Linked                          [ object file ]

C:\Program Files\SDCC\bin\..\lib\z80/z80.lib
                                          [ divunsigned.rel ]
..\lib\SMSlib.lib                         [ SMSlib_UNSAFE.rel ]
..\lib\SMSlib.lib                         [ SMSlib.rel ]
C:\Program Files\SDCC\bin\..\lib\z80/z80.lib
                                          [ rand.rel ]
..\lib\SMSlib.lib                         [ SMSlib_STMcomp.rel ]
C:\Program Files\SDCC\bin\..\lib\z80/z80.lib
                                          [ __sdcc_call_hl.rel ]
..\lib\SMSlib.lib                         [ SMSlib_PSGaiden.rel ]
C:\Program Files\SDCC\bin\..\lib\z80/z80.lib
                                          [ modsigned.rel ]
C:\Program Files\SDCC\bin\..\lib\z80/z80.lib
                                          [ modunsigned.rel ]
C:\Program Files\SDCC\bin\..\lib\z80/z80.lib
                                          [ divsigned.rel ]

ASxxxx Linker V03.00 + NoICE + sdld,  page 24.

User Base Address Definitions

_CODE = 0x0200
_DATA = 0xc000

