ASxxxx Linker V03.00 + NoICE + sdld,  page 1.
Hexadecimal  [32-Bits]

Area                                    Addr        Size        Decimal Bytes (Attributes)
--------------------------------        ----        ----        ------- ----- ------------
.  .ABS.                            00000000    00000000 =           0. bytes (ABS,CON)

      Value  Global                              Global Defined In Module
      -----  --------------------------------   ------------------------
     00000000  .__.ABS.                           
     00000000  l__BSEG                         
     00000000  l__BSS                          
     00000000  l__CABS                         
     00000000  l__DABS                         
     00000000  l__HEADER                       
     00000000  l__HEAP                         
     00000000  l__HOME                         
     00000000  s__CABS                         
     00000000  s__CABS0                        
     00000000  s__CABS1                        
     00000000  s__CABS2                        
     00000000  s__CABS3                        
     00000000  s__CABS4                        
     00000000  s__DABS                         
     00000000  s__HEADER                       
     00000000  s__HEADER0                      
     00000000  s__HEADER1                      
     00000000  s__HEADER2                      
     00000000  s__HEADER3                      
     00000000  s__HEADER4                      
     00000000  s__HEADER5                      
     00000001  l__GSFINAL                      
     00000003  l__HEADER3                      
     00000003  l__HEADER4                      
     00000006  l__HEADER0                      
     00000008  l__INITIALIZED                  
     00000008  l__INITIALIZER                  
     00000009  l__HEADER1                      
     0000000A  l__HEADER2                      
     0000000E  l__CABS1                        
     0000000F  l__CABS2                        
     0000000F  l__GSINIT                       
     00000010  l__CABS0                        
     00000010  l__CABS4                        
     00000028  l__CABS3                        
     00000111  l__DATA                         
     0000012A  l__HEADER5                      
     00000200  s__CODE                         
     000025D0  l__CODE                         
     000027D0  s__HOME                         
     000027D0  s__INITIALIZER                  
     000027D8  s__GSINIT                       
     000027E7  s__GSFINAL                      
     00008000  _SMS_SRAM                          SMSlib_PSGaiden
     0000C000  s__DATA                         
     0000C111  s__INITIALIZED                  
     0000C119  s__BSEG                         
     0000C119  s__BSS                          
     0000C119  s__HEAP                         
ASxxxx Linker V03.00 + NoICE + sdld,  page 2.
Hexadecimal  [32-Bits]

Area                                    Addr        Size        Decimal Bytes (Attributes)
--------------------------------        ----        ----        ------- ----- ------------
.  .ABS.                            00000000    00000000 =           0. bytes (ABS,CON)

      Value  Global                              Global Defined In Module
      -----  --------------------------------   ------------------------
     0000FFFC  _SRAM_bank_to_be_mapped_on_slot2   SMSlib_PSGaiden
     0000FFFF  _ROM_bank_to_be_mapped_on_slot2    SMSlib_PSGaiden

ASxxxx Linker V03.00 + NoICE + sdld,  page 3.
Hexadecimal  [32-Bits]

Area                                    Addr        Size        Decimal Bytes (Attributes)
--------------------------------        ----        ----        ------- ----- ------------
_CODE                               00000200    000025D0 =        9680. bytes (REL,CON)

      Value  Global                              Global Defined In Module
      -----  --------------------------------   ------------------------
     00000200  __clock                            crt0
     00000204  _exit                              crt0
     0000020A  _main                              main
     00000239  _PSGStop                           PSGlib
     00000260  _PSGResume                         PSGlib
     000002AC  _PSGPlay                           PSGlib
     000002D9  _PSGCancelLoop                     PSGlib
     000002DF  _PSGPlayNoRepeat                   PSGlib
     000002EE  _PSGGetStatus                      PSGlib
     000002F6  _PSGSilenceChannels                PSGlib
     00000307  _PSGRestoreVolumes                 PSGlib
     000003D8  _PSGSetMusicVolumeAttenuation      PSGlib
     0000049D  _PSGSFXStop                        PSGlib
     00000556  _PSGSFXPlay                        PSGlib
     000005A3  _PSGSFXCancelLoop                  PSGlib
     000005A9  _PSGSFXGetStatus                   PSGlib
     000005B1  _PSGSFXPlayLoop                    PSGlib
     000005CB  _PSGFrame                          PSGlib
     000006E4  _PSGSFXFrame                       PSGlib
     0000076A  _devkit_SMS_init                   _sms_manager
     0000076D  _devkit_SMS_displayOn              _sms_manager
     00000773  _devkit_SMS_displayOff             _sms_manager
     00000779  _devkit_SMS_mapROMBank             _sms_manager
     00000782  _devkit_SMS_setSpriteMode          _sms_manager
     0000078E  _devkit_SMS_useFirstHalfTilesfor   _sms_manager
     00000793  _devkit_SMS_useFirstHalfTilesfor   _sms_manager
     00000798  _devkit_SMS_VDPturnOnFeature       _sms_manager
     0000079F  _devkit_SMS_loadPSGaidencompress   _sms_manager
     000007B5  _devkit_SMS_loadSTMcompressedTil   _sms_manager
     000007D6  _devkit_SMS_loadBGPalette          _sms_manager
     000007DD  _devkit_SMS_loadSpritePalette      _sms_manager
     000007E4  _devkit_SMS_setSpritePaletteColo   _sms_manager
     0000080C  _devkit_SMS_setNextTileatXY        _sms_manager
     00000835  _devkit_SMS_setTile                _sms_manager
     00000843  _devkit_SMS_addSprite              _sms_manager
     0000085E  _devkit_SMS_addSprite_bulk8        _sms_manager
     00000919  _devkit_SMS_addSprite_bulk12       _sms_manager
     00000A26  _devkit_SMS_initSprites            _sms_manager
     00000A29  _devkit_SMS_finalizeSprites        _sms_manager
     00000A2C  _devkit_SMS_waitForVBlank          _sms_manager
     00000A2F  _devkit_SMS_copySpritestoSAT       _sms_manager
     00000A32  _devkit_UNSAFE_SMS_copySpritesto   _sms_manager
     00000A35  _devkit_SMS_queryPauseRequested    _sms_manager
     00000A38  _devkit_SMS_resetPauseRequest      _sms_manager
     00000A3B  _devkit_SMS_getKeysStatus          _sms_manager
     00000A3E  _devkit_PORT_A_KEY_UP              _sms_manager
     00000A42  _devkit_PORT_A_KEY_DOWN            _sms_manager
     00000A46  _devkit_PORT_A_KEY_LEFT            _sms_manager
     00000A4A  _devkit_PORT_A_KEY_RIGHT           _sms_manager
     00000A4E  _devkit_PORT_A_KEY_1               _sms_manager
ASxxxx Linker V03.00 + NoICE + sdld,  page 4.
Hexadecimal  [32-Bits]

Area                                    Addr        Size        Decimal Bytes (Attributes)
--------------------------------        ----        ----        ------- ----- ------------
_CODE                               00000200    000025D0 =        9680. bytes (REL,CON)

      Value  Global                              Global Defined In Module
      -----  --------------------------------   ------------------------
     00000A52  _devkit_PORT_A_KEY_2               _sms_manager
     00000A56  _devkit_SPRITEMODE_NORMAL          _sms_manager
     00000A59  _devkit_VDPFEATURE_HIDEFIRSTCOL    _sms_manager
     00000AA2  _devkit_PSGPlay                    _snd_manager
     00000AAC  _devkit_PSGCancelLoop              _snd_manager
     00000AAF  _devkit_PSGPlayNoRepeat            _snd_manager
     00000AB9  _devkit_PSGStop                    _snd_manager
     00000ABC  _devkit_PSGResume                  _snd_manager
     00000ABF  _devkit_PSGGetStatus               _snd_manager
     00000AC2  _devkit_PSGSetMusicVolumeAttenua   _snd_manager
     00000ACE  _devkit_PSGSFXPlay                 _snd_manager
     00000AE3  _devkit_PSGSFXPlayLoop             _snd_manager
     00000AF8  _devkit_PSGSFXCancelLoop           _snd_manager
     00000AFB  _devkit_PSGSFXStop                 _snd_manager
     00000AFE  _devkit_PSGSFXGetStatus            _snd_manager
     00000B01  _devkit_PSGSilenceChannels         _snd_manager
     00000B04  _devkit_PSGRestoreVolumes          _snd_manager
     00000B07  _devkit_PSGFrame                   _snd_manager
     00000B0A  _devkit_PSGSFXFrame                _snd_manager
     00000B0D  _devkit_SFX_CHANNEL2               _snd_manager
     00000B10  _devkit_SFX_CHANNEL3               _snd_manager
     00000B13  _devkit_SFX_CHANNELS2AND3          _snd_manager
     00000B16  _engine_asm_manager_clear_VRAM     asm_manager
     00000B2C  _engine_content_manager_load_til   content_manager
     00000B56  _engine_content_manager_load_spr   content_manager
     00000B6C  _engine_font_manager_draw_char     font_manager
     00000B93  _engine_font_manager_draw_text     font_manager
     00000BD8  _engine_font_manager_draw_data     font_manager
     00000C83  _engine_font_manager_draw_data_Z   font_manager
     00000D0A  _engine_input_manager_update       input_manager
     00000D17  _engine_input_manager_hold_up      input_manager
     00000D20  _engine_input_manager_hold_down    input_manager
     00000D29  _engine_input_manager_hold_left    input_manager
     00000D32  _engine_input_manager_hold_right   input_manager
     00000D3B  _engine_input_manager_hold_fire1   input_manager
     00000D44  _engine_input_manager_hold_fire2   input_manager
     00000D4D  _engine_input_manager_move_up      input_manager
     00000D56  _engine_input_manager_move_down    input_manager
     00000D5F  _engine_input_manager_move_left    input_manager
     00000D68  _engine_input_manager_move_right   input_manager
     00000D71  _engine_input_manager_move_fire1   input_manager
     00000D7A  _engine_input_manager_move_fire2   input_manager
     00000DCD  _engine_screen_manager_init        screen_manager
     00000DCE  _engine_screen_manager_update      screen_manager
     00000DCF  _engine_tile_manager_draw          tile_manager
     00000E79  _font_tiles__palette__bin          gfx
     00000E89  _font_tiles__tilemap__bin          gfx
     00000F09  _font_tiles__tiles__psgcompr       gfx
     000011A0  _splash__palette__bin              gfx
     000011B0  _splash__tilemap__stmcompr         gfx
     000011F8  _splash__tiles__psgcompr           gfx
ASxxxx Linker V03.00 + NoICE + sdld,  page 5.
Hexadecimal  [32-Bits]

Area                                    Addr        Size        Decimal Bytes (Attributes)
--------------------------------        ----        ----        ------- ----- ------------
_CODE                               00000200    000025D0 =        9680. bytes (REL,CON)

      Value  Global                              Global Defined In Module
      -----  --------------------------------   ------------------------
     00001A21  _sprites__palette__bin             gfx
     00001A31  _sprites__tiles__psgcompr          gfx
     00001A6F  _tree_avoid__palette__bin          gfx
     00001A7F  _tree_avoid__tilemap__bin          gfx
     00001A87  _tree_avoid__tiles__psgcompr       gfx
     00001AD9  _music_psg                         psg
     000020FE  _sound1_psg                        psg
     00002129  _sound2_psg                        psg
     00002149  _sound3_psg                        psg
     0000216C  __divuint                          
     00002174  __divuchar                         
     0000217B  __divu8                            
     0000217E  __divu16                           
     000021AD  _UNSAFE_SMS_copySpritestoSAT       SMSlib_UNSAFE
     000021C5  _UNSAFE_SMS_VRAMmemcpy32           SMSlib_UNSAFE
     000021E2  _UNSAFE_SMS_VRAMmemcpy64           SMSlib_UNSAFE
     000021FF  _UNSAFE_SMS_VRAMmemcpy128          SMSlib_UNSAFE
     0000221C  _SMS_init                          SMSlib
     00002270  _VDPReg_init                       SMSlib
     0000227B  _SMS_VDPType                       SMSlib
     00002283  _SMS_VDPturnOnFeature              SMSlib
     0000229A  _SMS_VDPturnOffFeature             SMSlib
     000022B3  _SMS_setBGScrollX                  SMSlib
     000022BD  _SMS_setBGScrollY                  SMSlib
     000022C7  _SMS_setBackdropColor              SMSlib
     000022D1  _SMS_useFirstHalfTilesforSprites   SMSlib
     000022E5  _SMS_setSpriteMode                 SMSlib
     0000232A  _SMS_setBGPaletteColor             SMSlib
     0000233E  _SMS_setSpritePaletteColor         SMSlib
     00002352  _SMS_loadBGPalette                 SMSlib
     00002366  _SMS_loadSpritePalette             SMSlib
     0000237A  _SMS_setColor                      SMSlib
     0000237E  _SMS_initSprites                   SMSlib
     00002384  _SMS_addSprite                     SMSlib
     000023D9  _SMS_finalizeSprites               SMSlib
     000023EB  _SMS_copySpritestoSAT              SMSlib
     00002414  _SMS_waitForVBlank                 SMSlib
     00002421  _SMS_getKeysStatus                 SMSlib
     00002425  _SMS_getKeysPressed                SMSlib
     00002442  _SMS_getKeysHeld                   SMSlib
     00002459  _SMS_getKeysReleased               SMSlib
     00002476  _SMS_queryPauseRequested           SMSlib
     0000247E  _SMS_resetPauseRequest             SMSlib
     00002484  _SMS_setLineInterruptHandler       SMSlib
     00002495  _SMS_setLineCounter                SMSlib
     000024A4  _SMS_getVCount                     SMSlib
     000024A8  _SMS_getHCount                     SMSlib
     000024AC  _SMS_isr                           SMSlib
     000024E2  _SMS_nmi_isr                       SMSlib
     000024F5  _SMS_loadSTMcompressedTileMapAre   SMSlib_STMcomp
     000026D6  ___sdcc_call_hl                    
ASxxxx Linker V03.00 + NoICE + sdld,  page 6.
Hexadecimal  [32-Bits]

Area                                    Addr        Size        Decimal Bytes (Attributes)
--------------------------------        ----        ----        ------- ----- ------------
_CODE                               00000200    000025D0 =        9680. bytes (REL,CON)

      Value  Global                              Global Defined In Module
      -----  --------------------------------   ------------------------
     000026D7  _SMS_loadPSGaidencompressedTiles   SMSlib_PSGaiden
     000027B9  __moduchar                         
     000027C5  __moduint                          

ASxxxx Linker V03.00 + NoICE + sdld,  page 7.
Hexadecimal  [32-Bits]

Area                                    Addr        Size        Decimal Bytes (Attributes)
--------------------------------        ----        ----        ------- ----- ------------
_HEADER0                            00000000    00000006 =           6. bytes (ABS,CON)

      Value  Global                              Global Defined In Module
      -----  --------------------------------   ------------------------
     00000006  _SMS_crt0_RST08                    crt0

ASxxxx Linker V03.00 + NoICE + sdld,  page 8.
Hexadecimal  [32-Bits]

Area                                    Addr        Size        Decimal Bytes (Attributes)
--------------------------------        ----        ----        ------- ----- ------------
_HEADER1                            00000000    00000009 =           9. bytes (ABS,CON)

      Value  Global                              Global Defined In Module
      -----  --------------------------------   ------------------------
     00000011  _SMS_crt0_RST18                    crt0

ASxxxx Linker V03.00 + NoICE + sdld,  page 9.
Hexadecimal  [32-Bits]

Area                                    Addr        Size        Decimal Bytes (Attributes)
--------------------------------        ----        ----        ------- ----- ------------
_HEADER2                            00000000    0000000A =          10. bytes (ABS,CON)

      Value  Global                              Global Defined In Module
      -----  --------------------------------   ------------------------
ASxxxx Linker V03.00 + NoICE + sdld,  page 10.
Hexadecimal  [32-Bits]

Area                                    Addr        Size        Decimal Bytes (Attributes)
--------------------------------        ----        ----        ------- ----- ------------
_HEADER3                            00000000    00000003 =           3. bytes (ABS,CON)

      Value  Global                              Global Defined In Module
      -----  --------------------------------   ------------------------
ASxxxx Linker V03.00 + NoICE + sdld,  page 11.
Hexadecimal  [32-Bits]

Area                                    Addr        Size        Decimal Bytes (Attributes)
--------------------------------        ----        ----        ------- ----- ------------
_HEADER4                            00000000    00000003 =           3. bytes (ABS,CON)

      Value  Global                              Global Defined In Module
      -----  --------------------------------   ------------------------
ASxxxx Linker V03.00 + NoICE + sdld,  page 12.
Hexadecimal  [32-Bits]

Area                                    Addr        Size        Decimal Bytes (Attributes)
--------------------------------        ----        ----        ------- ----- ------------
_HEADER5                            00000000    0000012A =         298. bytes (ABS,CON)

      Value  Global                              Global Defined In Module
      -----  --------------------------------   ------------------------
     00000099  _OUTI128                           crt0
     00000119  _OUTI64                            crt0
     00000159  _OUTI32                            crt0
     00000199  _outi_block                        crt0

ASxxxx Linker V03.00 + NoICE + sdld,  page 13.
Hexadecimal  [32-Bits]

Area                                    Addr        Size        Decimal Bytes (Attributes)
--------------------------------        ----        ----        ------- ----- ------------
_INITIALIZER                        000027D0    00000008 =           8. bytes (REL,CON)

      Value  Global                              Global Defined In Module
      -----  --------------------------------   ------------------------
ASxxxx Linker V03.00 + NoICE + sdld,  page 14.
Hexadecimal  [32-Bits]

Area                                    Addr        Size        Decimal Bytes (Attributes)
--------------------------------        ----        ----        ------- ----- ------------
_GSINIT                             000027D8    0000000F =          15. bytes (REL,CON)

      Value  Global                              Global Defined In Module
      -----  --------------------------------   ------------------------
     000027D8  gsinit                             crt0

ASxxxx Linker V03.00 + NoICE + sdld,  page 15.
Hexadecimal  [32-Bits]

Area                                    Addr        Size        Decimal Bytes (Attributes)
--------------------------------        ----        ----        ------- ----- ------------
_GSFINAL                            000027E7    00000001 =           1. bytes (REL,CON)

      Value  Global                              Global Defined In Module
      -----  --------------------------------   ------------------------
ASxxxx Linker V03.00 + NoICE + sdld,  page 16.
Hexadecimal  [32-Bits]

Area                                    Addr        Size        Decimal Bytes (Attributes)
--------------------------------        ----        ----        ------- ----- ------------
_DATA                               0000C000    00000111 =         273. bytes (REL,CON)

      Value  Global                              Global Defined In Module
      -----  --------------------------------   ------------------------
     0000C001  _PSGMusicStatus                    PSGlib
     0000C002  _PSGMusicStart                     PSGlib
     0000C004  _PSGMusicPointer                   PSGlib
     0000C006  _PSGMusicLoopPoint                 PSGlib
     0000C008  _PSGMusicSkipFrames                PSGlib
     0000C009  _PSGLoopFlag                       PSGlib
     0000C00A  _PSGMusicLastLatch                 PSGlib
     0000C00B  _PSGMusicVolumeAttenuation         PSGlib
     0000C00C  _PSGMusicSubstringLen              PSGlib
     0000C00D  _PSGMusicSubstringRetAddr          PSGlib
     0000C00F  _PSGChan0Volume                    PSGlib
     0000C010  _PSGChan1Volume                    PSGlib
     0000C011  _PSGChan2Volume                    PSGlib
     0000C012  _PSGChan3Volume                    PSGlib
     0000C013  _PSGChan2LowTone                   PSGlib
     0000C014  _PSGChan2HighTone                  PSGlib
     0000C015  _PSGChan3LowTone                   PSGlib
     0000C016  _PSGChannel2SFX                    PSGlib
     0000C017  _PSGChannel3SFX                    PSGlib
     0000C018  _PSGSFXChan2Volume                 PSGlib
     0000C019  _PSGSFXChan3Volume                 PSGlib
     0000C01A  _PSGSFXStatus                      PSGlib
     0000C01B  _PSGSFXStart                       PSGlib
     0000C01D  _PSGSFXPointer                     PSGlib
     0000C01F  _PSGSFXLoopPoint                   PSGlib
     0000C021  _PSGSFXSkipFrames                  PSGlib
     0000C022  _PSGSFXLoopFlag                    PSGlib
     0000C023  _PSGSFXSubstringLen                PSGlib
     0000C024  _PSGSFXSubstringRetAddr            PSGlib
     0000C026  _VDPBlank                          SMSlib
     0000C027  _SMS_VDPFlags                      SMSlib
     0000C028  _PauseRequested                    SMSlib
     0000C029  _VDPType                           SMSlib
     0000C02A  _KeysStatus                        SMSlib
     0000C02C  _PreviousKeysStatus                SMSlib
     0000C02E  _SpriteTableY                      SMSlib
     0000C06E  _SpriteTableXN                     SMSlib
     0000C0EE  _SpriteNextFree                    SMSlib
     0000C0EF  _SMS_theLineInterruptHandler       SMSlib
     0000C0F1  _decompBuffer                      SMSlib_PSGaiden

ASxxxx Linker V03.00 + NoICE + sdld,  page 17.
Hexadecimal  [32-Bits]

Area                                    Addr        Size        Decimal Bytes (Attributes)
--------------------------------        ----        ----        ------- ----- ------------
_INITIALIZED                        0000C111    00000008 =           8. bytes (REL,CON)

      Value  Global                              Global Defined In Module
      -----  --------------------------------   ------------------------
     0000C115  _VDPReg                            SMSlib
     0000C117  _spritesHeight                     SMSlib
     0000C118  _spritesWidth                      SMSlib
ASxxxx Linker V03.00 + NoICE + sdld,  page 18.
Hexadecimal  [32-Bits]

Area                                    Addr        Size        Decimal Bytes (Attributes)
--------------------------------        ----        ----        ------- ----- ------------
_CABS0                              00000000    00000010 =          16. bytes (ABS,CON)

      Value  Global                              Global Defined In Module
      -----  --------------------------------   ------------------------
     00007FF0  ___SMS__SEGA_signature             _sms_manager

ASxxxx Linker V03.00 + NoICE + sdld,  page 19.
Hexadecimal  [32-Bits]

Area                                    Addr        Size        Decimal Bytes (Attributes)
--------------------------------        ----        ----        ------- ----- ------------
_CABS1                              00000000    0000000E =          14. bytes (ABS,CON)

      Value  Global                              Global Defined In Module
      -----  --------------------------------   ------------------------
     00007FD2  ___SMS__SDSC_author                _sms_manager

ASxxxx Linker V03.00 + NoICE + sdld,  page 20.
Hexadecimal  [32-Bits]

Area                                    Addr        Size        Decimal Bytes (Attributes)
--------------------------------        ----        ----        ------- ----- ------------
_CABS2                              00000000    0000000F =          15. bytes (ABS,CON)

      Value  Global                              Global Defined In Module
      -----  --------------------------------   ------------------------
     00007FC3  ___SMS__SDSC_name                  _sms_manager

ASxxxx Linker V03.00 + NoICE + sdld,  page 21.
Hexadecimal  [32-Bits]

Area                                    Addr        Size        Decimal Bytes (Attributes)
--------------------------------        ----        ----        ------- ----- ------------
_CABS3                              00000000    00000028 =          40. bytes (ABS,CON)

      Value  Global                              Global Defined In Module
      -----  --------------------------------   ------------------------
     00007F9B  ___SMS__SDSC_descr                 _sms_manager

ASxxxx Linker V03.00 + NoICE + sdld,  page 22.
Hexadecimal  [32-Bits]

Area                                    Addr        Size        Decimal Bytes (Attributes)
--------------------------------        ----        ----        ------- ----- ------------
_CABS4                              00000000    00000010 =          16. bytes (ABS,CON)

      Value  Global                              Global Defined In Module
      -----  --------------------------------   ------------------------
     00007FE0  ___SMS__SDSC_signature             _sms_manager

ASxxxx Linker V03.00 + NoICE + sdld,  page 23.

Files Linked                              [ module(s) ]

..\crt0\crt0_sms.rel                      [ crt0 ]
main.rel                                  [ main ]
..\lib\PSGlib.rel                         [ PSGlib ]
devkit\_sms_manager.rel                   [ _sms_manager ]
devkit\_snd_manager.rel                   [ _snd_manager ]
engine\asm_manager.rel                    [ asm_manager ]
engine\content_manager.rel                [ content_manager ]
engine\font_manager.rel                   [ font_manager ]
engine\input_manager.rel                  [ input_manager ]
engine\player_manager.rel                 [ player_manager ]
engine\screen_manager.rel                 [ screen_manager ]
engine\tile_manager.rel                   [ tile_manager ]
gfx.rel                                   [ gfx ]
psg.rel                                   [ psg ]


Libraries Linked                          [ object file ]

C:\Program Files\SDCC\bin\..\lib\z80/z80.lib
                                          [ divunsigned.rel ]
..\lib\SMSlib.lib                         [ SMSlib_UNSAFE.rel ]
..\lib\SMSlib.lib                         [ SMSlib.rel ]
..\lib\SMSlib.lib                         [ SMSlib_STMcomp.rel ]
C:\Program Files\SDCC\bin\..\lib\z80/z80.lib
                                          [ __sdcc_call_hl.rel ]
..\lib\SMSlib.lib                         [ SMSlib_PSGaiden.rel ]
C:\Program Files\SDCC\bin\..\lib\z80/z80.lib
                                          [ modunsigned.rel ]

ASxxxx Linker V03.00 + NoICE + sdld,  page 24.

User Base Address Definitions

_CODE = 0x0200
_DATA = 0xc000

